2025-10-10 16:01:58,272 [Worker-4: Loading available Gradle versions] INFO  o.e.b.c.i.u.g.PublishedGradleVersions - Gradle version information cache is up-to-date. Trying to read.
2025-10-11 08:20:43,293 [Worker-4: Loading available Gradle versions] INFO  o.e.b.c.i.u.g.PublishedGradleVersions - Gradle version information cache is up-to-date. Trying to read.
2025-10-11 08:22:00,788 [Worker-15: Launching mavenrun-30dc30c2-5251-45d7-bb7e-ee964b1cf53c] INFO  o.eclipse.m2e.core.internal.Bundles - getClasspathEntries(Bundle=org.eclipse.m2e.maven.runtime_3.9.900.20240824-1409 [640])
2025-10-11 08:22:00,790 [Worker-15: Launching mavenrun-30dc30c2-5251-45d7-bb7e-ee964b1cf53c] INFO  o.eclipse.m2e.core.internal.Bundles - 	Entry: C:\Users\PHAN ANH TUAN\.p2\pool\plugins\org.eclipse.m2e.maven.runtime_3.9.900.20240824-1409
2025-10-11 08:22:00,791 [Worker-15: Launching mavenrun-30dc30c2-5251-45d7-bb7e-ee964b1cf53c] INFO  o.eclipse.m2e.core.internal.Bundles - 	Entry: C:\Users\PHAN ANH TUAN\.p2\pool\plugins\org.eclipse.m2e.maven.runtime_3.9.900.20240824-1409\jars\aopalliance-1.0.jar
2025-10-11 08:22:00,792 [Worker-15: Launching mavenrun-30dc30c2-5251-45d7-bb7e-ee964b1cf53c] INFO  o.eclipse.m2e.core.internal.Bundles - 	Entry: C:\Users\PHAN ANH TUAN\.p2\pool\plugins\org.eclipse.m2e.maven.runtime_3.9.900.20240824-1409\jars\guice-5.1.0.jar
2025-10-11 08:22:00,792 [Worker-15: Launching mavenrun-30dc30c2-5251-45d7-bb7e-ee964b1cf53c] INFO  o.eclipse.m2e.core.internal.Bundles - 	Entry: C:\Users\PHAN ANH TUAN\.p2\pool\plugins\org.eclipse.m2e.maven.runtime_3.9.900.20240824-1409\jars\httpclient-4.5.14.jar
2025-10-11 08:22:00,792 [Worker-15: Launching mavenrun-30dc30c2-5251-45d7-bb7e-ee964b1cf53c] INFO  o.eclipse.m2e.core.internal.Bundles - 	Entry: C:\Users\PHAN ANH TUAN\.p2\pool\plugins\org.eclipse.m2e.maven.runtime_3.9.900.20240824-1409\jars\httpcore-4.4.16.jar
2025-10-11 08:22:00,792 [Worker-15: Launching mavenrun-30dc30c2-5251-45d7-bb7e-ee964b1cf53c] INFO  o.eclipse.m2e.core.internal.Bundles - 	Entry: C:\Users\PHAN ANH TUAN\.p2\pool\plugins\org.eclipse.m2e.maven.runtime_3.9.900.20240824-1409\jars\jansi-2.4.1.jar
2025-10-11 08:22:00,793 [Worker-15: Launching mavenrun-30dc30c2-5251-45d7-bb7e-ee964b1cf53c] INFO  o.eclipse.m2e.core.internal.Bundles - 	Entry: C:\Users\PHAN ANH TUAN\.p2\pool\plugins\org.eclipse.m2e.maven.runtime_3.9.900.20240824-1409\jars\jcl-over-slf4j-1.7.36.jar
2025-10-11 08:22:00,793 [Worker-15: Launching mavenrun-30dc30c2-5251-45d7-bb7e-ee964b1cf53c] INFO  o.eclipse.m2e.core.internal.Bundles - 	Entry: C:\Users\PHAN ANH TUAN\.p2\pool\plugins\org.eclipse.m2e.maven.runtime_3.9.900.20240824-1409\jars\maven-artifact-3.9.9.jar
2025-10-11 08:22:00,793 [Worker-15: Launching mavenrun-30dc30c2-5251-45d7-bb7e-ee964b1cf53c] INFO  o.eclipse.m2e.core.internal.Bundles - 	Entry: C:\Users\PHAN ANH TUAN\.p2\pool\plugins\org.eclipse.m2e.maven.runtime_3.9.900.20240824-1409\jars\maven-builder-support-3.9.9.jar
2025-10-11 08:22:00,793 [Worker-15: Launching mavenrun-30dc30c2-5251-45d7-bb7e-ee964b1cf53c] INFO  o.eclipse.m2e.core.internal.Bundles - 	Entry: C:\Users\PHAN ANH TUAN\.p2\pool\plugins\org.eclipse.m2e.maven.runtime_3.9.900.20240824-1409\jars\maven-compat-3.9.9.jar
2025-10-11 08:22:00,793 [Worker-15: Launching mavenrun-30dc30c2-5251-45d7-bb7e-ee964b1cf53c] INFO  o.eclipse.m2e.core.internal.Bundles - 	Entry: C:\Users\PHAN ANH TUAN\.p2\pool\plugins\org.eclipse.m2e.maven.runtime_3.9.900.20240824-1409\jars\maven-core-3.9.9.jar
2025-10-11 08:22:00,793 [Worker-15: Launching mavenrun-30dc30c2-5251-45d7-bb7e-ee964b1cf53c] INFO  o.eclipse.m2e.core.internal.Bundles - 	Entry: C:\Users\PHAN ANH TUAN\.p2\pool\plugins\org.eclipse.m2e.maven.runtime_3.9.900.20240824-1409\jars\maven-embedder-3.9.9.jar
2025-10-11 08:22:00,793 [Worker-15: Launching mavenrun-30dc30c2-5251-45d7-bb7e-ee964b1cf53c] INFO  o.eclipse.m2e.core.internal.Bundles - 	Entry: C:\Users\PHAN ANH TUAN\.p2\pool\plugins\org.eclipse.m2e.maven.runtime_3.9.900.20240824-1409\jars\maven-model-3.9.9.jar
2025-10-11 08:22:00,793 [Worker-15: Launching mavenrun-30dc30c2-5251-45d7-bb7e-ee964b1cf53c] INFO  o.eclipse.m2e.core.internal.Bundles - 	Entry: C:\Users\PHAN ANH TUAN\.p2\pool\plugins\org.eclipse.m2e.maven.runtime_3.9.900.20240824-1409\jars\maven-model-builder-3.9.9.jar
2025-10-11 08:22:00,794 [Worker-15: Launching mavenrun-30dc30c2-5251-45d7-bb7e-ee964b1cf53c] INFO  o.eclipse.m2e.core.internal.Bundles - 	Entry: C:\Users\PHAN ANH TUAN\.p2\pool\plugins\org.eclipse.m2e.maven.runtime_3.9.900.20240824-1409\jars\maven-plugin-api-3.9.9.jar
2025-10-11 08:22:00,794 [Worker-15: Launching mavenrun-30dc30c2-5251-45d7-bb7e-ee964b1cf53c] INFO  o.eclipse.m2e.core.internal.Bundles - 	Entry: C:\Users\PHAN ANH TUAN\.p2\pool\plugins\org.eclipse.m2e.maven.runtime_3.9.900.20240824-1409\jars\maven-repository-metadata-3.9.9.jar
2025-10-11 08:22:00,794 [Worker-15: Launching mavenrun-30dc30c2-5251-45d7-bb7e-ee964b1cf53c] INFO  o.eclipse.m2e.core.internal.Bundles - 	Entry: C:\Users\PHAN ANH TUAN\.p2\pool\plugins\org.eclipse.m2e.maven.runtime_3.9.900.20240824-1409\jars\maven-resolver-api-1.9.22.jar
2025-10-11 08:22:00,794 [Worker-15: Launching mavenrun-30dc30c2-5251-45d7-bb7e-ee964b1cf53c] INFO  o.eclipse.m2e.core.internal.Bundles - 	Entry: C:\Users\PHAN ANH TUAN\.p2\pool\plugins\org.eclipse.m2e.maven.runtime_3.9.900.20240824-1409\jars\maven-resolver-connector-basic-1.9.22.jar
2025-10-11 08:22:00,794 [Worker-15: Launching mavenrun-30dc30c2-5251-45d7-bb7e-ee964b1cf53c] INFO  o.eclipse.m2e.core.internal.Bundles - 	Entry: C:\Users\PHAN ANH TUAN\.p2\pool\plugins\org.eclipse.m2e.maven.runtime_3.9.900.20240824-1409\jars\maven-resolver-impl-1.9.22.jar
2025-10-11 08:22:00,794 [Worker-15: Launching mavenrun-30dc30c2-5251-45d7-bb7e-ee964b1cf53c] INFO  o.eclipse.m2e.core.internal.Bundles - 	Entry: C:\Users\PHAN ANH TUAN\.p2\pool\plugins\org.eclipse.m2e.maven.runtime_3.9.900.20240824-1409\jars\maven-resolver-named-locks-1.9.22.jar
2025-10-11 08:22:00,794 [Worker-15: Launching mavenrun-30dc30c2-5251-45d7-bb7e-ee964b1cf53c] INFO  o.eclipse.m2e.core.internal.Bundles - 	Entry: C:\Users\PHAN ANH TUAN\.p2\pool\plugins\org.eclipse.m2e.maven.runtime_3.9.900.20240824-1409\jars\maven-resolver-provider-3.9.9.jar
2025-10-11 08:22:00,794 [Worker-15: Launching mavenrun-30dc30c2-5251-45d7-bb7e-ee964b1cf53c] INFO  o.eclipse.m2e.core.internal.Bundles - 	Entry: C:\Users\PHAN ANH TUAN\.p2\pool\plugins\org.eclipse.m2e.maven.runtime_3.9.900.20240824-1409\jars\maven-resolver-spi-1.9.22.jar
2025-10-11 08:22:00,794 [Worker-15: Launching mavenrun-30dc30c2-5251-45d7-bb7e-ee964b1cf53c] INFO  o.eclipse.m2e.core.internal.Bundles - 	Entry: C:\Users\PHAN ANH TUAN\.p2\pool\plugins\org.eclipse.m2e.maven.runtime_3.9.900.20240824-1409\jars\maven-resolver-transport-file-1.9.22.jar
2025-10-11 08:22:00,794 [Worker-15: Launching mavenrun-30dc30c2-5251-45d7-bb7e-ee964b1cf53c] INFO  o.eclipse.m2e.core.internal.Bundles - 	Entry: C:\Users\PHAN ANH TUAN\.p2\pool\plugins\org.eclipse.m2e.maven.runtime_3.9.900.20240824-1409\jars\maven-resolver-transport-http-1.9.22.jar
2025-10-11 08:22:00,796 [Worker-15: Launching mavenrun-30dc30c2-5251-45d7-bb7e-ee964b1cf53c] INFO  o.eclipse.m2e.core.internal.Bundles - 	Entry: C:\Users\PHAN ANH TUAN\.p2\pool\plugins\org.eclipse.m2e.maven.runtime_3.9.900.20240824-1409\jars\maven-resolver-transport-wagon-1.9.22.jar
2025-10-11 08:22:00,796 [Worker-15: Launching mavenrun-30dc30c2-5251-45d7-bb7e-ee964b1cf53c] INFO  o.eclipse.m2e.core.internal.Bundles - 	Entry: C:\Users\PHAN ANH TUAN\.p2\pool\plugins\org.eclipse.m2e.maven.runtime_3.9.900.20240824-1409\jars\maven-resolver-util-1.9.22.jar
2025-10-11 08:22:00,796 [Worker-15: Launching mavenrun-30dc30c2-5251-45d7-bb7e-ee964b1cf53c] INFO  o.eclipse.m2e.core.internal.Bundles - 	Entry: C:\Users\PHAN ANH TUAN\.p2\pool\plugins\org.eclipse.m2e.maven.runtime_3.9.900.20240824-1409\jars\maven-settings-3.9.9.jar
2025-10-11 08:22:00,796 [Worker-15: Launching mavenrun-30dc30c2-5251-45d7-bb7e-ee964b1cf53c] INFO  o.eclipse.m2e.core.internal.Bundles - 	Entry: C:\Users\PHAN ANH TUAN\.p2\pool\plugins\org.eclipse.m2e.maven.runtime_3.9.900.20240824-1409\jars\maven-settings-builder-3.9.9.jar
2025-10-11 08:22:00,796 [Worker-15: Launching mavenrun-30dc30c2-5251-45d7-bb7e-ee964b1cf53c] INFO  o.eclipse.m2e.core.internal.Bundles - 	Entry: C:\Users\PHAN ANH TUAN\.p2\pool\plugins\org.eclipse.m2e.maven.runtime_3.9.900.20240824-1409\jars\maven-shared-utils-3.4.2.jar
2025-10-11 08:22:00,796 [Worker-15: Launching mavenrun-30dc30c2-5251-45d7-bb7e-ee964b1cf53c] INFO  o.eclipse.m2e.core.internal.Bundles - 	Entry: C:\Users\PHAN ANH TUAN\.p2\pool\plugins\org.eclipse.m2e.maven.runtime_3.9.900.20240824-1409\jars\org.eclipse.sisu.inject-0.9.0.M3.jar
2025-10-11 08:22:00,796 [Worker-15: Launching mavenrun-30dc30c2-5251-45d7-bb7e-ee964b1cf53c] INFO  o.eclipse.m2e.core.internal.Bundles - 	Entry: C:\Users\PHAN ANH TUAN\.p2\pool\plugins\org.eclipse.m2e.maven.runtime_3.9.900.20240824-1409\jars\org.eclipse.sisu.plexus-0.9.0.M3.jar
2025-10-11 08:22:00,796 [Worker-15: Launching mavenrun-30dc30c2-5251-45d7-bb7e-ee964b1cf53c] INFO  o.eclipse.m2e.core.internal.Bundles - 	Entry: C:\Users\PHAN ANH TUAN\.p2\pool\plugins\org.eclipse.m2e.maven.runtime_3.9.900.20240824-1409\jars\plexus-build-api-0.0.7.jar
2025-10-11 08:22:00,796 [Worker-15: Launching mavenrun-30dc30c2-5251-45d7-bb7e-ee964b1cf53c] INFO  o.eclipse.m2e.core.internal.Bundles - 	Entry: C:\Users\PHAN ANH TUAN\.p2\pool\plugins\org.eclipse.m2e.maven.runtime_3.9.900.20240824-1409\jars\plexus-build-api-1.2.0.jar
2025-10-11 08:22:00,797 [Worker-15: Launching mavenrun-30dc30c2-5251-45d7-bb7e-ee964b1cf53c] INFO  o.eclipse.m2e.core.internal.Bundles - 	Entry: C:\Users\PHAN ANH TUAN\.p2\pool\plugins\org.eclipse.m2e.maven.runtime_3.9.900.20240824-1409\jars\plexus-cipher-2.0.jar
2025-10-11 08:22:00,797 [Worker-15: Launching mavenrun-30dc30c2-5251-45d7-bb7e-ee964b1cf53c] INFO  o.eclipse.m2e.core.internal.Bundles - 	Entry: C:\Users\PHAN ANH TUAN\.p2\pool\plugins\org.eclipse.m2e.maven.runtime_3.9.900.20240824-1409\jars\plexus-classworlds-2.8.0.jar
2025-10-11 08:22:00,797 [Worker-15: Launching mavenrun-30dc30c2-5251-45d7-bb7e-ee964b1cf53c] INFO  o.eclipse.m2e.core.internal.Bundles - 	Entry: C:\Users\PHAN ANH TUAN\.p2\pool\plugins\org.eclipse.m2e.maven.runtime_3.9.900.20240824-1409\jars\plexus-component-annotations-2.1.0.jar
2025-10-11 08:22:00,797 [Worker-15: Launching mavenrun-30dc30c2-5251-45d7-bb7e-ee964b1cf53c] INFO  o.eclipse.m2e.core.internal.Bundles - 	Entry: C:\Users\PHAN ANH TUAN\.p2\pool\plugins\org.eclipse.m2e.maven.runtime_3.9.900.20240824-1409\jars\plexus-interpolation-1.27.jar
2025-10-11 08:22:00,797 [Worker-15: Launching mavenrun-30dc30c2-5251-45d7-bb7e-ee964b1cf53c] INFO  o.eclipse.m2e.core.internal.Bundles - 	Entry: C:\Users\PHAN ANH TUAN\.p2\pool\plugins\org.eclipse.m2e.maven.runtime_3.9.900.20240824-1409\jars\plexus-sec-dispatcher-2.0.jar
2025-10-11 08:22:00,797 [Worker-15: Launching mavenrun-30dc30c2-5251-45d7-bb7e-ee964b1cf53c] INFO  o.eclipse.m2e.core.internal.Bundles - 	Entry: C:\Users\PHAN ANH TUAN\.p2\pool\plugins\org.eclipse.m2e.maven.runtime_3.9.900.20240824-1409\jars\plexus-utils-3.5.1.jar
2025-10-11 08:22:00,797 [Worker-15: Launching mavenrun-30dc30c2-5251-45d7-bb7e-ee964b1cf53c] INFO  o.eclipse.m2e.core.internal.Bundles - 	Entry: C:\Users\PHAN ANH TUAN\.p2\pool\plugins\org.eclipse.m2e.maven.runtime_3.9.900.20240824-1409\jars\plexus-xml-3.0.1.jar
2025-10-11 08:22:00,797 [Worker-15: Launching mavenrun-30dc30c2-5251-45d7-bb7e-ee964b1cf53c] INFO  o.eclipse.m2e.core.internal.Bundles - 	Entry: C:\Users\PHAN ANH TUAN\.p2\pool\plugins\org.eclipse.m2e.maven.runtime_3.9.900.20240824-1409\jars\wagon-file-3.5.3.jar
2025-10-11 08:22:00,797 [Worker-15: Launching mavenrun-30dc30c2-5251-45d7-bb7e-ee964b1cf53c] INFO  o.eclipse.m2e.core.internal.Bundles - 	Entry: C:\Users\PHAN ANH TUAN\.p2\pool\plugins\org.eclipse.m2e.maven.runtime_3.9.900.20240824-1409\jars\wagon-http-3.5.3.jar
2025-10-11 08:22:00,798 [Worker-15: Launching mavenrun-30dc30c2-5251-45d7-bb7e-ee964b1cf53c] INFO  o.eclipse.m2e.core.internal.Bundles - 	Entry: C:\Users\PHAN ANH TUAN\.p2\pool\plugins\org.eclipse.m2e.maven.runtime_3.9.900.20240824-1409\jars\wagon-http-shared-3.5.3.jar
2025-10-11 08:22:00,798 [Worker-15: Launching mavenrun-30dc30c2-5251-45d7-bb7e-ee964b1cf53c] INFO  o.eclipse.m2e.core.internal.Bundles - 	Entry: C:\Users\PHAN ANH TUAN\.p2\pool\plugins\org.eclipse.m2e.maven.runtime_3.9.900.20240824-1409\jars\wagon-provider-api-3.5.3.jar
2025-10-11 08:22:00,799 [Worker-15: Launching mavenrun-30dc30c2-5251-45d7-bb7e-ee964b1cf53c] INFO  o.eclipse.m2e.core.internal.Bundles - getClasspathEntries(Bundle=com.google.guava_33.3.1.jre [1026])
2025-10-11 08:22:00,800 [Worker-15: Launching mavenrun-30dc30c2-5251-45d7-bb7e-ee964b1cf53c] INFO  o.eclipse.m2e.core.internal.Bundles - 	Entry: C:\Users\PHAN ANH TUAN\.p2\pool\plugins\com.google.guava_33.3.1.jre.jar
2025-10-11 08:22:00,800 [Worker-15: Launching mavenrun-30dc30c2-5251-45d7-bb7e-ee964b1cf53c] INFO  o.eclipse.m2e.core.internal.Bundles - getClasspathEntries(Bundle=slf4j.api_2.0.16 [1005])
2025-10-11 08:22:00,800 [Worker-15: Launching mavenrun-30dc30c2-5251-45d7-bb7e-ee964b1cf53c] INFO  o.eclipse.m2e.core.internal.Bundles - 	Entry: C:\Users\PHAN ANH TUAN\.p2\pool\plugins\slf4j.api_2.0.16.jar
2025-10-11 08:22:00,800 [Worker-15: Launching mavenrun-30dc30c2-5251-45d7-bb7e-ee964b1cf53c] INFO  o.eclipse.m2e.core.internal.Bundles - getClasspathEntries(Bundle=jakarta.inject.jakarta.inject-api_1.0.5 [34])
2025-10-11 08:22:00,800 [Worker-15: Launching mavenrun-30dc30c2-5251-45d7-bb7e-ee964b1cf53c] INFO  o.eclipse.m2e.core.internal.Bundles - 	Entry: C:\Users\PHAN ANH TUAN\.p2\pool\plugins\jakarta.inject.jakarta.inject-api_1.0.5.jar
2025-10-11 08:22:00,800 [Worker-15: Launching mavenrun-30dc30c2-5251-45d7-bb7e-ee964b1cf53c] INFO  o.eclipse.m2e.core.internal.Bundles - getClasspathEntries(Bundle=jakarta.annotation-api_1.3.5 [29])
2025-10-11 08:22:00,800 [Worker-15: Launching mavenrun-30dc30c2-5251-45d7-bb7e-ee964b1cf53c] INFO  o.eclipse.m2e.core.internal.Bundles - 	Entry: C:\Users\PHAN ANH TUAN\.p2\pool\plugins\jakarta.annotation-api_1.3.5.jar
2025-10-11 08:22:00,800 [Worker-15: Launching mavenrun-30dc30c2-5251-45d7-bb7e-ee964b1cf53c] INFO  o.eclipse.m2e.core.internal.Bundles - getClasspathEntries(Bundle=org.apache.commons.cli_1.9.0 [78])
2025-10-11 08:22:00,801 [Worker-15: Launching mavenrun-30dc30c2-5251-45d7-bb7e-ee964b1cf53c] INFO  o.eclipse.m2e.core.internal.Bundles - 	Entry: C:\Users\PHAN ANH TUAN\.p2\pool\plugins\org.apache.commons.cli_1.9.0.jar
2025-10-11 08:22:00,801 [Worker-15: Launching mavenrun-30dc30c2-5251-45d7-bb7e-ee964b1cf53c] INFO  o.eclipse.m2e.core.internal.Bundles - getClasspathEntries(Bundle=org.apache.commons.commons-codec_1.16.0 [81])
2025-10-11 08:22:00,801 [Worker-15: Launching mavenrun-30dc30c2-5251-45d7-bb7e-ee964b1cf53c] INFO  o.eclipse.m2e.core.internal.Bundles - 	Entry: C:\Users\PHAN ANH TUAN\.p2\pool\plugins\org.apache.commons.commons-codec_1.16.0.jar
2025-10-11 08:22:00,801 [Worker-15: Launching mavenrun-30dc30c2-5251-45d7-bb7e-ee964b1cf53c] INFO  o.eclipse.m2e.core.internal.Bundles - getClasspathEntries(Bundle=com.google.guava.failureaccess_1.0.2 [17])
2025-10-11 08:22:00,801 [Worker-15: Launching mavenrun-30dc30c2-5251-45d7-bb7e-ee964b1cf53c] INFO  o.eclipse.m2e.core.internal.Bundles - 	Entry: C:\Users\PHAN ANH TUAN\.p2\pool\plugins\com.google.guava.failureaccess_1.0.2.jar
2025-10-11 08:22:00,806 [Worker-15: Launching mavenrun-30dc30c2-5251-45d7-bb7e-ee964b1cf53c] INFO  o.e.m.i.launch.MavenLaunchDelegate - Run build in "C:\Users\PHANAN~1\AppData\Local\Temp\m2e-archetypeGenerator9491398968848421714":
2025-10-11 08:22:00,811 [Worker-15: Launching mavenrun-30dc30c2-5251-45d7-bb7e-ee964b1cf53c] INFO  o.e.m.i.launch.MavenLaunchDelegate -  mvn  -DjavaCompilerVersion=17 -DjunitVersion=5.11.0 -DarchetypeGroupId=org.apache.maven.archetypes -DarchetypeArtifactId=maven-archetype-quickstart -DarchetypeVersion=1.5 -DgroupId=com.jone.spring -DartifactId=spring-to-go -Dversion=0.0.1-SNAPSHOT -Dpackage=com.jone.spring.spring_to_go -DoutputDirectory=D:\BackendJava\My_Workspace\Space_Deep\Session05_Spring -Dstyle.color=always -U archetype:generate
2025-10-11 08:22:30,830 [Worker-13: Creating maven-archetype-quickstart] INFO  o.e.m.c.i.p.ProjectConfigurationManager - Collecting project info '/pom.xml' D:\BackendJava\My_Workspace\Space_Deep\Session05_Spring\spring-to-go\pom.xml
2025-10-11 08:22:33,498 [Worker-13: Creating maven-archetype-quickstart] INFO  o.e.m.c.i.l.LifecycleMappingFactory - Using org.eclipse.m2e.jdt.JarLifecycleMapping lifecycle mapping for MavenProject: com.jone.spring:spring-to-go:0.0.1-SNAPSHOT @ D:\BackendJava\My_Workspace\Space_Deep\Session05_Spring\spring-to-go\pom.xml.
2025-10-11 08:22:34,526 [Worker-13: Creating maven-archetype-quickstart] INFO  o.e.m.j.i.AbstractJavaProjectConfigurator - Adding source folder /spring-to-go/src/main/java
2025-10-11 08:22:34,528 [Worker-13: Creating maven-archetype-quickstart] INFO  o.e.m.j.i.AbstractJavaProjectConfigurator - Adding resource folder /spring-to-go/src/main/resources
2025-10-11 08:22:34,536 [Worker-13: Creating maven-archetype-quickstart] INFO  o.e.m.j.i.AbstractJavaProjectConfigurator - Adding source folder /spring-to-go/src/test/java
2025-10-11 08:22:34,537 [Worker-13: Creating maven-archetype-quickstart] INFO  o.e.m.j.i.AbstractJavaProjectConfigurator - Adding resource folder /spring-to-go/src/test/resources
2025-10-11 08:22:35,112 [Worker-13: Creating maven-archetype-quickstart] INFO  o.e.m.c.i.p.ProjectConfigurationManager - Imported and configured 1 project(s) in 4 sec
2025-10-11 08:22:36,472 [Worker-8: Building] INFO  o.a.m.s.f.DefaultMavenResourcesFiltering - skip non existing resourceDirectory D:\BackendJava\My_Workspace\Space_Deep\Session05_Spring\spring-to-go\src\main\resources
2025-10-11 08:22:36,479 [Worker-8: Building] INFO  o.a.m.s.f.DefaultMavenResourcesFiltering - skip non existing resourceDirectory D:\BackendJava\My_Workspace\Space_Deep\Session05_Spring\spring-to-go\src\test\resources
2025-10-11 08:22:48,333 [Worker-4: Building] INFO  o.a.m.s.f.DefaultMavenResourcesFiltering - skip non existing resourceDirectory D:\BackendJava\My_Workspace\Space_Deep\Session05_Spring\spring-to-go\src\main\resources
2025-10-11 08:22:48,341 [Worker-4: Building] INFO  o.a.m.s.f.DefaultMavenResourcesFiltering - skip non existing resourceDirectory D:\BackendJava\My_Workspace\Space_Deep\Session05_Spring\spring-to-go\src\test\resources
2025-10-11 08:23:36,865 [Worker-3: Building] INFO  o.e.m.c.i.l.LifecycleMappingFactory - Using org.eclipse.m2e.jdt.JarLifecycleMapping lifecycle mapping for MavenProject: com.jone.spring:spring-to-go:0.0.1-SNAPSHOT @ D:\BackendJava\My_Workspace\Space_Deep\Session05_Spring\spring-to-go\pom.xml.
2025-10-11 08:23:37,015 [Worker-3: Building] INFO  o.a.m.s.f.DefaultMavenResourcesFiltering - skip non existing resourceDirectory D:\BackendJava\My_Workspace\Space_Deep\Session05_Spring\spring-to-go\src\main\resources
2025-10-11 08:23:37,019 [Worker-3: Building] INFO  o.a.m.s.f.DefaultMavenResourcesFiltering - skip non existing resourceDirectory D:\BackendJava\My_Workspace\Space_Deep\Session05_Spring\spring-to-go\src\test\resources
2025-10-11 08:23:37,447 [Worker-2: Updating Maven Project] INFO  o.e.m.c.i.p.ProjectConfigurationManager - Update started
2025-10-11 08:23:37,567 [Worker-2: Updating Maven Project] INFO  o.e.m.c.i.l.LifecycleMappingFactory - Using org.eclipse.m2e.jdt.JarLifecycleMapping lifecycle mapping for MavenProject: com.jone.spring:spring-to-go:0.0.1-SNAPSHOT @ D:\BackendJava\My_Workspace\Space_Deep\Session05_Spring\spring-to-go\pom.xml.
2025-10-11 08:23:37,686 [Worker-2: Updating Maven Project] INFO  o.e.m.j.i.AbstractJavaProjectConfigurator - Adding source folder /spring-to-go/src/main/java
2025-10-11 08:23:37,688 [Worker-2: Updating Maven Project] INFO  o.e.m.j.i.AbstractJavaProjectConfigurator - Adding resource folder /spring-to-go/src/main/resources
2025-10-11 08:23:37,689 [Worker-2: Updating Maven Project] INFO  o.e.m.j.i.AbstractJavaProjectConfigurator - Adding source folder /spring-to-go/src/test/java
2025-10-11 08:23:37,692 [Worker-2: Updating Maven Project] INFO  o.e.m.j.i.AbstractJavaProjectConfigurator - Adding resource folder /spring-to-go/src/test/resources
2025-10-11 08:23:37,851 [Worker-2: Updating Maven Project] INFO  o.e.m.c.i.p.ProjectConfigurationManager - Update completed for 1 poms: local refresh takes 0.00 sec, refresh facades takes 0.00 sec, update config takes 0.00 sec 
2025-10-11 08:23:38,596 [Worker-4: Building] INFO  o.a.m.s.f.DefaultMavenResourcesFiltering - skip non existing resourceDirectory D:\BackendJava\My_Workspace\Space_Deep\Session05_Spring\spring-to-go\src\main\resources
2025-10-11 08:23:38,602 [Worker-4: Building] INFO  o.a.m.s.f.DefaultMavenResourcesFiltering - skip non existing resourceDirectory D:\BackendJava\My_Workspace\Space_Deep\Session05_Spring\spring-to-go\src\test\resources
2025-10-11 08:23:48,275 [Worker-0: Building] INFO  o.a.m.s.f.DefaultMavenResourcesFiltering - skip non existing resourceDirectory D:\BackendJava\My_Workspace\Space_Deep\Session05_Spring\spring-to-go\src\main\resources
2025-10-11 08:23:48,276 [Worker-0: Building] INFO  o.a.m.s.f.DefaultMavenResourcesFiltering - skip non existing resourceDirectory D:\BackendJava\My_Workspace\Space_Deep\Session05_Spring\spring-to-go\src\test\resources
2025-10-11 08:23:56,141 [Worker-3: Building] INFO  o.a.m.s.f.DefaultMavenResourcesFiltering - skip non existing resourceDirectory D:\BackendJava\My_Workspace\Space_Deep\Session05_Spring\spring-to-go\src\main\resources
2025-10-11 08:23:56,147 [Worker-3: Building] INFO  o.a.m.s.f.DefaultMavenResourcesFiltering - skip non existing resourceDirectory D:\BackendJava\My_Workspace\Space_Deep\Session05_Spring\spring-to-go\src\test\resources
2025-10-11 08:25:29,094 [Worker-11: Building] INFO  o.a.m.s.f.DefaultMavenResourcesFiltering - skip non existing resourceDirectory D:\BackendJava\My_Workspace\Space_Deep\Session05_Spring\spring-to-go\src\main\resources
2025-10-11 08:25:29,102 [Worker-11: Building] INFO  o.a.m.s.f.DefaultMavenResourcesFiltering - skip non existing resourceDirectory D:\BackendJava\My_Workspace\Space_Deep\Session05_Spring\spring-to-go\src\test\resources
2025-10-11 08:25:50,458 [Worker-15: Building] INFO  o.a.m.s.f.DefaultMavenResourcesFiltering - skip non existing resourceDirectory D:\BackendJava\My_Workspace\Space_Deep\Session05_Spring\spring-to-go\src\main\resources
2025-10-11 08:25:50,464 [Worker-15: Building] INFO  o.a.m.s.f.DefaultMavenResourcesFiltering - skip non existing resourceDirectory D:\BackendJava\My_Workspace\Space_Deep\Session05_Spring\spring-to-go\src\test\resources
2025-10-11 08:28:26,065 [Worker-3: Building] INFO  o.a.m.s.f.DefaultMavenResourcesFiltering - skip non existing resourceDirectory D:\BackendJava\My_Workspace\Space_Deep\Session05_Spring\spring-to-go\src\main\resources
2025-10-11 08:28:26,068 [Worker-3: Building] INFO  o.a.m.s.f.DefaultMavenResourcesFiltering - skip non existing resourceDirectory D:\BackendJava\My_Workspace\Space_Deep\Session05_Spring\spring-to-go\src\test\resources
2025-10-11 08:29:25,348 [Worker-24: Building] INFO  o.a.m.s.f.DefaultMavenResourcesFiltering - skip non existing resourceDirectory D:\BackendJava\My_Workspace\Space_Deep\Session05_Spring\spring-to-go\src\main\resources
2025-10-11 08:29:25,350 [Worker-24: Building] INFO  o.a.m.s.f.DefaultMavenResourcesFiltering - skip non existing resourceDirectory D:\BackendJava\My_Workspace\Space_Deep\Session05_Spring\spring-to-go\src\test\resources
2025-10-11 08:33:04,889 [Worker-25: Building] INFO  o.a.m.s.f.DefaultMavenResourcesFiltering - skip non existing resourceDirectory D:\BackendJava\My_Workspace\Space_Deep\Session05_Spring\spring-to-go\src\main\resources
2025-10-11 08:33:04,893 [Worker-25: Building] INFO  o.a.m.s.f.DefaultMavenResourcesFiltering - skip non existing resourceDirectory D:\BackendJava\My_Workspace\Space_Deep\Session05_Spring\spring-to-go\src\test\resources
2025-10-11 08:37:45,247 [Worker-24: Building] INFO  o.a.m.s.f.DefaultMavenResourcesFiltering - skip non existing resourceDirectory D:\BackendJava\My_Workspace\Space_Deep\Session05_Spring\spring-to-go\src\main\resources
2025-10-11 08:37:45,248 [Worker-24: Building] INFO  o.a.m.s.f.DefaultMavenResourcesFiltering - skip non existing resourceDirectory D:\BackendJava\My_Workspace\Space_Deep\Session05_Spring\spring-to-go\src\test\resources
2025-10-11 08:38:02,842 [Worker-25: Building] INFO  o.a.m.s.f.DefaultMavenResourcesFiltering - skip non existing resourceDirectory D:\BackendJava\My_Workspace\Space_Deep\Session05_Spring\spring-to-go\src\main\resources
2025-10-11 08:38:02,845 [Worker-25: Building] INFO  o.a.m.s.f.DefaultMavenResourcesFiltering - skip non existing resourceDirectory D:\BackendJava\My_Workspace\Space_Deep\Session05_Spring\spring-to-go\src\test\resources
2025-10-11 08:38:54,860 [Worker-30: Building] INFO  o.a.m.s.f.DefaultMavenResourcesFiltering - skip non existing resourceDirectory D:\BackendJava\My_Workspace\Space_Deep\Session05_Spring\spring-to-go\src\main\resources
2025-10-11 08:38:54,862 [Worker-30: Building] INFO  o.a.m.s.f.DefaultMavenResourcesFiltering - skip non existing resourceDirectory D:\BackendJava\My_Workspace\Space_Deep\Session05_Spring\spring-to-go\src\test\resources
2025-10-11 08:40:23,525 [Worker-30: Building] INFO  o.a.m.s.f.DefaultMavenResourcesFiltering - skip non existing resourceDirectory D:\BackendJava\My_Workspace\Space_Deep\Session05_Spring\spring-to-go\src\main\resources
2025-10-11 08:40:23,527 [Worker-30: Building] INFO  o.a.m.s.f.DefaultMavenResourcesFiltering - skip non existing resourceDirectory D:\BackendJava\My_Workspace\Space_Deep\Session05_Spring\spring-to-go\src\test\resources
2025-10-11 08:45:12,919 [Worker-31: Launching MainNoIoC] INFO  o.a.m.s.f.DefaultMavenResourcesFiltering - skip non existing resourceDirectory D:\BackendJava\My_Workspace\Space_Deep\Session05_Spring\spring-to-go\src\main\resources
2025-10-11 08:45:12,922 [Worker-31: Launching MainNoIoC] INFO  o.a.m.s.f.DefaultMavenResourcesFiltering - skip non existing resourceDirectory D:\BackendJava\My_Workspace\Space_Deep\Session05_Spring\spring-to-go\src\test\resources
2025-10-11 08:45:44,030 [Worker-31: Building] INFO  o.a.m.s.f.DefaultMavenResourcesFiltering - skip non existing resourceDirectory D:\BackendJava\My_Workspace\Space_Deep\Session05_Spring\spring-to-go\src\main\resources
2025-10-11 08:45:44,031 [Worker-31: Building] INFO  o.a.m.s.f.DefaultMavenResourcesFiltering - skip non existing resourceDirectory D:\BackendJava\My_Workspace\Space_Deep\Session05_Spring\spring-to-go\src\test\resources
2025-10-11 08:45:56,165 [Worker-28: Building] INFO  o.a.m.s.f.DefaultMavenResourcesFiltering - skip non existing resourceDirectory D:\BackendJava\My_Workspace\Space_Deep\Session05_Spring\spring-to-go\src\main\resources
2025-10-11 08:45:56,167 [Worker-28: Building] INFO  o.a.m.s.f.DefaultMavenResourcesFiltering - skip non existing resourceDirectory D:\BackendJava\My_Workspace\Space_Deep\Session05_Spring\spring-to-go\src\test\resources
2025-10-11 08:56:27,827 [Worker-38: Building] INFO  o.a.m.s.f.DefaultMavenResourcesFiltering - skip non existing resourceDirectory D:\BackendJava\My_Workspace\Space_Deep\Session05_Spring\spring-to-go\src\main\resources
2025-10-11 08:56:27,829 [Worker-38: Building] INFO  o.a.m.s.f.DefaultMavenResourcesFiltering - skip non existing resourceDirectory D:\BackendJava\My_Workspace\Space_Deep\Session05_Spring\spring-to-go\src\test\resources
2025-10-11 08:56:46,565 [Worker-38: Building] INFO  o.a.m.s.f.DefaultMavenResourcesFiltering - skip non existing resourceDirectory D:\BackendJava\My_Workspace\Space_Deep\Session05_Spring\spring-to-go\src\main\resources
2025-10-11 08:56:46,567 [Worker-38: Building] INFO  o.a.m.s.f.DefaultMavenResourcesFiltering - skip non existing resourceDirectory D:\BackendJava\My_Workspace\Space_Deep\Session05_Spring\spring-to-go\src\test\resources
2025-10-11 08:57:14,906 [Worker-28: Building] INFO  o.a.m.s.f.DefaultMavenResourcesFiltering - skip non existing resourceDirectory D:\BackendJava\My_Workspace\Space_Deep\Session05_Spring\spring-to-go\src\main\resources
2025-10-11 08:57:14,909 [Worker-28: Building] INFO  o.a.m.s.f.DefaultMavenResourcesFiltering - skip non existing resourceDirectory D:\BackendJava\My_Workspace\Space_Deep\Session05_Spring\spring-to-go\src\test\resources
2025-10-11 08:58:12,464 [Worker-39: Building] INFO  o.a.m.s.f.DefaultMavenResourcesFiltering - skip non existing resourceDirectory D:\BackendJava\My_Workspace\Space_Deep\Session05_Spring\spring-to-go\src\main\resources
2025-10-11 08:58:12,468 [Worker-39: Building] INFO  o.a.m.s.f.DefaultMavenResourcesFiltering - skip non existing resourceDirectory D:\BackendJava\My_Workspace\Space_Deep\Session05_Spring\spring-to-go\src\test\resources
2025-10-11 09:01:26,100 [Worker-44: Building] INFO  o.e.m.c.i.l.LifecycleMappingFactory - Using org.eclipse.m2e.jdt.JarLifecycleMapping lifecycle mapping for MavenProject: com.jone.spring:spring-to-go:0.0.1-SNAPSHOT @ D:\BackendJava\My_Workspace\Space_Deep\Session05_Spring\spring-to-go\pom.xml.
2025-10-11 09:01:26,529 [Worker-44: Building] INFO  o.e.m.c.i.e.AbstractTransferListenerAdapter - Downloading https://repo.maven.apache.org/maven2/io/micrometer/micrometer-observation/1.14.11/micrometer-observation-1.14.11.pom
2025-10-11 09:01:26,573 [Worker-44: Building] INFO  o.e.m.c.i.e.AbstractTransferListenerAdapter - Downloaded https://repo.maven.apache.org/maven2/io/micrometer/micrometer-observation/1.14.11/micrometer-observation-1.14.11.pom
2025-10-11 09:01:26,675 [Worker-44: Building] INFO  o.e.m.c.i.e.AbstractTransferListenerAdapter - Downloading https://repo.maven.apache.org/maven2/io/micrometer/micrometer-commons/1.14.11/micrometer-commons-1.14.11.pom
2025-10-11 09:01:26,717 [Worker-44: Building] INFO  o.e.m.c.i.e.AbstractTransferListenerAdapter - Downloaded https://repo.maven.apache.org/maven2/io/micrometer/micrometer-commons/1.14.11/micrometer-commons-1.14.11.pom
2025-10-11 09:01:26,805 [Worker-44: Building] INFO  o.e.m.c.i.e.AbstractTransferListenerAdapter - Downloading https://repo.maven.apache.org/maven2/io/micrometer/micrometer-observation/1.14.11/micrometer-observation-1.14.11.jar
2025-10-11 09:01:26,873 [Worker-44: Building] INFO  o.e.m.c.i.e.AbstractTransferListenerAdapter - Downloaded https://repo.maven.apache.org/maven2/io/micrometer/micrometer-observation/1.14.11/micrometer-observation-1.14.11.jar
2025-10-11 09:01:26,945 [BasicRepositoryConnector-repo.maven.apache.org-0-0] INFO  o.e.m.c.i.e.AbstractTransferListenerAdapter - Downloading https://repo.maven.apache.org/maven2/io/micrometer/micrometer-commons/1.14.11/micrometer-commons-1.14.11.jar
2025-10-11 09:01:28,077 [BasicRepositoryConnector-repo.maven.apache.org-0-0] INFO  o.e.m.c.i.e.AbstractTransferListenerAdapter - Downloaded https://repo.maven.apache.org/maven2/io/micrometer/micrometer-commons/1.14.11/micrometer-commons-1.14.11.jar
2025-10-11 09:01:29,305 [Worker-44: Building] INFO  o.a.m.s.f.DefaultMavenResourcesFiltering - skip non existing resourceDirectory D:\BackendJava\My_Workspace\Space_Deep\Session05_Spring\spring-to-go\src\main\resources
2025-10-11 09:01:29,311 [Worker-44: Building] INFO  o.a.m.s.f.DefaultMavenResourcesFiltering - skip non existing resourceDirectory D:\BackendJava\My_Workspace\Space_Deep\Session05_Spring\spring-to-go\src\test\resources
2025-10-11 09:01:30,386 [Worker-44: Download sources and javadoc] INFO  o.e.m.c.i.e.AbstractTransferListenerAdapter - Downloading https://repo.maven.apache.org/maven2/io/micrometer/micrometer-observation/1.14.11/micrometer-observation-1.14.11-sources.jar
2025-10-11 09:01:30,469 [Worker-44: Download sources and javadoc] INFO  o.e.m.c.i.e.AbstractTransferListenerAdapter - Downloaded https://repo.maven.apache.org/maven2/io/micrometer/micrometer-observation/1.14.11/micrometer-observation-1.14.11-sources.jar
2025-10-11 09:01:30,478 [Worker-44: Download sources and javadoc] INFO  o.e.m.j.internal.DownloadSourcesJob - Downloaded sources for io.micrometer:micrometer-observation:1.14.11
2025-10-11 09:01:30,571 [Worker-43: Building] INFO  o.a.m.s.f.DefaultMavenResourcesFiltering - skip non existing resourceDirectory D:\BackendJava\My_Workspace\Space_Deep\Session05_Spring\spring-to-go\src\main\resources
2025-10-11 09:01:30,579 [Worker-43: Building] INFO  o.a.m.s.f.DefaultMavenResourcesFiltering - skip non existing resourceDirectory D:\BackendJava\My_Workspace\Space_Deep\Session05_Spring\spring-to-go\src\test\resources
2025-10-11 09:01:30,680 [Worker-44: Download sources and javadoc] INFO  o.e.m.c.i.e.AbstractTransferListenerAdapter - Downloading https://repo.maven.apache.org/maven2/io/micrometer/micrometer-commons/1.14.11/micrometer-commons-1.14.11-sources.jar
2025-10-11 09:01:31,690 [Worker-44: Download sources and javadoc] INFO  o.e.m.c.i.e.AbstractTransferListenerAdapter - Downloaded https://repo.maven.apache.org/maven2/io/micrometer/micrometer-commons/1.14.11/micrometer-commons-1.14.11-sources.jar
2025-10-11 09:01:31,695 [Worker-44: Download sources and javadoc] INFO  o.e.m.j.internal.DownloadSourcesJob - Downloaded sources for io.micrometer:micrometer-commons:1.14.11
2025-10-11 09:29:42,093 [Worker-51: Building] INFO  o.a.m.s.f.DefaultMavenResourcesFiltering - skip non existing resourceDirectory D:\BackendJava\My_Workspace\Space_Deep\Session05_Spring\spring-to-go\src\main\resources
2025-10-11 09:29:42,100 [Worker-51: Building] INFO  o.a.m.s.f.DefaultMavenResourcesFiltering - skip non existing resourceDirectory D:\BackendJava\My_Workspace\Space_Deep\Session05_Spring\spring-to-go\src\test\resources
2025-10-11 09:30:57,530 [Worker-50: Building] INFO  o.a.m.s.f.DefaultMavenResourcesFiltering - skip non existing resourceDirectory D:\BackendJava\My_Workspace\Space_Deep\Session05_Spring\spring-to-go\src\main\resources
2025-10-11 09:30:57,533 [Worker-50: Building] INFO  o.a.m.s.f.DefaultMavenResourcesFiltering - skip non existing resourceDirectory D:\BackendJava\My_Workspace\Space_Deep\Session05_Spring\spring-to-go\src\test\resources
2025-10-11 09:37:33,754 [Worker-50: Building] INFO  o.a.m.s.f.DefaultMavenResourcesFiltering - skip non existing resourceDirectory D:\BackendJava\My_Workspace\Space_Deep\Session05_Spring\spring-to-go\src\main\resources
2025-10-11 09:37:33,756 [Worker-50: Building] INFO  o.a.m.s.f.DefaultMavenResourcesFiltering - skip non existing resourceDirectory D:\BackendJava\My_Workspace\Space_Deep\Session05_Spring\spring-to-go\src\test\resources
2025-10-11 09:40:45,957 [Worker-52: Building] INFO  o.a.m.s.f.DefaultMavenResourcesFiltering - skip non existing resourceDirectory D:\BackendJava\My_Workspace\Space_Deep\Session05_Spring\spring-to-go\src\main\resources
2025-10-11 09:40:45,958 [Worker-52: Building] INFO  o.a.m.s.f.DefaultMavenResourcesFiltering - skip non existing resourceDirectory D:\BackendJava\My_Workspace\Space_Deep\Session05_Spring\spring-to-go\src\test\resources
2025-10-11 09:41:05,612 [Worker-51: Building] INFO  o.a.m.s.f.DefaultMavenResourcesFiltering - skip non existing resourceDirectory D:\BackendJava\My_Workspace\Space_Deep\Session05_Spring\spring-to-go\src\main\resources
2025-10-11 09:41:05,616 [Worker-51: Building] INFO  o.a.m.s.f.DefaultMavenResourcesFiltering - skip non existing resourceDirectory D:\BackendJava\My_Workspace\Space_Deep\Session05_Spring\spring-to-go\src\test\resources
2025-10-11 09:45:01,730 [Worker-52: Building] INFO  o.a.m.s.f.DefaultMavenResourcesFiltering - skip non existing resourceDirectory D:\BackendJava\My_Workspace\Space_Deep\Session05_Spring\spring-to-go\src\main\resources
2025-10-11 09:45:01,732 [Worker-52: Building] INFO  o.a.m.s.f.DefaultMavenResourcesFiltering - skip non existing resourceDirectory D:\BackendJava\My_Workspace\Space_Deep\Session05_Spring\spring-to-go\src\test\resources
2025-10-11 09:55:28,841 [Worker-59: Building] INFO  o.a.m.s.f.DefaultMavenResourcesFiltering - skip non existing resourceDirectory D:\BackendJava\My_Workspace\Space_Deep\Session05_Spring\spring-to-go\src\main\resources
2025-10-11 09:55:28,842 [Worker-59: Building] INFO  o.a.m.s.f.DefaultMavenResourcesFiltering - skip non existing resourceDirectory D:\BackendJava\My_Workspace\Space_Deep\Session05_Spring\spring-to-go\src\test\resources
2025-10-11 09:55:36,047 [Worker-59: Launching MainV1] INFO  o.a.m.s.f.DefaultMavenResourcesFiltering - skip non existing resourceDirectory D:\BackendJava\My_Workspace\Space_Deep\Session05_Spring\spring-to-go\src\main\resources
2025-10-11 09:55:36,051 [Worker-59: Launching MainV1] INFO  o.a.m.s.f.DefaultMavenResourcesFiltering - skip non existing resourceDirectory D:\BackendJava\My_Workspace\Space_Deep\Session05_Spring\spring-to-go\src\test\resources
2025-10-11 10:27:10,733 [Worker-70: Building] INFO  o.a.m.s.f.DefaultMavenResourcesFiltering - skip non existing resourceDirectory D:\BackendJava\My_Workspace\Space_Deep\Session05_Spring\spring-to-go\src\main\resources
2025-10-11 10:27:10,734 [Worker-70: Building] INFO  o.a.m.s.f.DefaultMavenResourcesFiltering - skip non existing resourceDirectory D:\BackendJava\My_Workspace\Space_Deep\Session05_Spring\spring-to-go\src\test\resources
2025-10-11 10:29:18,969 [Worker-70: Launching MainV1] INFO  o.a.m.s.f.DefaultMavenResourcesFiltering - skip non existing resourceDirectory D:\BackendJava\My_Workspace\Space_Deep\Session05_Spring\spring-to-go\src\main\resources
2025-10-11 10:29:18,973 [Worker-70: Launching MainV1] INFO  o.a.m.s.f.DefaultMavenResourcesFiltering - skip non existing resourceDirectory D:\BackendJava\My_Workspace\Space_Deep\Session05_Spring\spring-to-go\src\test\resources
2025-10-11 14:19:55,081 [Worker-92: Building] INFO  o.a.m.s.f.DefaultMavenResourcesFiltering - skip non existing resourceDirectory D:\BackendJava\My_Workspace\Space_Deep\Session05_Spring\spring-to-go\src\main\resources
2025-10-11 14:19:55,086 [Worker-92: Building] INFO  o.a.m.s.f.DefaultMavenResourcesFiltering - skip non existing resourceDirectory D:\BackendJava\My_Workspace\Space_Deep\Session05_Spring\spring-to-go\src\test\resources
2025-10-11 14:20:02,687 [Worker-91: Building] INFO  o.a.m.s.f.DefaultMavenResourcesFiltering - skip non existing resourceDirectory D:\BackendJava\My_Workspace\Space_Deep\Session05_Spring\spring-to-go\src\main\resources
2025-10-11 14:20:02,690 [Worker-91: Building] INFO  o.a.m.s.f.DefaultMavenResourcesFiltering - skip non existing resourceDirectory D:\BackendJava\My_Workspace\Space_Deep\Session05_Spring\spring-to-go\src\test\resources
2025-10-11 14:20:16,981 [Worker-91: Building] INFO  o.a.m.s.f.DefaultMavenResourcesFiltering - skip non existing resourceDirectory D:\BackendJava\My_Workspace\Space_Deep\Session05_Spring\spring-to-go\src\main\resources
2025-10-11 14:20:16,992 [Worker-91: Building] INFO  o.a.m.s.f.DefaultMavenResourcesFiltering - skip non existing resourceDirectory D:\BackendJava\My_Workspace\Space_Deep\Session05_Spring\spring-to-go\src\test\resources
2025-10-11 14:20:31,121 [Worker-94: Building] INFO  o.a.m.s.f.DefaultMavenResourcesFiltering - skip non existing resourceDirectory D:\BackendJava\My_Workspace\Space_Deep\Session05_Spring\spring-to-go\src\main\resources
2025-10-11 14:20:31,123 [Worker-94: Building] INFO  o.a.m.s.f.DefaultMavenResourcesFiltering - skip non existing resourceDirectory D:\BackendJava\My_Workspace\Space_Deep\Session05_Spring\spring-to-go\src\test\resources
2025-10-11 14:20:34,994 [Worker-95: Building] INFO  o.a.m.s.f.DefaultMavenResourcesFiltering - skip non existing resourceDirectory D:\BackendJava\My_Workspace\Space_Deep\Session05_Spring\spring-to-go\src\main\resources
2025-10-11 14:20:34,995 [Worker-95: Building] INFO  o.a.m.s.f.DefaultMavenResourcesFiltering - skip non existing resourceDirectory D:\BackendJava\My_Workspace\Space_Deep\Session05_Spring\spring-to-go\src\test\resources
2025-10-11 14:22:45,992 [Worker-94: Building] INFO  o.a.m.s.f.DefaultMavenResourcesFiltering - skip non existing resourceDirectory D:\BackendJava\My_Workspace\Space_Deep\Session05_Spring\spring-to-go\src\main\resources
2025-10-11 14:22:45,994 [Worker-94: Building] INFO  o.a.m.s.f.DefaultMavenResourcesFiltering - skip non existing resourceDirectory D:\BackendJava\My_Workspace\Space_Deep\Session05_Spring\spring-to-go\src\test\resources
2025-10-11 14:33:31,494 [Worker-101: Building] INFO  o.a.m.s.f.DefaultMavenResourcesFiltering - skip non existing resourceDirectory D:\BackendJava\My_Workspace\Space_Deep\Session05_Spring\spring-to-go\src\main\resources
2025-10-11 14:33:31,497 [Worker-101: Building] INFO  o.a.m.s.f.DefaultMavenResourcesFiltering - skip non existing resourceDirectory D:\BackendJava\My_Workspace\Space_Deep\Session05_Spring\spring-to-go\src\test\resources
2025-10-11 14:36:14,135 [Worker-103: Launching MainV2] INFO  o.a.m.s.f.DefaultMavenResourcesFiltering - skip non existing resourceDirectory D:\BackendJava\My_Workspace\Space_Deep\Session05_Spring\spring-to-go\src\main\resources
2025-10-11 14:36:14,141 [Worker-103: Launching MainV2] INFO  o.a.m.s.f.DefaultMavenResourcesFiltering - skip non existing resourceDirectory D:\BackendJava\My_Workspace\Space_Deep\Session05_Spring\spring-to-go\src\test\resources
2025-10-11 14:40:51,262 [Worker-104: Building] INFO  o.a.m.s.f.DefaultMavenResourcesFiltering - skip non existing resourceDirectory D:\BackendJava\My_Workspace\Space_Deep\Session05_Spring\spring-to-go\src\main\resources
2025-10-11 14:40:51,263 [Worker-104: Building] INFO  o.a.m.s.f.DefaultMavenResourcesFiltering - skip non existing resourceDirectory D:\BackendJava\My_Workspace\Space_Deep\Session05_Spring\spring-to-go\src\test\resources
2025-10-11 14:41:13,577 [Worker-106: Launching MainV2] INFO  o.a.m.s.f.DefaultMavenResourcesFiltering - skip non existing resourceDirectory D:\BackendJava\My_Workspace\Space_Deep\Session05_Spring\spring-to-go\src\main\resources
2025-10-11 14:41:13,580 [Worker-106: Launching MainV2] INFO  o.a.m.s.f.DefaultMavenResourcesFiltering - skip non existing resourceDirectory D:\BackendJava\My_Workspace\Space_Deep\Session05_Spring\spring-to-go\src\test\resources
2025-10-11 14:41:23,419 [Worker-107: Building] INFO  o.a.m.s.f.DefaultMavenResourcesFiltering - skip non existing resourceDirectory D:\BackendJava\My_Workspace\Space_Deep\Session05_Spring\spring-to-go\src\main\resources
2025-10-11 14:41:23,421 [Worker-107: Building] INFO  o.a.m.s.f.DefaultMavenResourcesFiltering - skip non existing resourceDirectory D:\BackendJava\My_Workspace\Space_Deep\Session05_Spring\spring-to-go\src\test\resources
2025-10-11 14:41:46,996 [Worker-105: Building] INFO  o.a.m.s.f.DefaultMavenResourcesFiltering - skip non existing resourceDirectory D:\BackendJava\My_Workspace\Space_Deep\Session05_Spring\spring-to-go\src\main\resources
2025-10-11 14:41:46,997 [Worker-105: Building] INFO  o.a.m.s.f.DefaultMavenResourcesFiltering - skip non existing resourceDirectory D:\BackendJava\My_Workspace\Space_Deep\Session05_Spring\spring-to-go\src\test\resources
2025-10-11 14:44:47,375 [Worker-107: Building] INFO  o.a.m.s.f.DefaultMavenResourcesFiltering - skip non existing resourceDirectory D:\BackendJava\My_Workspace\Space_Deep\Session05_Spring\spring-to-go\src\main\resources
2025-10-11 14:44:47,376 [Worker-107: Building] INFO  o.a.m.s.f.DefaultMavenResourcesFiltering - skip non existing resourceDirectory D:\BackendJava\My_Workspace\Space_Deep\Session05_Spring\spring-to-go\src\test\resources
2025-10-11 14:45:23,032 [Worker-104: Building] INFO  o.a.m.s.f.DefaultMavenResourcesFiltering - skip non existing resourceDirectory D:\BackendJava\My_Workspace\Space_Deep\Session05_Spring\spring-to-go\src\main\resources
2025-10-11 14:45:23,034 [Worker-104: Building] INFO  o.a.m.s.f.DefaultMavenResourcesFiltering - skip non existing resourceDirectory D:\BackendJava\My_Workspace\Space_Deep\Session05_Spring\spring-to-go\src\test\resources
2025-10-11 14:48:18,346 [Worker-111: Building] INFO  o.a.m.s.f.DefaultMavenResourcesFiltering - skip non existing resourceDirectory D:\BackendJava\My_Workspace\Space_Deep\Session05_Spring\spring-to-go\src\main\resources
2025-10-11 14:48:18,347 [Worker-111: Building] INFO  o.a.m.s.f.DefaultMavenResourcesFiltering - skip non existing resourceDirectory D:\BackendJava\My_Workspace\Space_Deep\Session05_Spring\spring-to-go\src\test\resources
2025-10-11 14:48:24,063 [Worker-107: Building] INFO  o.a.m.s.f.DefaultMavenResourcesFiltering - skip non existing resourceDirectory D:\BackendJava\My_Workspace\Space_Deep\Session05_Spring\spring-to-go\src\main\resources
2025-10-11 14:48:24,064 [Worker-107: Building] INFO  o.a.m.s.f.DefaultMavenResourcesFiltering - skip non existing resourceDirectory D:\BackendJava\My_Workspace\Space_Deep\Session05_Spring\spring-to-go\src\test\resources
2025-10-11 14:48:42,955 [Worker-110: Building] INFO  o.a.m.s.f.DefaultMavenResourcesFiltering - skip non existing resourceDirectory D:\BackendJava\My_Workspace\Space_Deep\Session05_Spring\spring-to-go\src\main\resources
2025-10-11 14:48:42,956 [Worker-110: Building] INFO  o.a.m.s.f.DefaultMavenResourcesFiltering - skip non existing resourceDirectory D:\BackendJava\My_Workspace\Space_Deep\Session05_Spring\spring-to-go\src\test\resources
2025-10-11 14:48:49,924 [Worker-107: Building] INFO  o.a.m.s.f.DefaultMavenResourcesFiltering - skip non existing resourceDirectory D:\BackendJava\My_Workspace\Space_Deep\Session05_Spring\spring-to-go\src\main\resources
2025-10-11 14:48:49,926 [Worker-107: Building] INFO  o.a.m.s.f.DefaultMavenResourcesFiltering - skip non existing resourceDirectory D:\BackendJava\My_Workspace\Space_Deep\Session05_Spring\spring-to-go\src\test\resources
2025-10-11 14:54:18,698 [Worker-113: Building] INFO  o.a.m.s.f.DefaultMavenResourcesFiltering - skip non existing resourceDirectory D:\BackendJava\My_Workspace\Space_Deep\Session05_Spring\spring-to-go\src\main\resources
2025-10-11 14:54:18,703 [Worker-113: Building] INFO  o.a.m.s.f.DefaultMavenResourcesFiltering - skip non existing resourceDirectory D:\BackendJava\My_Workspace\Space_Deep\Session05_Spring\spring-to-go\src\test\resources
2025-10-11 14:56:28,324 [Worker-115: Building] INFO  o.a.m.s.f.DefaultMavenResourcesFiltering - skip non existing resourceDirectory D:\BackendJava\My_Workspace\Space_Deep\Session05_Spring\spring-to-go\src\main\resources
2025-10-11 14:56:28,325 [Worker-115: Building] INFO  o.a.m.s.f.DefaultMavenResourcesFiltering - skip non existing resourceDirectory D:\BackendJava\My_Workspace\Space_Deep\Session05_Spring\spring-to-go\src\test\resources
2025-10-11 14:56:48,062 [Worker-116: Building] INFO  o.a.m.s.f.DefaultMavenResourcesFiltering - skip non existing resourceDirectory D:\BackendJava\My_Workspace\Space_Deep\Session05_Spring\spring-to-go\src\main\resources
2025-10-11 14:56:48,064 [Worker-116: Building] INFO  o.a.m.s.f.DefaultMavenResourcesFiltering - skip non existing resourceDirectory D:\BackendJava\My_Workspace\Space_Deep\Session05_Spring\spring-to-go\src\test\resources
2025-10-11 14:56:59,777 [Worker-116: Building] INFO  o.a.m.s.f.DefaultMavenResourcesFiltering - skip non existing resourceDirectory D:\BackendJava\My_Workspace\Space_Deep\Session05_Spring\spring-to-go\src\main\resources
2025-10-11 14:56:59,779 [Worker-116: Building] INFO  o.a.m.s.f.DefaultMavenResourcesFiltering - skip non existing resourceDirectory D:\BackendJava\My_Workspace\Space_Deep\Session05_Spring\spring-to-go\src\test\resources
2025-10-11 14:57:15,621 [Worker-119: Building] INFO  o.a.m.s.f.DefaultMavenResourcesFiltering - skip non existing resourceDirectory D:\BackendJava\My_Workspace\Space_Deep\Session05_Spring\spring-to-go\src\main\resources
2025-10-11 14:57:15,623 [Worker-119: Building] INFO  o.a.m.s.f.DefaultMavenResourcesFiltering - skip non existing resourceDirectory D:\BackendJava\My_Workspace\Space_Deep\Session05_Spring\spring-to-go\src\test\resources
2025-10-11 14:57:21,072 [Worker-115: Building] INFO  o.a.m.s.f.DefaultMavenResourcesFiltering - skip non existing resourceDirectory D:\BackendJava\My_Workspace\Space_Deep\Session05_Spring\spring-to-go\src\main\resources
2025-10-11 14:57:21,074 [Worker-115: Building] INFO  o.a.m.s.f.DefaultMavenResourcesFiltering - skip non existing resourceDirectory D:\BackendJava\My_Workspace\Space_Deep\Session05_Spring\spring-to-go\src\test\resources
2025-10-11 14:58:32,312 [Worker-118: Building] INFO  o.a.m.s.f.DefaultMavenResourcesFiltering - skip non existing resourceDirectory D:\BackendJava\My_Workspace\Space_Deep\Session05_Spring\spring-to-go\src\main\resources
2025-10-11 14:58:32,313 [Worker-118: Building] INFO  o.a.m.s.f.DefaultMavenResourcesFiltering - skip non existing resourceDirectory D:\BackendJava\My_Workspace\Space_Deep\Session05_Spring\spring-to-go\src\test\resources
2025-10-11 15:01:00,152 [Worker-117: Building] INFO  o.a.m.s.f.DefaultMavenResourcesFiltering - skip non existing resourceDirectory D:\BackendJava\My_Workspace\Space_Deep\Session05_Spring\spring-to-go\src\main\resources
2025-10-11 15:01:00,153 [Worker-117: Building] INFO  o.a.m.s.f.DefaultMavenResourcesFiltering - skip non existing resourceDirectory D:\BackendJava\My_Workspace\Space_Deep\Session05_Spring\spring-to-go\src\test\resources
2025-10-11 15:01:14,148 [Worker-113: Building] INFO  o.a.m.s.f.DefaultMavenResourcesFiltering - skip non existing resourceDirectory D:\BackendJava\My_Workspace\Space_Deep\Session05_Spring\spring-to-go\src\main\resources
2025-10-11 15:01:14,150 [Worker-113: Building] INFO  o.a.m.s.f.DefaultMavenResourcesFiltering - skip non existing resourceDirectory D:\BackendJava\My_Workspace\Space_Deep\Session05_Spring\spring-to-go\src\test\resources
2025-10-11 15:01:25,629 [Worker-119: Building] INFO  o.a.m.s.f.DefaultMavenResourcesFiltering - skip non existing resourceDirectory D:\BackendJava\My_Workspace\Space_Deep\Session05_Spring\spring-to-go\src\main\resources
2025-10-11 15:01:25,630 [Worker-119: Building] INFO  o.a.m.s.f.DefaultMavenResourcesFiltering - skip non existing resourceDirectory D:\BackendJava\My_Workspace\Space_Deep\Session05_Spring\spring-to-go\src\test\resources
2025-10-11 15:01:30,319 [Worker-118: Building] INFO  o.a.m.s.f.DefaultMavenResourcesFiltering - skip non existing resourceDirectory D:\BackendJava\My_Workspace\Space_Deep\Session05_Spring\spring-to-go\src\main\resources
2025-10-11 15:01:30,320 [Worker-118: Building] INFO  o.a.m.s.f.DefaultMavenResourcesFiltering - skip non existing resourceDirectory D:\BackendJava\My_Workspace\Space_Deep\Session05_Spring\spring-to-go\src\test\resources
2025-10-11 15:03:23,023 [Worker-117: Building] INFO  o.a.m.s.f.DefaultMavenResourcesFiltering - skip non existing resourceDirectory D:\BackendJava\My_Workspace\Space_Deep\Session05_Spring\spring-to-go\src\main\resources
2025-10-11 15:03:23,025 [Worker-117: Building] INFO  o.a.m.s.f.DefaultMavenResourcesFiltering - skip non existing resourceDirectory D:\BackendJava\My_Workspace\Space_Deep\Session05_Spring\spring-to-go\src\test\resources
2025-10-11 15:03:42,592 [Worker-116: Building] INFO  o.a.m.s.f.DefaultMavenResourcesFiltering - skip non existing resourceDirectory D:\BackendJava\My_Workspace\Space_Deep\Session05_Spring\spring-to-go\src\main\resources
2025-10-11 15:03:42,593 [Worker-116: Building] INFO  o.a.m.s.f.DefaultMavenResourcesFiltering - skip non existing resourceDirectory D:\BackendJava\My_Workspace\Space_Deep\Session05_Spring\spring-to-go\src\test\resources
2025-10-11 15:04:03,689 [Worker-113: Building] INFO  o.a.m.s.f.DefaultMavenResourcesFiltering - skip non existing resourceDirectory D:\BackendJava\My_Workspace\Space_Deep\Session05_Spring\spring-to-go\src\main\resources
2025-10-11 15:04:03,690 [Worker-113: Building] INFO  o.a.m.s.f.DefaultMavenResourcesFiltering - skip non existing resourceDirectory D:\BackendJava\My_Workspace\Space_Deep\Session05_Spring\spring-to-go\src\test\resources
2025-10-11 15:04:10,125 [Worker-119: Building] INFO  o.a.m.s.f.DefaultMavenResourcesFiltering - skip non existing resourceDirectory D:\BackendJava\My_Workspace\Space_Deep\Session05_Spring\spring-to-go\src\main\resources
2025-10-11 15:04:10,126 [Worker-119: Building] INFO  o.a.m.s.f.DefaultMavenResourcesFiltering - skip non existing resourceDirectory D:\BackendJava\My_Workspace\Space_Deep\Session05_Spring\spring-to-go\src\test\resources
2025-10-11 15:05:20,705 [Worker-119: Building] INFO  o.a.m.s.f.DefaultMavenResourcesFiltering - skip non existing resourceDirectory D:\BackendJava\My_Workspace\Space_Deep\Session05_Spring\spring-to-go\src\main\resources
2025-10-11 15:05:20,706 [Worker-119: Building] INFO  o.a.m.s.f.DefaultMavenResourcesFiltering - skip non existing resourceDirectory D:\BackendJava\My_Workspace\Space_Deep\Session05_Spring\spring-to-go\src\test\resources
2025-10-11 15:07:23,973 [Worker-119: Building] INFO  o.a.m.s.f.DefaultMavenResourcesFiltering - skip non existing resourceDirectory D:\BackendJava\My_Workspace\Space_Deep\Session05_Spring\spring-to-go\src\main\resources
2025-10-11 15:07:23,975 [Worker-119: Building] INFO  o.a.m.s.f.DefaultMavenResourcesFiltering - skip non existing resourceDirectory D:\BackendJava\My_Workspace\Space_Deep\Session05_Spring\spring-to-go\src\test\resources
2025-10-11 15:07:49,690 [Worker-118: Building] INFO  o.a.m.s.f.DefaultMavenResourcesFiltering - skip non existing resourceDirectory D:\BackendJava\My_Workspace\Space_Deep\Session05_Spring\spring-to-go\src\main\resources
2025-10-11 15:07:49,691 [Worker-118: Building] INFO  o.a.m.s.f.DefaultMavenResourcesFiltering - skip non existing resourceDirectory D:\BackendJava\My_Workspace\Space_Deep\Session05_Spring\spring-to-go\src\test\resources
2025-10-11 15:10:07,528 [Worker-119: Building] INFO  o.a.m.s.f.DefaultMavenResourcesFiltering - skip non existing resourceDirectory D:\BackendJava\My_Workspace\Space_Deep\Session05_Spring\spring-to-go\src\main\resources
2025-10-11 15:10:07,529 [Worker-119: Building] INFO  o.a.m.s.f.DefaultMavenResourcesFiltering - skip non existing resourceDirectory D:\BackendJava\My_Workspace\Space_Deep\Session05_Spring\spring-to-go\src\test\resources
2025-10-11 15:11:19,857 [Worker-113: Building] INFO  o.a.m.s.f.DefaultMavenResourcesFiltering - skip non existing resourceDirectory D:\BackendJava\My_Workspace\Space_Deep\Session05_Spring\spring-to-go\src\main\resources
2025-10-11 15:11:19,859 [Worker-113: Building] INFO  o.a.m.s.f.DefaultMavenResourcesFiltering - skip non existing resourceDirectory D:\BackendJava\My_Workspace\Space_Deep\Session05_Spring\spring-to-go\src\test\resources
2025-10-11 15:11:32,645 [Worker-109: Building] INFO  o.a.m.s.f.DefaultMavenResourcesFiltering - skip non existing resourceDirectory D:\BackendJava\My_Workspace\Space_Deep\Session05_Spring\spring-to-go\src\main\resources
2025-10-11 15:11:32,646 [Worker-109: Building] INFO  o.a.m.s.f.DefaultMavenResourcesFiltering - skip non existing resourceDirectory D:\BackendJava\My_Workspace\Space_Deep\Session05_Spring\spring-to-go\src\test\resources
2025-10-11 15:11:35,179 [Worker-113: Building] INFO  o.a.m.s.f.DefaultMavenResourcesFiltering - skip non existing resourceDirectory D:\BackendJava\My_Workspace\Space_Deep\Session05_Spring\spring-to-go\src\main\resources
2025-10-11 15:11:35,180 [Worker-113: Building] INFO  o.a.m.s.f.DefaultMavenResourcesFiltering - skip non existing resourceDirectory D:\BackendJava\My_Workspace\Space_Deep\Session05_Spring\spring-to-go\src\test\resources
2025-10-11 15:12:25,748 [Worker-109: Building] INFO  o.a.m.s.f.DefaultMavenResourcesFiltering - skip non existing resourceDirectory D:\BackendJava\My_Workspace\Space_Deep\Session05_Spring\spring-to-go\src\main\resources
2025-10-11 15:12:25,750 [Worker-109: Building] INFO  o.a.m.s.f.DefaultMavenResourcesFiltering - skip non existing resourceDirectory D:\BackendJava\My_Workspace\Space_Deep\Session05_Spring\spring-to-go\src\test\resources
2025-10-11 15:12:50,427 [Worker-119: Launching MainV2] INFO  o.a.m.s.f.DefaultMavenResourcesFiltering - skip non existing resourceDirectory D:\BackendJava\My_Workspace\Space_Deep\Session05_Spring\spring-to-go\src\main\resources
2025-10-11 15:12:50,434 [Worker-119: Launching MainV2] INFO  o.a.m.s.f.DefaultMavenResourcesFiltering - skip non existing resourceDirectory D:\BackendJava\My_Workspace\Space_Deep\Session05_Spring\spring-to-go\src\test\resources
2025-10-11 15:13:00,509 [Worker-120: Building] INFO  o.a.m.s.f.DefaultMavenResourcesFiltering - skip non existing resourceDirectory D:\BackendJava\My_Workspace\Space_Deep\Session05_Spring\spring-to-go\src\main\resources
2025-10-11 15:13:00,510 [Worker-120: Building] INFO  o.a.m.s.f.DefaultMavenResourcesFiltering - skip non existing resourceDirectory D:\BackendJava\My_Workspace\Space_Deep\Session05_Spring\spring-to-go\src\test\resources
2025-10-11 15:14:19,981 [Worker-121: Building] INFO  o.a.m.s.f.DefaultMavenResourcesFiltering - skip non existing resourceDirectory D:\BackendJava\My_Workspace\Space_Deep\Session05_Spring\spring-to-go\src\main\resources
2025-10-11 15:14:19,984 [Worker-121: Building] INFO  o.a.m.s.f.DefaultMavenResourcesFiltering - skip non existing resourceDirectory D:\BackendJava\My_Workspace\Space_Deep\Session05_Spring\spring-to-go\src\test\resources
2025-10-11 15:14:31,759 [Worker-122: Building] INFO  o.a.m.s.f.DefaultMavenResourcesFiltering - skip non existing resourceDirectory D:\BackendJava\My_Workspace\Space_Deep\Session05_Spring\spring-to-go\src\main\resources
2025-10-11 15:14:31,761 [Worker-122: Building] INFO  o.a.m.s.f.DefaultMavenResourcesFiltering - skip non existing resourceDirectory D:\BackendJava\My_Workspace\Space_Deep\Session05_Spring\spring-to-go\src\test\resources
2025-10-11 15:14:53,192 [Worker-120: Building] INFO  o.a.m.s.f.DefaultMavenResourcesFiltering - skip non existing resourceDirectory D:\BackendJava\My_Workspace\Space_Deep\Session05_Spring\spring-to-go\src\main\resources
2025-10-11 15:14:53,194 [Worker-120: Building] INFO  o.a.m.s.f.DefaultMavenResourcesFiltering - skip non existing resourceDirectory D:\BackendJava\My_Workspace\Space_Deep\Session05_Spring\spring-to-go\src\test\resources
2025-10-11 15:15:04,695 [Worker-120: Building] INFO  o.a.m.s.f.DefaultMavenResourcesFiltering - skip non existing resourceDirectory D:\BackendJava\My_Workspace\Space_Deep\Session05_Spring\spring-to-go\src\main\resources
2025-10-11 15:15:04,696 [Worker-120: Building] INFO  o.a.m.s.f.DefaultMavenResourcesFiltering - skip non existing resourceDirectory D:\BackendJava\My_Workspace\Space_Deep\Session05_Spring\spring-to-go\src\test\resources
2025-10-11 15:19:11,019 [Worker-113: Building] INFO  o.a.m.s.f.DefaultMavenResourcesFiltering - skip non existing resourceDirectory D:\BackendJava\My_Workspace\Space_Deep\Session05_Spring\spring-to-go\src\main\resources
2025-10-11 15:19:11,021 [Worker-113: Building] INFO  o.a.m.s.f.DefaultMavenResourcesFiltering - skip non existing resourceDirectory D:\BackendJava\My_Workspace\Space_Deep\Session05_Spring\spring-to-go\src\test\resources
2025-10-11 15:20:59,014 [Worker-123: Building] INFO  o.a.m.s.f.DefaultMavenResourcesFiltering - skip non existing resourceDirectory D:\BackendJava\My_Workspace\Space_Deep\Session05_Spring\spring-to-go\src\main\resources
2025-10-11 15:20:59,015 [Worker-123: Building] INFO  o.a.m.s.f.DefaultMavenResourcesFiltering - skip non existing resourceDirectory D:\BackendJava\My_Workspace\Space_Deep\Session05_Spring\spring-to-go\src\test\resources
2025-10-11 15:22:09,167 [Worker-123: Building] INFO  o.a.m.s.f.DefaultMavenResourcesFiltering - skip non existing resourceDirectory D:\BackendJava\My_Workspace\Space_Deep\Session05_Spring\spring-to-go\src\main\resources
2025-10-11 15:22:09,168 [Worker-123: Building] INFO  o.a.m.s.f.DefaultMavenResourcesFiltering - skip non existing resourceDirectory D:\BackendJava\My_Workspace\Space_Deep\Session05_Spring\spring-to-go\src\test\resources
2025-10-11 15:24:17,871 [Worker-125: Building] INFO  o.a.m.s.f.DefaultMavenResourcesFiltering - skip non existing resourceDirectory D:\BackendJava\My_Workspace\Space_Deep\Session05_Spring\spring-to-go\src\main\resources
2025-10-11 15:24:17,873 [Worker-125: Building] INFO  o.a.m.s.f.DefaultMavenResourcesFiltering - skip non existing resourceDirectory D:\BackendJava\My_Workspace\Space_Deep\Session05_Spring\spring-to-go\src\test\resources
2025-10-11 15:30:04,371 [Worker-128: Building] INFO  o.a.m.s.f.DefaultMavenResourcesFiltering - skip non existing resourceDirectory D:\BackendJava\My_Workspace\Space_Deep\Session05_Spring\spring-to-go\src\main\resources
2025-10-11 15:30:04,373 [Worker-128: Building] INFO  o.a.m.s.f.DefaultMavenResourcesFiltering - skip non existing resourceDirectory D:\BackendJava\My_Workspace\Space_Deep\Session05_Spring\spring-to-go\src\test\resources
2025-10-11 15:30:21,246 [Worker-127: Building] INFO  o.a.m.s.f.DefaultMavenResourcesFiltering - skip non existing resourceDirectory D:\BackendJava\My_Workspace\Space_Deep\Session05_Spring\spring-to-go\src\main\resources
2025-10-11 15:30:21,248 [Worker-127: Building] INFO  o.a.m.s.f.DefaultMavenResourcesFiltering - skip non existing resourceDirectory D:\BackendJava\My_Workspace\Space_Deep\Session05_Spring\spring-to-go\src\test\resources
2025-10-11 15:30:35,488 [Worker-125: Building] INFO  o.a.m.s.f.DefaultMavenResourcesFiltering - skip non existing resourceDirectory D:\BackendJava\My_Workspace\Space_Deep\Session05_Spring\spring-to-go\src\main\resources
2025-10-11 15:30:35,492 [Worker-125: Building] INFO  o.a.m.s.f.DefaultMavenResourcesFiltering - skip non existing resourceDirectory D:\BackendJava\My_Workspace\Space_Deep\Session05_Spring\spring-to-go\src\test\resources
2025-10-11 15:31:00,656 [Worker-128: Building] INFO  o.a.m.s.f.DefaultMavenResourcesFiltering - skip non existing resourceDirectory D:\BackendJava\My_Workspace\Space_Deep\Session05_Spring\spring-to-go\src\main\resources
2025-10-11 15:31:00,657 [Worker-128: Building] INFO  o.a.m.s.f.DefaultMavenResourcesFiltering - skip non existing resourceDirectory D:\BackendJava\My_Workspace\Space_Deep\Session05_Spring\spring-to-go\src\test\resources
2025-10-11 15:39:55,582 [Worker-133: Building] INFO  o.a.m.s.f.DefaultMavenResourcesFiltering - skip non existing resourceDirectory D:\BackendJava\My_Workspace\Space_Deep\Session05_Spring\spring-to-go\src\main\resources
2025-10-11 15:39:55,583 [Worker-133: Building] INFO  o.a.m.s.f.DefaultMavenResourcesFiltering - skip non existing resourceDirectory D:\BackendJava\My_Workspace\Space_Deep\Session05_Spring\spring-to-go\src\test\resources
2025-10-11 15:40:08,686 [Worker-132: Building] INFO  o.a.m.s.f.DefaultMavenResourcesFiltering - skip non existing resourceDirectory D:\BackendJava\My_Workspace\Space_Deep\Session05_Spring\spring-to-go\src\main\resources
2025-10-11 15:40:08,687 [Worker-132: Building] INFO  o.a.m.s.f.DefaultMavenResourcesFiltering - skip non existing resourceDirectory D:\BackendJava\My_Workspace\Space_Deep\Session05_Spring\spring-to-go\src\test\resources
2025-10-11 15:40:13,860 [Worker-129: Building] INFO  o.a.m.s.f.DefaultMavenResourcesFiltering - skip non existing resourceDirectory D:\BackendJava\My_Workspace\Space_Deep\Session05_Spring\spring-to-go\src\main\resources
2025-10-11 15:40:13,863 [Worker-129: Building] INFO  o.a.m.s.f.DefaultMavenResourcesFiltering - skip non existing resourceDirectory D:\BackendJava\My_Workspace\Space_Deep\Session05_Spring\spring-to-go\src\test\resources
2025-10-11 15:40:22,479 [Worker-130: Building] INFO  o.a.m.s.f.DefaultMavenResourcesFiltering - skip non existing resourceDirectory D:\BackendJava\My_Workspace\Space_Deep\Session05_Spring\spring-to-go\src\main\resources
2025-10-11 15:40:22,480 [Worker-130: Building] INFO  o.a.m.s.f.DefaultMavenResourcesFiltering - skip non existing resourceDirectory D:\BackendJava\My_Workspace\Space_Deep\Session05_Spring\spring-to-go\src\test\resources
2025-10-11 15:41:27,003 [Worker-131: Building] INFO  o.a.m.s.f.DefaultMavenResourcesFiltering - skip non existing resourceDirectory D:\BackendJava\My_Workspace\Space_Deep\Session05_Spring\spring-to-go\src\main\resources
2025-10-11 15:41:27,004 [Worker-131: Building] INFO  o.a.m.s.f.DefaultMavenResourcesFiltering - skip non existing resourceDirectory D:\BackendJava\My_Workspace\Space_Deep\Session05_Spring\spring-to-go\src\test\resources
2025-10-11 15:41:52,333 [Worker-134: Building] INFO  o.a.m.s.f.DefaultMavenResourcesFiltering - skip non existing resourceDirectory D:\BackendJava\My_Workspace\Space_Deep\Session05_Spring\spring-to-go\src\main\resources
2025-10-11 15:41:52,334 [Worker-134: Building] INFO  o.a.m.s.f.DefaultMavenResourcesFiltering - skip non existing resourceDirectory D:\BackendJava\My_Workspace\Space_Deep\Session05_Spring\spring-to-go\src\test\resources
2025-10-11 15:42:59,904 [Worker-131: Building] INFO  o.a.m.s.f.DefaultMavenResourcesFiltering - skip non existing resourceDirectory D:\BackendJava\My_Workspace\Space_Deep\Session05_Spring\spring-to-go\src\main\resources
2025-10-11 15:42:59,906 [Worker-131: Building] INFO  o.a.m.s.f.DefaultMavenResourcesFiltering - skip non existing resourceDirectory D:\BackendJava\My_Workspace\Space_Deep\Session05_Spring\spring-to-go\src\test\resources
2025-10-11 15:43:15,166 [Worker-132: Building] INFO  o.a.m.s.f.DefaultMavenResourcesFiltering - skip non existing resourceDirectory D:\BackendJava\My_Workspace\Space_Deep\Session05_Spring\spring-to-go\src\main\resources
2025-10-11 15:43:15,168 [Worker-132: Building] INFO  o.a.m.s.f.DefaultMavenResourcesFiltering - skip non existing resourceDirectory D:\BackendJava\My_Workspace\Space_Deep\Session05_Spring\spring-to-go\src\test\resources
2025-10-11 15:43:37,205 [Worker-130: Building] INFO  o.a.m.s.f.DefaultMavenResourcesFiltering - skip non existing resourceDirectory D:\BackendJava\My_Workspace\Space_Deep\Session05_Spring\spring-to-go\src\main\resources
2025-10-11 15:43:37,207 [Worker-130: Building] INFO  o.a.m.s.f.DefaultMavenResourcesFiltering - skip non existing resourceDirectory D:\BackendJava\My_Workspace\Space_Deep\Session05_Spring\spring-to-go\src\test\resources
2025-10-11 15:45:29,512 [Worker-131: Building] INFO  o.a.m.s.f.DefaultMavenResourcesFiltering - skip non existing resourceDirectory D:\BackendJava\My_Workspace\Space_Deep\Session05_Spring\spring-to-go\src\main\resources
2025-10-11 15:45:29,513 [Worker-131: Building] INFO  o.a.m.s.f.DefaultMavenResourcesFiltering - skip non existing resourceDirectory D:\BackendJava\My_Workspace\Space_Deep\Session05_Spring\spring-to-go\src\test\resources
2025-10-11 15:46:31,931 [Worker-131: Building] INFO  o.a.m.s.f.DefaultMavenResourcesFiltering - skip non existing resourceDirectory D:\BackendJava\My_Workspace\Space_Deep\Session05_Spring\spring-to-go\src\main\resources
2025-10-11 15:46:31,933 [Worker-131: Building] INFO  o.a.m.s.f.DefaultMavenResourcesFiltering - skip non existing resourceDirectory D:\BackendJava\My_Workspace\Space_Deep\Session05_Spring\spring-to-go\src\test\resources
2025-10-11 15:47:10,138 [Worker-131: Building] INFO  o.a.m.s.f.DefaultMavenResourcesFiltering - skip non existing resourceDirectory D:\BackendJava\My_Workspace\Space_Deep\Session05_Spring\spring-to-go\src\main\resources
2025-10-11 15:47:10,140 [Worker-131: Building] INFO  o.a.m.s.f.DefaultMavenResourcesFiltering - skip non existing resourceDirectory D:\BackendJava\My_Workspace\Space_Deep\Session05_Spring\spring-to-go\src\test\resources
2025-10-11 15:47:23,155 [Worker-134: Building] INFO  o.a.m.s.f.DefaultMavenResourcesFiltering - skip non existing resourceDirectory D:\BackendJava\My_Workspace\Space_Deep\Session05_Spring\spring-to-go\src\main\resources
2025-10-11 15:47:23,156 [Worker-134: Building] INFO  o.a.m.s.f.DefaultMavenResourcesFiltering - skip non existing resourceDirectory D:\BackendJava\My_Workspace\Space_Deep\Session05_Spring\spring-to-go\src\test\resources
2025-10-11 15:47:37,171 [Worker-130: Building] INFO  o.a.m.s.f.DefaultMavenResourcesFiltering - skip non existing resourceDirectory D:\BackendJava\My_Workspace\Space_Deep\Session05_Spring\spring-to-go\src\main\resources
2025-10-11 15:47:37,172 [Worker-130: Building] INFO  o.a.m.s.f.DefaultMavenResourcesFiltering - skip non existing resourceDirectory D:\BackendJava\My_Workspace\Space_Deep\Session05_Spring\spring-to-go\src\test\resources
2025-10-11 15:50:21,642 [Worker-135: Building] INFO  o.a.m.s.f.DefaultMavenResourcesFiltering - skip non existing resourceDirectory D:\BackendJava\My_Workspace\Space_Deep\Session05_Spring\spring-to-go\src\main\resources
2025-10-11 15:50:21,643 [Worker-135: Building] INFO  o.a.m.s.f.DefaultMavenResourcesFiltering - skip non existing resourceDirectory D:\BackendJava\My_Workspace\Space_Deep\Session05_Spring\spring-to-go\src\test\resources
2025-10-11 15:50:55,927 [Worker-135: Building] INFO  o.a.m.s.f.DefaultMavenResourcesFiltering - skip non existing resourceDirectory D:\BackendJava\My_Workspace\Space_Deep\Session05_Spring\spring-to-go\src\main\resources
2025-10-11 15:50:55,928 [Worker-135: Building] INFO  o.a.m.s.f.DefaultMavenResourcesFiltering - skip non existing resourceDirectory D:\BackendJava\My_Workspace\Space_Deep\Session05_Spring\spring-to-go\src\test\resources
2025-10-11 15:50:58,780 [Worker-135: Building] INFO  o.a.m.s.f.DefaultMavenResourcesFiltering - skip non existing resourceDirectory D:\BackendJava\My_Workspace\Space_Deep\Session05_Spring\spring-to-go\src\main\resources
2025-10-11 15:50:58,781 [Worker-135: Building] INFO  o.a.m.s.f.DefaultMavenResourcesFiltering - skip non existing resourceDirectory D:\BackendJava\My_Workspace\Space_Deep\Session05_Spring\spring-to-go\src\test\resources
2025-10-11 15:51:22,348 [Worker-134: Building] INFO  o.a.m.s.f.DefaultMavenResourcesFiltering - skip non existing resourceDirectory D:\BackendJava\My_Workspace\Space_Deep\Session05_Spring\spring-to-go\src\main\resources
2025-10-11 15:51:22,350 [Worker-134: Building] INFO  o.a.m.s.f.DefaultMavenResourcesFiltering - skip non existing resourceDirectory D:\BackendJava\My_Workspace\Space_Deep\Session05_Spring\spring-to-go\src\test\resources
2025-10-11 15:51:39,519 [Worker-137: Building] INFO  o.a.m.s.f.DefaultMavenResourcesFiltering - skip non existing resourceDirectory D:\BackendJava\My_Workspace\Space_Deep\Session05_Spring\spring-to-go\src\main\resources
2025-10-11 15:51:39,520 [Worker-137: Building] INFO  o.a.m.s.f.DefaultMavenResourcesFiltering - skip non existing resourceDirectory D:\BackendJava\My_Workspace\Space_Deep\Session05_Spring\spring-to-go\src\test\resources
2025-10-11 15:53:50,736 [Worker-139: Building] INFO  o.a.m.s.f.DefaultMavenResourcesFiltering - skip non existing resourceDirectory D:\BackendJava\My_Workspace\Space_Deep\Session05_Spring\spring-to-go\src\main\resources
2025-10-11 15:53:50,737 [Worker-139: Building] INFO  o.a.m.s.f.DefaultMavenResourcesFiltering - skip non existing resourceDirectory D:\BackendJava\My_Workspace\Space_Deep\Session05_Spring\spring-to-go\src\test\resources
2025-10-11 15:55:29,595 [Worker-138: Building] INFO  o.a.m.s.f.DefaultMavenResourcesFiltering - skip non existing resourceDirectory D:\BackendJava\My_Workspace\Space_Deep\Session05_Spring\spring-to-go\src\main\resources
2025-10-11 15:55:29,596 [Worker-138: Building] INFO  o.a.m.s.f.DefaultMavenResourcesFiltering - skip non existing resourceDirectory D:\BackendJava\My_Workspace\Space_Deep\Session05_Spring\spring-to-go\src\test\resources
2025-10-11 15:57:05,916 [Worker-139: Building] INFO  o.a.m.s.f.DefaultMavenResourcesFiltering - skip non existing resourceDirectory D:\BackendJava\My_Workspace\Space_Deep\Session05_Spring\spring-to-go\src\main\resources
2025-10-11 15:57:05,917 [Worker-139: Building] INFO  o.a.m.s.f.DefaultMavenResourcesFiltering - skip non existing resourceDirectory D:\BackendJava\My_Workspace\Space_Deep\Session05_Spring\spring-to-go\src\test\resources
2025-10-11 15:59:03,689 [Worker-143: Building] INFO  o.a.m.s.f.DefaultMavenResourcesFiltering - skip non existing resourceDirectory D:\BackendJava\My_Workspace\Space_Deep\Session05_Spring\spring-to-go\src\main\resources
2025-10-11 15:59:03,693 [Worker-143: Building] INFO  o.a.m.s.f.DefaultMavenResourcesFiltering - skip non existing resourceDirectory D:\BackendJava\My_Workspace\Space_Deep\Session05_Spring\spring-to-go\src\test\resources
2025-10-11 15:59:23,189 [Worker-140: Building] INFO  o.a.m.s.f.DefaultMavenResourcesFiltering - skip non existing resourceDirectory D:\BackendJava\My_Workspace\Space_Deep\Session05_Spring\spring-to-go\src\main\resources
2025-10-11 15:59:23,194 [Worker-140: Building] INFO  o.a.m.s.f.DefaultMavenResourcesFiltering - skip non existing resourceDirectory D:\BackendJava\My_Workspace\Space_Deep\Session05_Spring\spring-to-go\src\test\resources
2025-10-11 15:59:33,728 [Worker-143: Building] INFO  o.a.m.s.f.DefaultMavenResourcesFiltering - skip non existing resourceDirectory D:\BackendJava\My_Workspace\Space_Deep\Session05_Spring\spring-to-go\src\main\resources
2025-10-11 15:59:33,729 [Worker-143: Building] INFO  o.a.m.s.f.DefaultMavenResourcesFiltering - skip non existing resourceDirectory D:\BackendJava\My_Workspace\Space_Deep\Session05_Spring\spring-to-go\src\test\resources
2025-10-11 15:59:46,031 [Worker-143: Building] INFO  o.a.m.s.f.DefaultMavenResourcesFiltering - skip non existing resourceDirectory D:\BackendJava\My_Workspace\Space_Deep\Session05_Spring\spring-to-go\src\main\resources
2025-10-11 15:59:46,032 [Worker-143: Building] INFO  o.a.m.s.f.DefaultMavenResourcesFiltering - skip non existing resourceDirectory D:\BackendJava\My_Workspace\Space_Deep\Session05_Spring\spring-to-go\src\test\resources
2025-10-11 16:00:12,228 [Worker-138: Building] INFO  o.a.m.s.f.DefaultMavenResourcesFiltering - skip non existing resourceDirectory D:\BackendJava\My_Workspace\Space_Deep\Session05_Spring\spring-to-go\src\main\resources
2025-10-11 16:00:12,231 [Worker-138: Building] INFO  o.a.m.s.f.DefaultMavenResourcesFiltering - skip non existing resourceDirectory D:\BackendJava\My_Workspace\Space_Deep\Session05_Spring\spring-to-go\src\test\resources
2025-10-11 16:03:02,724 [Worker-146: Building] INFO  o.a.m.s.f.DefaultMavenResourcesFiltering - skip non existing resourceDirectory D:\BackendJava\My_Workspace\Space_Deep\Session05_Spring\spring-to-go\src\main\resources
2025-10-11 16:03:02,725 [Worker-146: Building] INFO  o.a.m.s.f.DefaultMavenResourcesFiltering - skip non existing resourceDirectory D:\BackendJava\My_Workspace\Space_Deep\Session05_Spring\spring-to-go\src\test\resources
2025-10-11 16:03:46,808 [Worker-144: Building] INFO  o.a.m.s.f.DefaultMavenResourcesFiltering - skip non existing resourceDirectory D:\BackendJava\My_Workspace\Space_Deep\Session05_Spring\spring-to-go\src\main\resources
2025-10-11 16:03:46,810 [Worker-144: Building] INFO  o.a.m.s.f.DefaultMavenResourcesFiltering - skip non existing resourceDirectory D:\BackendJava\My_Workspace\Space_Deep\Session05_Spring\spring-to-go\src\test\resources
2025-10-11 16:14:48,087 [Worker-147: Building] INFO  o.a.m.s.f.DefaultMavenResourcesFiltering - skip non existing resourceDirectory D:\BackendJava\My_Workspace\Space_Deep\Session05_Spring\spring-to-go\src\main\resources
2025-10-11 16:14:48,089 [Worker-147: Building] INFO  o.a.m.s.f.DefaultMavenResourcesFiltering - skip non existing resourceDirectory D:\BackendJava\My_Workspace\Space_Deep\Session05_Spring\spring-to-go\src\test\resources
2025-10-12 08:20:57,748 [Worker-3: Loading available Gradle versions] INFO  o.e.b.c.i.u.g.PublishedGradleVersions - Gradle version information cache is out-of-date. Trying to update.
2025-10-12 08:24:08,284 [Worker-1: Building] INFO  o.a.m.s.f.DefaultMavenResourcesFiltering - skip non existing resourceDirectory D:\BackendJava\My_Workspace\Space_Deep\Session05_Spring\spring-to-go\src\main\resources
2025-10-12 08:24:08,292 [Worker-1: Building] INFO  o.a.m.s.f.DefaultMavenResourcesFiltering - skip non existing resourceDirectory D:\BackendJava\My_Workspace\Space_Deep\Session05_Spring\spring-to-go\src\test\resources
2025-10-12 08:24:16,089 [Worker-18: Building] INFO  o.a.m.s.f.DefaultMavenResourcesFiltering - skip non existing resourceDirectory D:\BackendJava\My_Workspace\Space_Deep\Session05_Spring\spring-to-go\src\main\resources
2025-10-12 08:24:16,091 [Worker-18: Building] INFO  o.a.m.s.f.DefaultMavenResourcesFiltering - skip non existing resourceDirectory D:\BackendJava\My_Workspace\Space_Deep\Session05_Spring\spring-to-go\src\test\resources
2025-10-12 08:25:02,758 [Worker-10: Building] INFO  o.a.m.s.f.DefaultMavenResourcesFiltering - skip non existing resourceDirectory D:\BackendJava\My_Workspace\Space_Deep\Session05_Spring\spring-to-go\src\main\resources
2025-10-12 08:25:02,761 [Worker-10: Building] INFO  o.a.m.s.f.DefaultMavenResourcesFiltering - skip non existing resourceDirectory D:\BackendJava\My_Workspace\Space_Deep\Session05_Spring\spring-to-go\src\test\resources
2025-10-12 08:28:52,850 [Worker-2: Building] INFO  o.a.m.s.f.DefaultMavenResourcesFiltering - skip non existing resourceDirectory D:\BackendJava\My_Workspace\Space_Deep\Session05_Spring\spring-to-go\src\main\resources
2025-10-12 08:28:52,855 [Worker-2: Building] INFO  o.a.m.s.f.DefaultMavenResourcesFiltering - skip non existing resourceDirectory D:\BackendJava\My_Workspace\Space_Deep\Session05_Spring\spring-to-go\src\test\resources
2025-10-12 08:29:09,016 [Worker-8: Building] INFO  o.a.m.s.f.DefaultMavenResourcesFiltering - skip non existing resourceDirectory D:\BackendJava\My_Workspace\Space_Deep\Session05_Spring\spring-to-go\src\main\resources
2025-10-12 08:29:09,018 [Worker-8: Building] INFO  o.a.m.s.f.DefaultMavenResourcesFiltering - skip non existing resourceDirectory D:\BackendJava\My_Workspace\Space_Deep\Session05_Spring\spring-to-go\src\test\resources
2025-10-12 08:29:22,872 [Worker-13: Building] INFO  o.a.m.s.f.DefaultMavenResourcesFiltering - skip non existing resourceDirectory D:\BackendJava\My_Workspace\Space_Deep\Session05_Spring\spring-to-go\src\main\resources
2025-10-12 08:29:22,874 [Worker-13: Building] INFO  o.a.m.s.f.DefaultMavenResourcesFiltering - skip non existing resourceDirectory D:\BackendJava\My_Workspace\Space_Deep\Session05_Spring\spring-to-go\src\test\resources
2025-10-12 08:30:38,833 [Worker-7: Building] INFO  o.a.m.s.f.DefaultMavenResourcesFiltering - skip non existing resourceDirectory D:\BackendJava\My_Workspace\Space_Deep\Session05_Spring\spring-to-go\src\main\resources
2025-10-12 08:30:38,836 [Worker-7: Building] INFO  o.a.m.s.f.DefaultMavenResourcesFiltering - skip non existing resourceDirectory D:\BackendJava\My_Workspace\Space_Deep\Session05_Spring\spring-to-go\src\test\resources
2025-10-12 08:34:39,265 [Worker-18: Launching MainV3] INFO  o.a.m.s.f.DefaultMavenResourcesFiltering - skip non existing resourceDirectory D:\BackendJava\My_Workspace\Space_Deep\Session05_Spring\spring-to-go\src\main\resources
2025-10-12 08:34:39,273 [Worker-18: Launching MainV3] INFO  o.a.m.s.f.DefaultMavenResourcesFiltering - skip non existing resourceDirectory D:\BackendJava\My_Workspace\Space_Deep\Session05_Spring\spring-to-go\src\test\resources
2025-10-12 08:43:41,326 [Worker-22: Building] INFO  o.a.m.s.f.DefaultMavenResourcesFiltering - skip non existing resourceDirectory D:\BackendJava\My_Workspace\Space_Deep\Session05_Spring\spring-to-go\src\main\resources
2025-10-12 08:43:41,328 [Worker-22: Building] INFO  o.a.m.s.f.DefaultMavenResourcesFiltering - skip non existing resourceDirectory D:\BackendJava\My_Workspace\Space_Deep\Session05_Spring\spring-to-go\src\test\resources
2025-10-12 09:02:34,840 [Worker-26: Building] INFO  o.a.m.s.f.DefaultMavenResourcesFiltering - skip non existing resourceDirectory D:\BackendJava\My_Workspace\Space_Deep\Session05_Spring\spring-to-go\src\main\resources
2025-10-12 09:02:34,843 [Worker-26: Building] INFO  o.a.m.s.f.DefaultMavenResourcesFiltering - skip non existing resourceDirectory D:\BackendJava\My_Workspace\Space_Deep\Session05_Spring\spring-to-go\src\test\resources
2025-10-12 09:02:38,736 [Worker-31: Building] INFO  o.a.m.s.f.DefaultMavenResourcesFiltering - skip non existing resourceDirectory D:\BackendJava\My_Workspace\Space_Deep\Session05_Spring\spring-to-go\src\main\resources
2025-10-12 09:02:38,738 [Worker-31: Building] INFO  o.a.m.s.f.DefaultMavenResourcesFiltering - skip non existing resourceDirectory D:\BackendJava\My_Workspace\Space_Deep\Session05_Spring\spring-to-go\src\test\resources
2025-10-12 09:10:55,836 [Worker-38: Building] INFO  o.a.m.s.f.DefaultMavenResourcesFiltering - skip non existing resourceDirectory D:\BackendJava\My_Workspace\Space_Deep\Session05_Spring\spring-to-go\src\main\resources
2025-10-12 09:10:55,838 [Worker-38: Building] INFO  o.a.m.s.f.DefaultMavenResourcesFiltering - skip non existing resourceDirectory D:\BackendJava\My_Workspace\Space_Deep\Session05_Spring\spring-to-go\src\test\resources
2025-10-12 09:11:04,600 [Worker-37: Building] INFO  o.a.m.s.f.DefaultMavenResourcesFiltering - skip non existing resourceDirectory D:\BackendJava\My_Workspace\Space_Deep\Session05_Spring\spring-to-go\src\main\resources
2025-10-12 09:11:04,603 [Worker-37: Building] INFO  o.a.m.s.f.DefaultMavenResourcesFiltering - skip non existing resourceDirectory D:\BackendJava\My_Workspace\Space_Deep\Session05_Spring\spring-to-go\src\test\resources
2025-10-12 09:16:35,228 [Worker-41: Building] INFO  o.a.m.s.f.DefaultMavenResourcesFiltering - skip non existing resourceDirectory D:\BackendJava\My_Workspace\Space_Deep\Session05_Spring\spring-to-go\src\main\resources
2025-10-12 09:16:35,229 [Worker-41: Building] INFO  o.a.m.s.f.DefaultMavenResourcesFiltering - skip non existing resourceDirectory D:\BackendJava\My_Workspace\Space_Deep\Session05_Spring\spring-to-go\src\test\resources
2025-10-12 09:16:56,196 [Worker-44: Building] INFO  o.a.m.s.f.DefaultMavenResourcesFiltering - skip non existing resourceDirectory D:\BackendJava\My_Workspace\Space_Deep\Session05_Spring\spring-to-go\src\main\resources
2025-10-12 09:16:56,198 [Worker-44: Building] INFO  o.a.m.s.f.DefaultMavenResourcesFiltering - skip non existing resourceDirectory D:\BackendJava\My_Workspace\Space_Deep\Session05_Spring\spring-to-go\src\test\resources
2025-10-12 09:17:30,670 [Worker-44: Building] INFO  o.a.m.s.f.DefaultMavenResourcesFiltering - skip non existing resourceDirectory D:\BackendJava\My_Workspace\Space_Deep\Session05_Spring\spring-to-go\src\main\resources
2025-10-12 09:17:30,671 [Worker-44: Building] INFO  o.a.m.s.f.DefaultMavenResourcesFiltering - skip non existing resourceDirectory D:\BackendJava\My_Workspace\Space_Deep\Session05_Spring\spring-to-go\src\test\resources
2025-10-12 09:20:00,412 [Worker-47: Building] INFO  o.a.m.s.f.DefaultMavenResourcesFiltering - skip non existing resourceDirectory D:\BackendJava\My_Workspace\Space_Deep\Session05_Spring\spring-to-go\src\main\resources
2025-10-12 09:20:00,414 [Worker-47: Building] INFO  o.a.m.s.f.DefaultMavenResourcesFiltering - skip non existing resourceDirectory D:\BackendJava\My_Workspace\Space_Deep\Session05_Spring\spring-to-go\src\test\resources
2025-10-12 09:20:26,454 [Worker-42: Building] INFO  o.a.m.s.f.DefaultMavenResourcesFiltering - skip non existing resourceDirectory D:\BackendJava\My_Workspace\Space_Deep\Session05_Spring\spring-to-go\src\main\resources
2025-10-12 09:20:26,456 [Worker-42: Building] INFO  o.a.m.s.f.DefaultMavenResourcesFiltering - skip non existing resourceDirectory D:\BackendJava\My_Workspace\Space_Deep\Session05_Spring\spring-to-go\src\test\resources
2025-10-12 09:20:47,051 [Worker-38: Building] INFO  o.a.m.s.f.DefaultMavenResourcesFiltering - skip non existing resourceDirectory D:\BackendJava\My_Workspace\Space_Deep\Session05_Spring\spring-to-go\src\main\resources
2025-10-12 09:20:47,053 [Worker-38: Building] INFO  o.a.m.s.f.DefaultMavenResourcesFiltering - skip non existing resourceDirectory D:\BackendJava\My_Workspace\Space_Deep\Session05_Spring\spring-to-go\src\test\resources
2025-10-12 09:23:13,342 [Worker-38: Building] INFO  o.a.m.s.f.DefaultMavenResourcesFiltering - skip non existing resourceDirectory D:\BackendJava\My_Workspace\Space_Deep\Session05_Spring\spring-to-go\src\main\resources
2025-10-12 09:23:13,344 [Worker-38: Building] INFO  o.a.m.s.f.DefaultMavenResourcesFiltering - skip non existing resourceDirectory D:\BackendJava\My_Workspace\Space_Deep\Session05_Spring\spring-to-go\src\test\resources
2025-10-12 09:24:01,598 [Worker-42: Building] INFO  o.a.m.s.f.DefaultMavenResourcesFiltering - skip non existing resourceDirectory D:\BackendJava\My_Workspace\Space_Deep\Session05_Spring\spring-to-go\src\main\resources
2025-10-12 09:24:01,600 [Worker-42: Building] INFO  o.a.m.s.f.DefaultMavenResourcesFiltering - skip non existing resourceDirectory D:\BackendJava\My_Workspace\Space_Deep\Session05_Spring\spring-to-go\src\test\resources
2025-10-12 09:37:06,379 [Worker-51: Building] INFO  o.a.m.s.f.DefaultMavenResourcesFiltering - skip non existing resourceDirectory D:\BackendJava\My_Workspace\Space_Deep\Session05_Spring\spring-to-go\src\main\resources
2025-10-12 09:37:06,383 [Worker-51: Building] INFO  o.a.m.s.f.DefaultMavenResourcesFiltering - skip non existing resourceDirectory D:\BackendJava\My_Workspace\Space_Deep\Session05_Spring\spring-to-go\src\test\resources
2025-10-12 09:37:23,489 [Worker-51: Building] INFO  o.a.m.s.f.DefaultMavenResourcesFiltering - skip non existing resourceDirectory D:\BackendJava\My_Workspace\Space_Deep\Session05_Spring\spring-to-go\src\main\resources
2025-10-12 09:37:23,491 [Worker-51: Building] INFO  o.a.m.s.f.DefaultMavenResourcesFiltering - skip non existing resourceDirectory D:\BackendJava\My_Workspace\Space_Deep\Session05_Spring\spring-to-go\src\test\resources
2025-10-12 09:37:31,296 [Worker-42: Building] INFO  o.a.m.s.f.DefaultMavenResourcesFiltering - skip non existing resourceDirectory D:\BackendJava\My_Workspace\Space_Deep\Session05_Spring\spring-to-go\src\main\resources
2025-10-12 09:37:31,299 [Worker-42: Building] INFO  o.a.m.s.f.DefaultMavenResourcesFiltering - skip non existing resourceDirectory D:\BackendJava\My_Workspace\Space_Deep\Session05_Spring\spring-to-go\src\test\resources
2025-10-12 09:37:41,388 [Worker-52: Building] INFO  o.a.m.s.f.DefaultMavenResourcesFiltering - skip non existing resourceDirectory D:\BackendJava\My_Workspace\Space_Deep\Session05_Spring\spring-to-go\src\main\resources
2025-10-12 09:37:41,392 [Worker-52: Building] INFO  o.a.m.s.f.DefaultMavenResourcesFiltering - skip non existing resourceDirectory D:\BackendJava\My_Workspace\Space_Deep\Session05_Spring\spring-to-go\src\test\resources
2025-10-12 09:38:05,430 [Worker-42: Building] INFO  o.a.m.s.f.DefaultMavenResourcesFiltering - skip non existing resourceDirectory D:\BackendJava\My_Workspace\Space_Deep\Session05_Spring\spring-to-go\src\main\resources
2025-10-12 09:38:05,432 [Worker-42: Building] INFO  o.a.m.s.f.DefaultMavenResourcesFiltering - skip non existing resourceDirectory D:\BackendJava\My_Workspace\Space_Deep\Session05_Spring\spring-to-go\src\test\resources
2025-10-12 09:38:36,971 [Worker-53: Building] INFO  o.a.m.s.f.DefaultMavenResourcesFiltering - skip non existing resourceDirectory D:\BackendJava\My_Workspace\Space_Deep\Session05_Spring\spring-to-go\src\main\resources
2025-10-12 09:38:36,973 [Worker-53: Building] INFO  o.a.m.s.f.DefaultMavenResourcesFiltering - skip non existing resourceDirectory D:\BackendJava\My_Workspace\Space_Deep\Session05_Spring\spring-to-go\src\test\resources
2025-10-12 09:40:09,908 [Worker-42: Building] INFO  o.a.m.s.f.DefaultMavenResourcesFiltering - skip non existing resourceDirectory D:\BackendJava\My_Workspace\Space_Deep\Session05_Spring\spring-to-go\src\main\resources
2025-10-12 09:40:09,909 [Worker-42: Building] INFO  o.a.m.s.f.DefaultMavenResourcesFiltering - skip non existing resourceDirectory D:\BackendJava\My_Workspace\Space_Deep\Session05_Spring\spring-to-go\src\test\resources
2025-10-12 09:44:32,061 [Worker-51: Building] INFO  o.a.m.s.f.DefaultMavenResourcesFiltering - skip non existing resourceDirectory D:\BackendJava\My_Workspace\Space_Deep\Session05_Spring\spring-to-go\src\main\resources
2025-10-12 09:44:32,063 [Worker-51: Building] INFO  o.a.m.s.f.DefaultMavenResourcesFiltering - skip non existing resourceDirectory D:\BackendJava\My_Workspace\Space_Deep\Session05_Spring\spring-to-go\src\test\resources
2025-10-12 09:47:23,836 [Worker-57: Building] INFO  o.a.m.s.f.DefaultMavenResourcesFiltering - skip non existing resourceDirectory D:\BackendJava\My_Workspace\Space_Deep\Session05_Spring\spring-to-go\src\main\resources
2025-10-12 09:47:23,838 [Worker-57: Building] INFO  o.a.m.s.f.DefaultMavenResourcesFiltering - skip non existing resourceDirectory D:\BackendJava\My_Workspace\Space_Deep\Session05_Spring\spring-to-go\src\test\resources
2025-10-12 10:03:56,075 [Worker-64: Building] INFO  o.a.m.s.f.DefaultMavenResourcesFiltering - skip non existing resourceDirectory D:\BackendJava\My_Workspace\Space_Deep\Session05_Spring\spring-to-go\src\main\resources
2025-10-12 10:03:56,077 [Worker-64: Building] INFO  o.a.m.s.f.DefaultMavenResourcesFiltering - skip non existing resourceDirectory D:\BackendJava\My_Workspace\Space_Deep\Session05_Spring\spring-to-go\src\test\resources
2025-10-12 10:04:03,036 [Worker-60: Building] INFO  o.a.m.s.f.DefaultMavenResourcesFiltering - skip non existing resourceDirectory D:\BackendJava\My_Workspace\Space_Deep\Session05_Spring\spring-to-go\src\main\resources
2025-10-12 10:04:03,038 [Worker-60: Building] INFO  o.a.m.s.f.DefaultMavenResourcesFiltering - skip non existing resourceDirectory D:\BackendJava\My_Workspace\Space_Deep\Session05_Spring\spring-to-go\src\test\resources
2025-10-12 10:09:06,880 [Worker-62: Building] INFO  o.a.m.s.f.DefaultMavenResourcesFiltering - skip non existing resourceDirectory D:\BackendJava\My_Workspace\Space_Deep\Session05_Spring\spring-to-go\src\main\resources
2025-10-12 10:09:06,881 [Worker-62: Building] INFO  o.a.m.s.f.DefaultMavenResourcesFiltering - skip non existing resourceDirectory D:\BackendJava\My_Workspace\Space_Deep\Session05_Spring\spring-to-go\src\test\resources
2025-10-12 10:12:44,029 [Worker-70: Building] INFO  o.a.m.s.f.DefaultMavenResourcesFiltering - skip non existing resourceDirectory D:\BackendJava\My_Workspace\Space_Deep\Session05_Spring\spring-to-go\src\main\resources
2025-10-12 10:12:44,031 [Worker-70: Building] INFO  o.a.m.s.f.DefaultMavenResourcesFiltering - skip non existing resourceDirectory D:\BackendJava\My_Workspace\Space_Deep\Session05_Spring\spring-to-go\src\test\resources
2025-10-12 10:13:54,276 [Worker-63: Building] INFO  o.a.m.s.f.DefaultMavenResourcesFiltering - skip non existing resourceDirectory D:\BackendJava\My_Workspace\Space_Deep\Session05_Spring\spring-to-go\src\main\resources
2025-10-12 10:13:54,278 [Worker-63: Building] INFO  o.a.m.s.f.DefaultMavenResourcesFiltering - skip non existing resourceDirectory D:\BackendJava\My_Workspace\Space_Deep\Session05_Spring\spring-to-go\src\test\resources
2025-10-12 10:13:58,772 [Worker-63: Launching MainV4] INFO  o.a.m.s.f.DefaultMavenResourcesFiltering - skip non existing resourceDirectory D:\BackendJava\My_Workspace\Space_Deep\Session05_Spring\spring-to-go\src\main\resources
2025-10-12 10:13:58,776 [Worker-63: Launching MainV4] INFO  o.a.m.s.f.DefaultMavenResourcesFiltering - skip non existing resourceDirectory D:\BackendJava\My_Workspace\Space_Deep\Session05_Spring\spring-to-go\src\test\resources
2025-10-12 10:16:21,878 [Worker-76: Building] INFO  o.a.m.s.f.DefaultMavenResourcesFiltering - skip non existing resourceDirectory D:\BackendJava\My_Workspace\Space_Deep\Session05_Spring\spring-to-go\src\main\resources
2025-10-12 10:16:21,880 [Worker-76: Building] INFO  o.a.m.s.f.DefaultMavenResourcesFiltering - skip non existing resourceDirectory D:\BackendJava\My_Workspace\Space_Deep\Session05_Spring\spring-to-go\src\test\resources
2025-10-12 10:32:09,847 [Worker-80: Building] INFO  o.a.m.s.f.DefaultMavenResourcesFiltering - skip non existing resourceDirectory D:\BackendJava\My_Workspace\Space_Deep\Session05_Spring\spring-to-go\src\main\resources
2025-10-12 10:32:09,849 [Worker-80: Building] INFO  o.a.m.s.f.DefaultMavenResourcesFiltering - skip non existing resourceDirectory D:\BackendJava\My_Workspace\Space_Deep\Session05_Spring\spring-to-go\src\test\resources
2025-10-12 10:33:45,994 [Worker-82: Building] INFO  o.a.m.s.f.DefaultMavenResourcesFiltering - skip non existing resourceDirectory D:\BackendJava\My_Workspace\Space_Deep\Session05_Spring\spring-to-go\src\main\resources
2025-10-12 10:33:45,996 [Worker-82: Building] INFO  o.a.m.s.f.DefaultMavenResourcesFiltering - skip non existing resourceDirectory D:\BackendJava\My_Workspace\Space_Deep\Session05_Spring\spring-to-go\src\test\resources
2025-10-12 10:34:06,073 [Worker-83: Building] INFO  o.a.m.s.f.DefaultMavenResourcesFiltering - skip non existing resourceDirectory D:\BackendJava\My_Workspace\Space_Deep\Session05_Spring\spring-to-go\src\main\resources
2025-10-12 10:34:06,075 [Worker-83: Building] INFO  o.a.m.s.f.DefaultMavenResourcesFiltering - skip non existing resourceDirectory D:\BackendJava\My_Workspace\Space_Deep\Session05_Spring\spring-to-go\src\test\resources
2025-10-12 10:35:32,236 [Worker-82: Building] INFO  o.a.m.s.f.DefaultMavenResourcesFiltering - skip non existing resourceDirectory D:\BackendJava\My_Workspace\Space_Deep\Session05_Spring\spring-to-go\src\main\resources
2025-10-12 10:35:32,238 [Worker-82: Building] INFO  o.a.m.s.f.DefaultMavenResourcesFiltering - skip non existing resourceDirectory D:\BackendJava\My_Workspace\Space_Deep\Session05_Spring\spring-to-go\src\test\resources
2025-10-12 10:39:18,174 [Worker-86: Building] INFO  o.a.m.s.f.DefaultMavenResourcesFiltering - skip non existing resourceDirectory D:\BackendJava\My_Workspace\Space_Deep\Session05_Spring\spring-to-go\src\main\resources
2025-10-12 10:39:18,176 [Worker-86: Building] INFO  o.a.m.s.f.DefaultMavenResourcesFiltering - skip non existing resourceDirectory D:\BackendJava\My_Workspace\Space_Deep\Session05_Spring\spring-to-go\src\test\resources
2025-10-12 10:39:41,261 [Worker-83: Building] INFO  o.a.m.s.f.DefaultMavenResourcesFiltering - skip non existing resourceDirectory D:\BackendJava\My_Workspace\Space_Deep\Session05_Spring\spring-to-go\src\main\resources
2025-10-12 10:39:41,262 [Worker-83: Building] INFO  o.a.m.s.f.DefaultMavenResourcesFiltering - skip non existing resourceDirectory D:\BackendJava\My_Workspace\Space_Deep\Session05_Spring\spring-to-go\src\test\resources
2025-10-12 10:40:33,205 [Worker-85: Building] INFO  o.a.m.s.f.DefaultMavenResourcesFiltering - skip non existing resourceDirectory D:\BackendJava\My_Workspace\Space_Deep\Session05_Spring\spring-to-go\src\main\resources
2025-10-12 10:40:33,206 [Worker-85: Building] INFO  o.a.m.s.f.DefaultMavenResourcesFiltering - skip non existing resourceDirectory D:\BackendJava\My_Workspace\Space_Deep\Session05_Spring\spring-to-go\src\test\resources
2025-10-12 10:41:07,406 [Worker-85: Launching MainV4] INFO  o.a.m.s.f.DefaultMavenResourcesFiltering - skip non existing resourceDirectory D:\BackendJava\My_Workspace\Space_Deep\Session05_Spring\spring-to-go\src\main\resources
2025-10-12 10:41:07,411 [Worker-85: Launching MainV4] INFO  o.a.m.s.f.DefaultMavenResourcesFiltering - skip non existing resourceDirectory D:\BackendJava\My_Workspace\Space_Deep\Session05_Spring\spring-to-go\src\test\resources
2025-10-12 10:41:20,896 [Worker-88: Building] INFO  o.a.m.s.f.DefaultMavenResourcesFiltering - skip non existing resourceDirectory D:\BackendJava\My_Workspace\Space_Deep\Session05_Spring\spring-to-go\src\main\resources
2025-10-12 10:41:20,898 [Worker-88: Building] INFO  o.a.m.s.f.DefaultMavenResourcesFiltering - skip non existing resourceDirectory D:\BackendJava\My_Workspace\Space_Deep\Session05_Spring\spring-to-go\src\test\resources
2025-10-12 10:41:37,335 [Worker-81: Building] INFO  o.a.m.s.f.DefaultMavenResourcesFiltering - skip non existing resourceDirectory D:\BackendJava\My_Workspace\Space_Deep\Session05_Spring\spring-to-go\src\main\resources
2025-10-12 10:41:37,338 [Worker-81: Building] INFO  o.a.m.s.f.DefaultMavenResourcesFiltering - skip non existing resourceDirectory D:\BackendJava\My_Workspace\Space_Deep\Session05_Spring\spring-to-go\src\test\resources
2025-10-12 10:41:57,777 [Worker-81: Building] INFO  o.a.m.s.f.DefaultMavenResourcesFiltering - skip non existing resourceDirectory D:\BackendJava\My_Workspace\Space_Deep\Session05_Spring\spring-to-go\src\main\resources
2025-10-12 10:41:57,780 [Worker-81: Building] INFO  o.a.m.s.f.DefaultMavenResourcesFiltering - skip non existing resourceDirectory D:\BackendJava\My_Workspace\Space_Deep\Session05_Spring\spring-to-go\src\test\resources
2025-10-12 10:42:59,820 [Worker-86: Building] INFO  o.a.m.s.f.DefaultMavenResourcesFiltering - skip non existing resourceDirectory D:\BackendJava\My_Workspace\Space_Deep\Session05_Spring\spring-to-go\src\main\resources
2025-10-12 10:42:59,821 [Worker-86: Building] INFO  o.a.m.s.f.DefaultMavenResourcesFiltering - skip non existing resourceDirectory D:\BackendJava\My_Workspace\Space_Deep\Session05_Spring\spring-to-go\src\test\resources
2025-10-12 10:43:53,238 [Worker-87: Building] INFO  o.a.m.s.f.DefaultMavenResourcesFiltering - skip non existing resourceDirectory D:\BackendJava\My_Workspace\Space_Deep\Session05_Spring\spring-to-go\src\main\resources
2025-10-12 10:43:53,239 [Worker-87: Building] INFO  o.a.m.s.f.DefaultMavenResourcesFiltering - skip non existing resourceDirectory D:\BackendJava\My_Workspace\Space_Deep\Session05_Spring\spring-to-go\src\test\resources
2025-10-12 10:44:30,719 [Worker-87: Building] INFO  o.a.m.s.f.DefaultMavenResourcesFiltering - skip non existing resourceDirectory D:\BackendJava\My_Workspace\Space_Deep\Session05_Spring\spring-to-go\src\main\resources
2025-10-12 10:44:30,721 [Worker-87: Building] INFO  o.a.m.s.f.DefaultMavenResourcesFiltering - skip non existing resourceDirectory D:\BackendJava\My_Workspace\Space_Deep\Session05_Spring\spring-to-go\src\test\resources
