2025-10-09 09:08:35,144 [Worker-2: Loading available Gradle versions] INFO  o.e.b.c.i.u.g.PublishedGradleVersions - Gradle version information cache is up-to-date. Trying to read.
2025-10-09 09:09:27,784 [Worker-5: Loading available Gradle versions] INFO  o.e.b.c.i.u.g.PublishedGradleVersions - Gradle version information cache is up-to-date. Trying to read.
2025-10-09 09:12:03,338 [Worker-10: Launching mavenrun-06f8e60b-9e55-48c4-9c98-e3ba5108a12e] INFO  o.eclipse.m2e.core.internal.Bundles - getClasspathEntries(Bundle=org.eclipse.m2e.maven.runtime_3.9.900.20240824-1409 [640])
2025-10-09 09:12:03,340 [Worker-10: Launching mavenrun-06f8e60b-9e55-48c4-9c98-e3ba5108a12e] INFO  o.eclipse.m2e.core.internal.Bundles - 	Entry: C:\Users\PHAN ANH TUAN\.p2\pool\plugins\org.eclipse.m2e.maven.runtime_3.9.900.20240824-1409
2025-10-09 09:12:03,341 [Worker-10: Launching mavenrun-06f8e60b-9e55-48c4-9c98-e3ba5108a12e] INFO  o.eclipse.m2e.core.internal.Bundles - 	Entry: C:\Users\PHAN ANH TUAN\.p2\pool\plugins\org.eclipse.m2e.maven.runtime_3.9.900.20240824-1409\jars\aopalliance-1.0.jar
2025-10-09 09:12:03,341 [Worker-10: Launching mavenrun-06f8e60b-9e55-48c4-9c98-e3ba5108a12e] INFO  o.eclipse.m2e.core.internal.Bundles - 	Entry: C:\Users\PHAN ANH TUAN\.p2\pool\plugins\org.eclipse.m2e.maven.runtime_3.9.900.20240824-1409\jars\guice-5.1.0.jar
2025-10-09 09:12:03,342 [Worker-10: Launching mavenrun-06f8e60b-9e55-48c4-9c98-e3ba5108a12e] INFO  o.eclipse.m2e.core.internal.Bundles - 	Entry: C:\Users\PHAN ANH TUAN\.p2\pool\plugins\org.eclipse.m2e.maven.runtime_3.9.900.20240824-1409\jars\httpclient-4.5.14.jar
2025-10-09 09:12:03,342 [Worker-10: Launching mavenrun-06f8e60b-9e55-48c4-9c98-e3ba5108a12e] INFO  o.eclipse.m2e.core.internal.Bundles - 	Entry: C:\Users\PHAN ANH TUAN\.p2\pool\plugins\org.eclipse.m2e.maven.runtime_3.9.900.20240824-1409\jars\httpcore-4.4.16.jar
2025-10-09 09:12:03,342 [Worker-10: Launching mavenrun-06f8e60b-9e55-48c4-9c98-e3ba5108a12e] INFO  o.eclipse.m2e.core.internal.Bundles - 	Entry: C:\Users\PHAN ANH TUAN\.p2\pool\plugins\org.eclipse.m2e.maven.runtime_3.9.900.20240824-1409\jars\jansi-2.4.1.jar
2025-10-09 09:12:03,342 [Worker-10: Launching mavenrun-06f8e60b-9e55-48c4-9c98-e3ba5108a12e] INFO  o.eclipse.m2e.core.internal.Bundles - 	Entry: C:\Users\PHAN ANH TUAN\.p2\pool\plugins\org.eclipse.m2e.maven.runtime_3.9.900.20240824-1409\jars\jcl-over-slf4j-1.7.36.jar
2025-10-09 09:12:03,342 [Worker-10: Launching mavenrun-06f8e60b-9e55-48c4-9c98-e3ba5108a12e] INFO  o.eclipse.m2e.core.internal.Bundles - 	Entry: C:\Users\PHAN ANH TUAN\.p2\pool\plugins\org.eclipse.m2e.maven.runtime_3.9.900.20240824-1409\jars\maven-artifact-3.9.9.jar
2025-10-09 09:12:03,343 [Worker-10: Launching mavenrun-06f8e60b-9e55-48c4-9c98-e3ba5108a12e] INFO  o.eclipse.m2e.core.internal.Bundles - 	Entry: C:\Users\PHAN ANH TUAN\.p2\pool\plugins\org.eclipse.m2e.maven.runtime_3.9.900.20240824-1409\jars\maven-builder-support-3.9.9.jar
2025-10-09 09:12:03,343 [Worker-10: Launching mavenrun-06f8e60b-9e55-48c4-9c98-e3ba5108a12e] INFO  o.eclipse.m2e.core.internal.Bundles - 	Entry: C:\Users\PHAN ANH TUAN\.p2\pool\plugins\org.eclipse.m2e.maven.runtime_3.9.900.20240824-1409\jars\maven-compat-3.9.9.jar
2025-10-09 09:12:03,343 [Worker-10: Launching mavenrun-06f8e60b-9e55-48c4-9c98-e3ba5108a12e] INFO  o.eclipse.m2e.core.internal.Bundles - 	Entry: C:\Users\PHAN ANH TUAN\.p2\pool\plugins\org.eclipse.m2e.maven.runtime_3.9.900.20240824-1409\jars\maven-core-3.9.9.jar
2025-10-09 09:12:03,343 [Worker-10: Launching mavenrun-06f8e60b-9e55-48c4-9c98-e3ba5108a12e] INFO  o.eclipse.m2e.core.internal.Bundles - 	Entry: C:\Users\PHAN ANH TUAN\.p2\pool\plugins\org.eclipse.m2e.maven.runtime_3.9.900.20240824-1409\jars\maven-embedder-3.9.9.jar
2025-10-09 09:12:03,343 [Worker-10: Launching mavenrun-06f8e60b-9e55-48c4-9c98-e3ba5108a12e] INFO  o.eclipse.m2e.core.internal.Bundles - 	Entry: C:\Users\PHAN ANH TUAN\.p2\pool\plugins\org.eclipse.m2e.maven.runtime_3.9.900.20240824-1409\jars\maven-model-3.9.9.jar
2025-10-09 09:12:03,344 [Worker-10: Launching mavenrun-06f8e60b-9e55-48c4-9c98-e3ba5108a12e] INFO  o.eclipse.m2e.core.internal.Bundles - 	Entry: C:\Users\PHAN ANH TUAN\.p2\pool\plugins\org.eclipse.m2e.maven.runtime_3.9.900.20240824-1409\jars\maven-model-builder-3.9.9.jar
2025-10-09 09:12:03,344 [Worker-10: Launching mavenrun-06f8e60b-9e55-48c4-9c98-e3ba5108a12e] INFO  o.eclipse.m2e.core.internal.Bundles - 	Entry: C:\Users\PHAN ANH TUAN\.p2\pool\plugins\org.eclipse.m2e.maven.runtime_3.9.900.20240824-1409\jars\maven-plugin-api-3.9.9.jar
2025-10-09 09:12:03,344 [Worker-10: Launching mavenrun-06f8e60b-9e55-48c4-9c98-e3ba5108a12e] INFO  o.eclipse.m2e.core.internal.Bundles - 	Entry: C:\Users\PHAN ANH TUAN\.p2\pool\plugins\org.eclipse.m2e.maven.runtime_3.9.900.20240824-1409\jars\maven-repository-metadata-3.9.9.jar
2025-10-09 09:12:03,344 [Worker-10: Launching mavenrun-06f8e60b-9e55-48c4-9c98-e3ba5108a12e] INFO  o.eclipse.m2e.core.internal.Bundles - 	Entry: C:\Users\PHAN ANH TUAN\.p2\pool\plugins\org.eclipse.m2e.maven.runtime_3.9.900.20240824-1409\jars\maven-resolver-api-1.9.22.jar
2025-10-09 09:12:03,345 [Worker-10: Launching mavenrun-06f8e60b-9e55-48c4-9c98-e3ba5108a12e] INFO  o.eclipse.m2e.core.internal.Bundles - 	Entry: C:\Users\PHAN ANH TUAN\.p2\pool\plugins\org.eclipse.m2e.maven.runtime_3.9.900.20240824-1409\jars\maven-resolver-connector-basic-1.9.22.jar
2025-10-09 09:12:03,345 [Worker-10: Launching mavenrun-06f8e60b-9e55-48c4-9c98-e3ba5108a12e] INFO  o.eclipse.m2e.core.internal.Bundles - 	Entry: C:\Users\PHAN ANH TUAN\.p2\pool\plugins\org.eclipse.m2e.maven.runtime_3.9.900.20240824-1409\jars\maven-resolver-impl-1.9.22.jar
2025-10-09 09:12:03,345 [Worker-10: Launching mavenrun-06f8e60b-9e55-48c4-9c98-e3ba5108a12e] INFO  o.eclipse.m2e.core.internal.Bundles - 	Entry: C:\Users\PHAN ANH TUAN\.p2\pool\plugins\org.eclipse.m2e.maven.runtime_3.9.900.20240824-1409\jars\maven-resolver-named-locks-1.9.22.jar
2025-10-09 09:12:03,345 [Worker-10: Launching mavenrun-06f8e60b-9e55-48c4-9c98-e3ba5108a12e] INFO  o.eclipse.m2e.core.internal.Bundles - 	Entry: C:\Users\PHAN ANH TUAN\.p2\pool\plugins\org.eclipse.m2e.maven.runtime_3.9.900.20240824-1409\jars\maven-resolver-provider-3.9.9.jar
2025-10-09 09:12:03,345 [Worker-10: Launching mavenrun-06f8e60b-9e55-48c4-9c98-e3ba5108a12e] INFO  o.eclipse.m2e.core.internal.Bundles - 	Entry: C:\Users\PHAN ANH TUAN\.p2\pool\plugins\org.eclipse.m2e.maven.runtime_3.9.900.20240824-1409\jars\maven-resolver-spi-1.9.22.jar
2025-10-09 09:12:03,345 [Worker-10: Launching mavenrun-06f8e60b-9e55-48c4-9c98-e3ba5108a12e] INFO  o.eclipse.m2e.core.internal.Bundles - 	Entry: C:\Users\PHAN ANH TUAN\.p2\pool\plugins\org.eclipse.m2e.maven.runtime_3.9.900.20240824-1409\jars\maven-resolver-transport-file-1.9.22.jar
2025-10-09 09:12:03,345 [Worker-10: Launching mavenrun-06f8e60b-9e55-48c4-9c98-e3ba5108a12e] INFO  o.eclipse.m2e.core.internal.Bundles - 	Entry: C:\Users\PHAN ANH TUAN\.p2\pool\plugins\org.eclipse.m2e.maven.runtime_3.9.900.20240824-1409\jars\maven-resolver-transport-http-1.9.22.jar
2025-10-09 09:12:03,345 [Worker-10: Launching mavenrun-06f8e60b-9e55-48c4-9c98-e3ba5108a12e] INFO  o.eclipse.m2e.core.internal.Bundles - 	Entry: C:\Users\PHAN ANH TUAN\.p2\pool\plugins\org.eclipse.m2e.maven.runtime_3.9.900.20240824-1409\jars\maven-resolver-transport-wagon-1.9.22.jar
2025-10-09 09:12:03,346 [Worker-10: Launching mavenrun-06f8e60b-9e55-48c4-9c98-e3ba5108a12e] INFO  o.eclipse.m2e.core.internal.Bundles - 	Entry: C:\Users\PHAN ANH TUAN\.p2\pool\plugins\org.eclipse.m2e.maven.runtime_3.9.900.20240824-1409\jars\maven-resolver-util-1.9.22.jar
2025-10-09 09:12:03,346 [Worker-10: Launching mavenrun-06f8e60b-9e55-48c4-9c98-e3ba5108a12e] INFO  o.eclipse.m2e.core.internal.Bundles - 	Entry: C:\Users\PHAN ANH TUAN\.p2\pool\plugins\org.eclipse.m2e.maven.runtime_3.9.900.20240824-1409\jars\maven-settings-3.9.9.jar
2025-10-09 09:12:03,346 [Worker-10: Launching mavenrun-06f8e60b-9e55-48c4-9c98-e3ba5108a12e] INFO  o.eclipse.m2e.core.internal.Bundles - 	Entry: C:\Users\PHAN ANH TUAN\.p2\pool\plugins\org.eclipse.m2e.maven.runtime_3.9.900.20240824-1409\jars\maven-settings-builder-3.9.9.jar
2025-10-09 09:12:03,346 [Worker-10: Launching mavenrun-06f8e60b-9e55-48c4-9c98-e3ba5108a12e] INFO  o.eclipse.m2e.core.internal.Bundles - 	Entry: C:\Users\PHAN ANH TUAN\.p2\pool\plugins\org.eclipse.m2e.maven.runtime_3.9.900.20240824-1409\jars\maven-shared-utils-3.4.2.jar
2025-10-09 09:12:03,346 [Worker-10: Launching mavenrun-06f8e60b-9e55-48c4-9c98-e3ba5108a12e] INFO  o.eclipse.m2e.core.internal.Bundles - 	Entry: C:\Users\PHAN ANH TUAN\.p2\pool\plugins\org.eclipse.m2e.maven.runtime_3.9.900.20240824-1409\jars\org.eclipse.sisu.inject-0.9.0.M3.jar
2025-10-09 09:12:03,346 [Worker-10: Launching mavenrun-06f8e60b-9e55-48c4-9c98-e3ba5108a12e] INFO  o.eclipse.m2e.core.internal.Bundles - 	Entry: C:\Users\PHAN ANH TUAN\.p2\pool\plugins\org.eclipse.m2e.maven.runtime_3.9.900.20240824-1409\jars\org.eclipse.sisu.plexus-0.9.0.M3.jar
2025-10-09 09:12:03,346 [Worker-10: Launching mavenrun-06f8e60b-9e55-48c4-9c98-e3ba5108a12e] INFO  o.eclipse.m2e.core.internal.Bundles - 	Entry: C:\Users\PHAN ANH TUAN\.p2\pool\plugins\org.eclipse.m2e.maven.runtime_3.9.900.20240824-1409\jars\plexus-build-api-0.0.7.jar
2025-10-09 09:12:03,346 [Worker-10: Launching mavenrun-06f8e60b-9e55-48c4-9c98-e3ba5108a12e] INFO  o.eclipse.m2e.core.internal.Bundles - 	Entry: C:\Users\PHAN ANH TUAN\.p2\pool\plugins\org.eclipse.m2e.maven.runtime_3.9.900.20240824-1409\jars\plexus-build-api-1.2.0.jar
2025-10-09 09:12:03,346 [Worker-10: Launching mavenrun-06f8e60b-9e55-48c4-9c98-e3ba5108a12e] INFO  o.eclipse.m2e.core.internal.Bundles - 	Entry: C:\Users\PHAN ANH TUAN\.p2\pool\plugins\org.eclipse.m2e.maven.runtime_3.9.900.20240824-1409\jars\plexus-cipher-2.0.jar
2025-10-09 09:12:03,347 [Worker-10: Launching mavenrun-06f8e60b-9e55-48c4-9c98-e3ba5108a12e] INFO  o.eclipse.m2e.core.internal.Bundles - 	Entry: C:\Users\PHAN ANH TUAN\.p2\pool\plugins\org.eclipse.m2e.maven.runtime_3.9.900.20240824-1409\jars\plexus-classworlds-2.8.0.jar
2025-10-09 09:12:03,347 [Worker-10: Launching mavenrun-06f8e60b-9e55-48c4-9c98-e3ba5108a12e] INFO  o.eclipse.m2e.core.internal.Bundles - 	Entry: C:\Users\PHAN ANH TUAN\.p2\pool\plugins\org.eclipse.m2e.maven.runtime_3.9.900.20240824-1409\jars\plexus-component-annotations-2.1.0.jar
2025-10-09 09:12:03,347 [Worker-10: Launching mavenrun-06f8e60b-9e55-48c4-9c98-e3ba5108a12e] INFO  o.eclipse.m2e.core.internal.Bundles - 	Entry: C:\Users\PHAN ANH TUAN\.p2\pool\plugins\org.eclipse.m2e.maven.runtime_3.9.900.20240824-1409\jars\plexus-interpolation-1.27.jar
2025-10-09 09:12:03,347 [Worker-10: Launching mavenrun-06f8e60b-9e55-48c4-9c98-e3ba5108a12e] INFO  o.eclipse.m2e.core.internal.Bundles - 	Entry: C:\Users\PHAN ANH TUAN\.p2\pool\plugins\org.eclipse.m2e.maven.runtime_3.9.900.20240824-1409\jars\plexus-sec-dispatcher-2.0.jar
2025-10-09 09:12:03,347 [Worker-10: Launching mavenrun-06f8e60b-9e55-48c4-9c98-e3ba5108a12e] INFO  o.eclipse.m2e.core.internal.Bundles - 	Entry: C:\Users\PHAN ANH TUAN\.p2\pool\plugins\org.eclipse.m2e.maven.runtime_3.9.900.20240824-1409\jars\plexus-utils-3.5.1.jar
2025-10-09 09:12:03,347 [Worker-10: Launching mavenrun-06f8e60b-9e55-48c4-9c98-e3ba5108a12e] INFO  o.eclipse.m2e.core.internal.Bundles - 	Entry: C:\Users\PHAN ANH TUAN\.p2\pool\plugins\org.eclipse.m2e.maven.runtime_3.9.900.20240824-1409\jars\plexus-xml-3.0.1.jar
2025-10-09 09:12:03,347 [Worker-10: Launching mavenrun-06f8e60b-9e55-48c4-9c98-e3ba5108a12e] INFO  o.eclipse.m2e.core.internal.Bundles - 	Entry: C:\Users\PHAN ANH TUAN\.p2\pool\plugins\org.eclipse.m2e.maven.runtime_3.9.900.20240824-1409\jars\wagon-file-3.5.3.jar
2025-10-09 09:12:03,347 [Worker-10: Launching mavenrun-06f8e60b-9e55-48c4-9c98-e3ba5108a12e] INFO  o.eclipse.m2e.core.internal.Bundles - 	Entry: C:\Users\PHAN ANH TUAN\.p2\pool\plugins\org.eclipse.m2e.maven.runtime_3.9.900.20240824-1409\jars\wagon-http-3.5.3.jar
2025-10-09 09:12:03,347 [Worker-10: Launching mavenrun-06f8e60b-9e55-48c4-9c98-e3ba5108a12e] INFO  o.eclipse.m2e.core.internal.Bundles - 	Entry: C:\Users\PHAN ANH TUAN\.p2\pool\plugins\org.eclipse.m2e.maven.runtime_3.9.900.20240824-1409\jars\wagon-http-shared-3.5.3.jar
2025-10-09 09:12:03,347 [Worker-10: Launching mavenrun-06f8e60b-9e55-48c4-9c98-e3ba5108a12e] INFO  o.eclipse.m2e.core.internal.Bundles - 	Entry: C:\Users\PHAN ANH TUAN\.p2\pool\plugins\org.eclipse.m2e.maven.runtime_3.9.900.20240824-1409\jars\wagon-provider-api-3.5.3.jar
2025-10-09 09:12:03,348 [Worker-10: Launching mavenrun-06f8e60b-9e55-48c4-9c98-e3ba5108a12e] INFO  o.eclipse.m2e.core.internal.Bundles - getClasspathEntries(Bundle=com.google.guava_33.3.1.jre [1026])
2025-10-09 09:12:03,349 [Worker-10: Launching mavenrun-06f8e60b-9e55-48c4-9c98-e3ba5108a12e] INFO  o.eclipse.m2e.core.internal.Bundles - 	Entry: C:\Users\PHAN ANH TUAN\.p2\pool\plugins\com.google.guava_33.3.1.jre.jar
2025-10-09 09:12:03,349 [Worker-10: Launching mavenrun-06f8e60b-9e55-48c4-9c98-e3ba5108a12e] INFO  o.eclipse.m2e.core.internal.Bundles - getClasspathEntries(Bundle=slf4j.api_2.0.16 [1005])
2025-10-09 09:12:03,349 [Worker-10: Launching mavenrun-06f8e60b-9e55-48c4-9c98-e3ba5108a12e] INFO  o.eclipse.m2e.core.internal.Bundles - 	Entry: C:\Users\PHAN ANH TUAN\.p2\pool\plugins\slf4j.api_2.0.16.jar
2025-10-09 09:12:03,349 [Worker-10: Launching mavenrun-06f8e60b-9e55-48c4-9c98-e3ba5108a12e] INFO  o.eclipse.m2e.core.internal.Bundles - getClasspathEntries(Bundle=jakarta.inject.jakarta.inject-api_1.0.5 [34])
2025-10-09 09:12:03,351 [Worker-10: Launching mavenrun-06f8e60b-9e55-48c4-9c98-e3ba5108a12e] INFO  o.eclipse.m2e.core.internal.Bundles - 	Entry: C:\Users\PHAN ANH TUAN\.p2\pool\plugins\jakarta.inject.jakarta.inject-api_1.0.5.jar
2025-10-09 09:12:03,351 [Worker-10: Launching mavenrun-06f8e60b-9e55-48c4-9c98-e3ba5108a12e] INFO  o.eclipse.m2e.core.internal.Bundles - getClasspathEntries(Bundle=jakarta.annotation-api_1.3.5 [29])
2025-10-09 09:12:03,351 [Worker-10: Launching mavenrun-06f8e60b-9e55-48c4-9c98-e3ba5108a12e] INFO  o.eclipse.m2e.core.internal.Bundles - 	Entry: C:\Users\PHAN ANH TUAN\.p2\pool\plugins\jakarta.annotation-api_1.3.5.jar
2025-10-09 09:12:03,351 [Worker-10: Launching mavenrun-06f8e60b-9e55-48c4-9c98-e3ba5108a12e] INFO  o.eclipse.m2e.core.internal.Bundles - getClasspathEntries(Bundle=org.apache.commons.cli_1.9.0 [78])
2025-10-09 09:12:03,351 [Worker-10: Launching mavenrun-06f8e60b-9e55-48c4-9c98-e3ba5108a12e] INFO  o.eclipse.m2e.core.internal.Bundles - 	Entry: C:\Users\PHAN ANH TUAN\.p2\pool\plugins\org.apache.commons.cli_1.9.0.jar
2025-10-09 09:12:03,351 [Worker-10: Launching mavenrun-06f8e60b-9e55-48c4-9c98-e3ba5108a12e] INFO  o.eclipse.m2e.core.internal.Bundles - getClasspathEntries(Bundle=org.apache.commons.commons-codec_1.16.0 [81])
2025-10-09 09:12:03,351 [Worker-10: Launching mavenrun-06f8e60b-9e55-48c4-9c98-e3ba5108a12e] INFO  o.eclipse.m2e.core.internal.Bundles - 	Entry: C:\Users\PHAN ANH TUAN\.p2\pool\plugins\org.apache.commons.commons-codec_1.16.0.jar
2025-10-09 09:12:03,351 [Worker-10: Launching mavenrun-06f8e60b-9e55-48c4-9c98-e3ba5108a12e] INFO  o.eclipse.m2e.core.internal.Bundles - getClasspathEntries(Bundle=com.google.guava.failureaccess_1.0.2 [17])
2025-10-09 09:12:03,351 [Worker-10: Launching mavenrun-06f8e60b-9e55-48c4-9c98-e3ba5108a12e] INFO  o.eclipse.m2e.core.internal.Bundles - 	Entry: C:\Users\PHAN ANH TUAN\.p2\pool\plugins\com.google.guava.failureaccess_1.0.2.jar
2025-10-09 09:12:03,356 [Worker-10: Launching mavenrun-06f8e60b-9e55-48c4-9c98-e3ba5108a12e] INFO  o.e.m.i.launch.MavenLaunchDelegate - Run build in "C:\Users\PHANAN~1\AppData\Local\Temp\m2e-archetypeGenerator8925466223746120506":
2025-10-09 09:12:03,359 [Worker-10: Launching mavenrun-06f8e60b-9e55-48c4-9c98-e3ba5108a12e] INFO  o.e.m.i.launch.MavenLaunchDelegate -  mvn  -DarchetypeGroupId=org.apache.maven.archetypes -DarchetypeArtifactId=maven-archetype-quickstart -DarchetypeVersion=1.5 -DgroupId=com.jone -DartifactId=di-to-go -Dversion=0.0.1-SNAPSHOT -Dpackage=com.jone.di_to_go -DoutputDirectory=D:\BackendJava\My_Workspace\Space_Deep\Session04_DI.IoC -Dstyle.color=always -U archetype:generate
2025-10-09 09:12:17,962 [Worker-4: Creating maven-archetype-quickstart] INFO  o.e.m.c.i.p.ProjectConfigurationManager - Collecting project info '/pom.xml' D:\BackendJava\My_Workspace\Space_Deep\Session04_DI.IoC\di-to-go\pom.xml
2025-10-09 09:12:20,560 [Worker-4: Creating maven-archetype-quickstart] INFO  o.e.m.c.i.l.LifecycleMappingFactory - Using org.eclipse.m2e.jdt.JarLifecycleMapping lifecycle mapping for MavenProject: com.jone:di-to-go:0.0.1-SNAPSHOT @ D:\BackendJava\My_Workspace\Space_Deep\Session04_DI.IoC\di-to-go\pom.xml.
2025-10-09 09:12:22,381 [Worker-4: Creating maven-archetype-quickstart] INFO  o.e.m.j.i.AbstractJavaProjectConfigurator - Adding source folder /di-to-go/src/main/java
2025-10-09 09:12:22,383 [Worker-4: Creating maven-archetype-quickstart] INFO  o.e.m.j.i.AbstractJavaProjectConfigurator - Adding resource folder /di-to-go/src/main/resources
2025-10-09 09:12:22,401 [Worker-4: Creating maven-archetype-quickstart] INFO  o.e.m.j.i.AbstractJavaProjectConfigurator - Adding source folder /di-to-go/src/test/java
2025-10-09 09:12:22,404 [Worker-4: Creating maven-archetype-quickstart] INFO  o.e.m.j.i.AbstractJavaProjectConfigurator - Adding resource folder /di-to-go/src/test/resources
2025-10-09 09:12:22,770 [Worker-4: Creating maven-archetype-quickstart] INFO  o.e.m.c.i.p.ProjectConfigurationManager - Imported and configured 1 project(s) in 4 sec
2025-10-09 09:12:23,664 [Worker-24: Building] INFO  o.a.m.s.f.DefaultMavenResourcesFiltering - skip non existing resourceDirectory D:\BackendJava\My_Workspace\Space_Deep\Session04_DI.IoC\di-to-go\src\main\resources
2025-10-09 09:12:23,667 [Worker-24: Building] INFO  o.a.m.s.f.DefaultMavenResourcesFiltering - skip non existing resourceDirectory D:\BackendJava\My_Workspace\Space_Deep\Session04_DI.IoC\di-to-go\src\test\resources
2025-10-09 09:12:40,715 [Worker-22: Building] INFO  o.a.m.s.f.DefaultMavenResourcesFiltering - skip non existing resourceDirectory D:\BackendJava\My_Workspace\Space_Deep\Session04_DI.IoC\di-to-go\src\main\resources
2025-10-09 09:12:40,719 [Worker-22: Building] INFO  o.a.m.s.f.DefaultMavenResourcesFiltering - skip non existing resourceDirectory D:\BackendJava\My_Workspace\Space_Deep\Session04_DI.IoC\di-to-go\src\test\resources
2025-10-09 09:13:04,380 [Worker-25: Building] INFO  o.e.m.c.i.l.LifecycleMappingFactory - Using org.eclipse.m2e.jdt.JarLifecycleMapping lifecycle mapping for MavenProject: com.jone:di-to-go:0.0.1-SNAPSHOT @ D:\BackendJava\My_Workspace\Space_Deep\Session04_DI.IoC\di-to-go\pom.xml.
2025-10-09 09:13:04,515 [Worker-25: Building] INFO  o.a.m.s.f.DefaultMavenResourcesFiltering - skip non existing resourceDirectory D:\BackendJava\My_Workspace\Space_Deep\Session04_DI.IoC\di-to-go\src\main\resources
2025-10-09 09:13:04,518 [Worker-25: Building] INFO  o.a.m.s.f.DefaultMavenResourcesFiltering - skip non existing resourceDirectory D:\BackendJava\My_Workspace\Space_Deep\Session04_DI.IoC\di-to-go\src\test\resources
2025-10-09 09:13:04,810 [Worker-25: Updating Maven Project] INFO  o.e.m.c.i.p.ProjectConfigurationManager - Update started
2025-10-09 09:13:04,899 [Worker-25: Updating Maven Project] INFO  o.e.m.c.i.l.LifecycleMappingFactory - Using org.eclipse.m2e.jdt.JarLifecycleMapping lifecycle mapping for MavenProject: com.jone:di-to-go:0.0.1-SNAPSHOT @ D:\BackendJava\My_Workspace\Space_Deep\Session04_DI.IoC\di-to-go\pom.xml.
2025-10-09 09:13:04,942 [Worker-25: Updating Maven Project] INFO  o.e.m.j.i.AbstractJavaProjectConfigurator - Adding source folder /di-to-go/src/main/java
2025-10-09 09:13:04,944 [Worker-25: Updating Maven Project] INFO  o.e.m.j.i.AbstractJavaProjectConfigurator - Adding resource folder /di-to-go/src/main/resources
2025-10-09 09:13:04,944 [Worker-25: Updating Maven Project] INFO  o.e.m.j.i.AbstractJavaProjectConfigurator - Adding source folder /di-to-go/src/test/java
2025-10-09 09:13:04,945 [Worker-25: Updating Maven Project] INFO  o.e.m.j.i.AbstractJavaProjectConfigurator - Adding resource folder /di-to-go/src/test/resources
2025-10-09 09:13:05,091 [Worker-25: Updating Maven Project] INFO  o.e.m.c.i.p.ProjectConfigurationManager - Update completed for 1 poms: local refresh takes 0.00 sec, refresh facades takes 0.00 sec, update config takes 0.00 sec 
2025-10-09 09:13:05,953 [Worker-23: Building] INFO  o.a.m.s.f.DefaultMavenResourcesFiltering - skip non existing resourceDirectory D:\BackendJava\My_Workspace\Space_Deep\Session04_DI.IoC\di-to-go\src\main\resources
2025-10-09 09:13:05,956 [Worker-23: Building] INFO  o.a.m.s.f.DefaultMavenResourcesFiltering - skip non existing resourceDirectory D:\BackendJava\My_Workspace\Space_Deep\Session04_DI.IoC\di-to-go\src\test\resources
2025-10-09 09:13:14,385 [Worker-25: Building] INFO  o.a.m.s.f.DefaultMavenResourcesFiltering - skip non existing resourceDirectory D:\BackendJava\My_Workspace\Space_Deep\Session04_DI.IoC\di-to-go\src\main\resources
2025-10-09 09:13:14,389 [Worker-25: Building] INFO  o.a.m.s.f.DefaultMavenResourcesFiltering - skip non existing resourceDirectory D:\BackendJava\My_Workspace\Space_Deep\Session04_DI.IoC\di-to-go\src\test\resources
2025-10-09 09:44:21,576 [Worker-10: Building] INFO  o.a.m.s.f.DefaultMavenResourcesFiltering - skip non existing resourceDirectory D:\BackendJava\My_Workspace\Space_Deep\Session04_DI.IoC\di-to-go\src\main\resources
2025-10-09 09:44:21,581 [Worker-10: Building] INFO  o.a.m.s.f.DefaultMavenResourcesFiltering - skip non existing resourceDirectory D:\BackendJava\My_Workspace\Space_Deep\Session04_DI.IoC\di-to-go\src\test\resources
2025-10-09 09:45:26,703 [Worker-29: Building] INFO  o.a.m.s.f.DefaultMavenResourcesFiltering - skip non existing resourceDirectory D:\BackendJava\My_Workspace\Space_Deep\Session04_DI.IoC\di-to-go\src\main\resources
2025-10-09 09:45:26,710 [Worker-29: Building] INFO  o.a.m.s.f.DefaultMavenResourcesFiltering - skip non existing resourceDirectory D:\BackendJava\My_Workspace\Space_Deep\Session04_DI.IoC\di-to-go\src\test\resources
2025-10-09 09:45:43,420 [Worker-29: Building] INFO  o.a.m.s.f.DefaultMavenResourcesFiltering - skip non existing resourceDirectory D:\BackendJava\My_Workspace\Space_Deep\Session04_DI.IoC\di-to-go\src\main\resources
2025-10-09 09:45:43,426 [Worker-29: Building] INFO  o.a.m.s.f.DefaultMavenResourcesFiltering - skip non existing resourceDirectory D:\BackendJava\My_Workspace\Space_Deep\Session04_DI.IoC\di-to-go\src\test\resources
2025-10-09 09:45:53,230 [Worker-10: Building] INFO  o.a.m.s.f.DefaultMavenResourcesFiltering - skip non existing resourceDirectory D:\BackendJava\My_Workspace\Space_Deep\Session04_DI.IoC\di-to-go\src\main\resources
2025-10-09 09:45:53,238 [Worker-10: Building] INFO  o.a.m.s.f.DefaultMavenResourcesFiltering - skip non existing resourceDirectory D:\BackendJava\My_Workspace\Space_Deep\Session04_DI.IoC\di-to-go\src\test\resources
2025-10-09 09:47:17,948 [Worker-10: Building] INFO  o.a.m.s.f.DefaultMavenResourcesFiltering - skip non existing resourceDirectory D:\BackendJava\My_Workspace\Space_Deep\Session04_DI.IoC\di-to-go\src\main\resources
2025-10-09 09:47:17,950 [Worker-10: Building] INFO  o.a.m.s.f.DefaultMavenResourcesFiltering - skip non existing resourceDirectory D:\BackendJava\My_Workspace\Space_Deep\Session04_DI.IoC\di-to-go\src\test\resources
2025-10-09 09:47:31,159 [Worker-32: Building] INFO  o.a.m.s.f.DefaultMavenResourcesFiltering - skip non existing resourceDirectory D:\BackendJava\My_Workspace\Space_Deep\Session04_DI.IoC\di-to-go\src\main\resources
2025-10-09 09:47:31,165 [Worker-32: Building] INFO  o.a.m.s.f.DefaultMavenResourcesFiltering - skip non existing resourceDirectory D:\BackendJava\My_Workspace\Space_Deep\Session04_DI.IoC\di-to-go\src\test\resources
2025-10-09 10:09:07,682 [Worker-42: Building] INFO  o.a.m.s.f.DefaultMavenResourcesFiltering - skip non existing resourceDirectory D:\BackendJava\My_Workspace\Space_Deep\Session04_DI.IoC\di-to-go\src\main\resources
2025-10-09 10:09:07,684 [Worker-42: Building] INFO  o.a.m.s.f.DefaultMavenResourcesFiltering - skip non existing resourceDirectory D:\BackendJava\My_Workspace\Space_Deep\Session04_DI.IoC\di-to-go\src\test\resources
2025-10-09 10:09:09,900 [Worker-42: Building] INFO  o.a.m.s.f.DefaultMavenResourcesFiltering - skip non existing resourceDirectory D:\BackendJava\My_Workspace\Space_Deep\Session04_DI.IoC\di-to-go\src\main\resources
2025-10-09 10:09:09,901 [Worker-42: Building] INFO  o.a.m.s.f.DefaultMavenResourcesFiltering - skip non existing resourceDirectory D:\BackendJava\My_Workspace\Space_Deep\Session04_DI.IoC\di-to-go\src\test\resources
2025-10-09 10:11:26,673 [Worker-50: Building] INFO  o.a.m.s.f.DefaultMavenResourcesFiltering - skip non existing resourceDirectory D:\BackendJava\My_Workspace\Space_Deep\Session04_DI.IoC\di-to-go\src\main\resources
2025-10-09 10:11:26,680 [Worker-50: Building] INFO  o.a.m.s.f.DefaultMavenResourcesFiltering - skip non existing resourceDirectory D:\BackendJava\My_Workspace\Space_Deep\Session04_DI.IoC\di-to-go\src\test\resources
2025-10-09 10:40:14,536 [Worker-37: Building] INFO  o.a.m.s.f.DefaultMavenResourcesFiltering - skip non existing resourceDirectory D:\BackendJava\My_Workspace\Space_Deep\Session04_DI.IoC\di-to-go\src\main\resources
2025-10-09 10:40:14,538 [Worker-37: Building] INFO  o.a.m.s.f.DefaultMavenResourcesFiltering - skip non existing resourceDirectory D:\BackendJava\My_Workspace\Space_Deep\Session04_DI.IoC\di-to-go\src\test\resources
2025-10-09 10:43:03,436 [Worker-53: Building] INFO  o.a.m.s.f.DefaultMavenResourcesFiltering - skip non existing resourceDirectory D:\BackendJava\My_Workspace\Space_Deep\Session04_DI.IoC\di-to-go\src\main\resources
2025-10-09 10:43:03,439 [Worker-53: Building] INFO  o.a.m.s.f.DefaultMavenResourcesFiltering - skip non existing resourceDirectory D:\BackendJava\My_Workspace\Space_Deep\Session04_DI.IoC\di-to-go\src\test\resources
2025-10-09 14:06:44,167 [Worker-1: Loading available Gradle versions] INFO  o.e.b.c.i.u.g.PublishedGradleVersions - Gradle version information cache is up-to-date. Trying to read.
2025-10-09 15:12:25,523 [Worker-35: Building] INFO  o.a.m.s.f.DefaultMavenResourcesFiltering - skip non existing resourceDirectory D:\BackendJava\My_Workspace\Space_Deep\Session04_DI.IoC\di-to-go\src\main\resources
2025-10-09 15:12:25,540 [Worker-35: Building] INFO  o.a.m.s.f.DefaultMavenResourcesFiltering - skip non existing resourceDirectory D:\BackendJava\My_Workspace\Space_Deep\Session04_DI.IoC\di-to-go\src\test\resources
2025-10-09 15:12:35,335 [Worker-37: Building] INFO  o.a.m.s.f.DefaultMavenResourcesFiltering - skip non existing resourceDirectory D:\BackendJava\My_Workspace\Space_Deep\Session04_DI.IoC\di-to-go\src\main\resources
2025-10-09 15:12:35,340 [Worker-37: Building] INFO  o.a.m.s.f.DefaultMavenResourcesFiltering - skip non existing resourceDirectory D:\BackendJava\My_Workspace\Space_Deep\Session04_DI.IoC\di-to-go\src\test\resources
2025-10-09 15:13:12,487 [Worker-36: Building] INFO  o.a.m.s.f.DefaultMavenResourcesFiltering - skip non existing resourceDirectory D:\BackendJava\My_Workspace\Space_Deep\Session04_DI.IoC\di-to-go\src\main\resources
2025-10-09 15:13:12,493 [Worker-36: Building] INFO  o.a.m.s.f.DefaultMavenResourcesFiltering - skip non existing resourceDirectory D:\BackendJava\My_Workspace\Space_Deep\Session04_DI.IoC\di-to-go\src\test\resources
2025-10-09 15:13:24,014 [Worker-37: Building] INFO  o.a.m.s.f.DefaultMavenResourcesFiltering - skip non existing resourceDirectory D:\BackendJava\My_Workspace\Space_Deep\Session04_DI.IoC\di-to-go\src\main\resources
2025-10-09 15:13:24,017 [Worker-37: Building] INFO  o.a.m.s.f.DefaultMavenResourcesFiltering - skip non existing resourceDirectory D:\BackendJava\My_Workspace\Space_Deep\Session04_DI.IoC\di-to-go\src\test\resources
2025-10-09 15:14:38,136 [Worker-35: Building] INFO  o.a.m.s.f.DefaultMavenResourcesFiltering - skip non existing resourceDirectory D:\BackendJava\My_Workspace\Space_Deep\Session04_DI.IoC\di-to-go\src\main\resources
2025-10-09 15:14:38,145 [Worker-35: Building] INFO  o.a.m.s.f.DefaultMavenResourcesFiltering - skip non existing resourceDirectory D:\BackendJava\My_Workspace\Space_Deep\Session04_DI.IoC\di-to-go\src\test\resources
2025-10-09 15:16:10,397 [Worker-33: Building] INFO  o.a.m.s.f.DefaultMavenResourcesFiltering - skip non existing resourceDirectory D:\BackendJava\My_Workspace\Space_Deep\Session04_DI.IoC\di-to-go\src\main\resources
2025-10-09 15:16:10,399 [Worker-33: Building] INFO  o.a.m.s.f.DefaultMavenResourcesFiltering - skip non existing resourceDirectory D:\BackendJava\My_Workspace\Space_Deep\Session04_DI.IoC\di-to-go\src\test\resources
2025-10-09 15:38:39,124 [Worker-41: Building] INFO  o.a.m.s.f.DefaultMavenResourcesFiltering - skip non existing resourceDirectory D:\BackendJava\My_Workspace\Space_Deep\Session04_DI.IoC\di-to-go\src\main\resources
2025-10-09 15:38:39,129 [Worker-41: Building] INFO  o.a.m.s.f.DefaultMavenResourcesFiltering - skip non existing resourceDirectory D:\BackendJava\My_Workspace\Space_Deep\Session04_DI.IoC\di-to-go\src\test\resources
2025-10-09 15:41:49,509 [Worker-42: Building] INFO  o.a.m.s.f.DefaultMavenResourcesFiltering - skip non existing resourceDirectory D:\BackendJava\My_Workspace\Space_Deep\Session04_DI.IoC\di-to-go\src\main\resources
2025-10-09 15:41:49,514 [Worker-42: Building] INFO  o.a.m.s.f.DefaultMavenResourcesFiltering - skip non existing resourceDirectory D:\BackendJava\My_Workspace\Space_Deep\Session04_DI.IoC\di-to-go\src\test\resources
2025-10-09 15:42:00,545 [Worker-42: Launching MainDIV1] INFO  o.a.m.s.f.DefaultMavenResourcesFiltering - skip non existing resourceDirectory D:\BackendJava\My_Workspace\Space_Deep\Session04_DI.IoC\di-to-go\src\main\resources
2025-10-09 15:42:00,550 [Worker-42: Launching MainDIV1] INFO  o.a.m.s.f.DefaultMavenResourcesFiltering - skip non existing resourceDirectory D:\BackendJava\My_Workspace\Space_Deep\Session04_DI.IoC\di-to-go\src\test\resources
2025-10-09 15:48:10,246 [Worker-43: Building] INFO  o.a.m.s.f.DefaultMavenResourcesFiltering - skip non existing resourceDirectory D:\BackendJava\My_Workspace\Space_Deep\Session04_DI.IoC\di-to-go\src\main\resources
2025-10-09 15:48:10,252 [Worker-43: Building] INFO  o.a.m.s.f.DefaultMavenResourcesFiltering - skip non existing resourceDirectory D:\BackendJava\My_Workspace\Space_Deep\Session04_DI.IoC\di-to-go\src\test\resources
2025-10-09 15:58:54,761 [Worker-50: Building] INFO  o.a.m.s.f.DefaultMavenResourcesFiltering - skip non existing resourceDirectory D:\BackendJava\My_Workspace\Space_Deep\Session04_DI.IoC\di-to-go\src\main\resources
2025-10-09 15:58:54,763 [Worker-50: Building] INFO  o.a.m.s.f.DefaultMavenResourcesFiltering - skip non existing resourceDirectory D:\BackendJava\My_Workspace\Space_Deep\Session04_DI.IoC\di-to-go\src\test\resources
2025-10-09 16:23:16,582 [Worker-57: Building] INFO  o.a.m.s.f.DefaultMavenResourcesFiltering - skip non existing resourceDirectory D:\BackendJava\My_Workspace\Space_Deep\Session04_DI.IoC\di-to-go\src\main\resources
2025-10-09 16:23:16,596 [Worker-57: Building] INFO  o.a.m.s.f.DefaultMavenResourcesFiltering - skip non existing resourceDirectory D:\BackendJava\My_Workspace\Space_Deep\Session04_DI.IoC\di-to-go\src\test\resources
2025-10-09 16:23:26,200 [Worker-54: Building] INFO  o.a.m.s.f.DefaultMavenResourcesFiltering - skip non existing resourceDirectory D:\BackendJava\My_Workspace\Space_Deep\Session04_DI.IoC\di-to-go\src\main\resources
2025-10-09 16:23:26,208 [Worker-54: Building] INFO  o.a.m.s.f.DefaultMavenResourcesFiltering - skip non existing resourceDirectory D:\BackendJava\My_Workspace\Space_Deep\Session04_DI.IoC\di-to-go\src\test\resources
2025-10-09 16:23:36,204 [Worker-59: Building] INFO  o.a.m.s.f.DefaultMavenResourcesFiltering - skip non existing resourceDirectory D:\BackendJava\My_Workspace\Space_Deep\Session04_DI.IoC\di-to-go\src\main\resources
2025-10-09 16:23:36,208 [Worker-59: Building] INFO  o.a.m.s.f.DefaultMavenResourcesFiltering - skip non existing resourceDirectory D:\BackendJava\My_Workspace\Space_Deep\Session04_DI.IoC\di-to-go\src\test\resources
2025-10-09 16:23:43,976 [Worker-54: Building] INFO  o.a.m.s.f.DefaultMavenResourcesFiltering - skip non existing resourceDirectory D:\BackendJava\My_Workspace\Space_Deep\Session04_DI.IoC\di-to-go\src\main\resources
2025-10-09 16:23:43,980 [Worker-54: Building] INFO  o.a.m.s.f.DefaultMavenResourcesFiltering - skip non existing resourceDirectory D:\BackendJava\My_Workspace\Space_Deep\Session04_DI.IoC\di-to-go\src\test\resources
2025-10-09 16:24:10,139 [Worker-57: Building] INFO  o.a.m.s.f.DefaultMavenResourcesFiltering - skip non existing resourceDirectory D:\BackendJava\My_Workspace\Space_Deep\Session04_DI.IoC\di-to-go\src\main\resources
2025-10-09 16:24:10,143 [Worker-57: Building] INFO  o.a.m.s.f.DefaultMavenResourcesFiltering - skip non existing resourceDirectory D:\BackendJava\My_Workspace\Space_Deep\Session04_DI.IoC\di-to-go\src\test\resources
2025-10-09 16:30:19,168 [Worker-54: Building] INFO  o.a.m.s.f.DefaultMavenResourcesFiltering - skip non existing resourceDirectory D:\BackendJava\My_Workspace\Space_Deep\Session04_DI.IoC\di-to-go\src\main\resources
2025-10-09 16:30:19,171 [Worker-54: Building] INFO  o.a.m.s.f.DefaultMavenResourcesFiltering - skip non existing resourceDirectory D:\BackendJava\My_Workspace\Space_Deep\Session04_DI.IoC\di-to-go\src\test\resources
2025-10-09 17:15:06,172 [Worker-67: Building] INFO  o.a.m.s.f.DefaultMavenResourcesFiltering - skip non existing resourceDirectory D:\BackendJava\My_Workspace\Space_Deep\Session04_DI.IoC\di-to-go\src\main\resources
2025-10-09 17:15:06,179 [Worker-67: Building] INFO  o.a.m.s.f.DefaultMavenResourcesFiltering - skip non existing resourceDirectory D:\BackendJava\My_Workspace\Space_Deep\Session04_DI.IoC\di-to-go\src\test\resources
2025-10-10 08:40:42,955 [Worker-0: Loading available Gradle versions] INFO  o.e.b.c.i.u.g.PublishedGradleVersions - Gradle version information cache is out-of-date. Trying to update.
2025-10-10 09:19:32,531 [Worker-30: Building] INFO  o.a.m.s.f.DefaultMavenResourcesFiltering - skip non existing resourceDirectory D:\BackendJava\My_Workspace\Space_Deep\Session04_DI.IoC\di-to-go\src\main\resources
2025-10-10 09:19:32,539 [Worker-30: Building] INFO  o.a.m.s.f.DefaultMavenResourcesFiltering - skip non existing resourceDirectory D:\BackendJava\My_Workspace\Space_Deep\Session04_DI.IoC\di-to-go\src\test\resources
2025-10-10 09:22:07,427 [Worker-36: Building] INFO  o.a.m.s.f.DefaultMavenResourcesFiltering - skip non existing resourceDirectory D:\BackendJava\My_Workspace\Space_Deep\Session04_DI.IoC\di-to-go\src\main\resources
2025-10-10 09:22:07,430 [Worker-36: Building] INFO  o.a.m.s.f.DefaultMavenResourcesFiltering - skip non existing resourceDirectory D:\BackendJava\My_Workspace\Space_Deep\Session04_DI.IoC\di-to-go\src\test\resources
2025-10-10 09:23:49,219 [Worker-30: Building] INFO  o.a.m.s.f.DefaultMavenResourcesFiltering - skip non existing resourceDirectory D:\BackendJava\My_Workspace\Space_Deep\Session04_DI.IoC\di-to-go\src\main\resources
2025-10-10 09:23:49,221 [Worker-30: Building] INFO  o.a.m.s.f.DefaultMavenResourcesFiltering - skip non existing resourceDirectory D:\BackendJava\My_Workspace\Space_Deep\Session04_DI.IoC\di-to-go\src\test\resources
2025-10-10 09:52:26,266 [Worker-40: Launching MainDIV2] INFO  o.a.m.s.f.DefaultMavenResourcesFiltering - skip non existing resourceDirectory D:\BackendJava\My_Workspace\Space_Deep\Session04_DI.IoC\di-to-go\src\main\resources
2025-10-10 09:52:26,270 [Worker-40: Launching MainDIV2] INFO  o.a.m.s.f.DefaultMavenResourcesFiltering - skip non existing resourceDirectory D:\BackendJava\My_Workspace\Space_Deep\Session04_DI.IoC\di-to-go\src\test\resources
2025-10-10 09:56:24,146 [Worker-48: Building] INFO  o.a.m.s.f.DefaultMavenResourcesFiltering - skip non existing resourceDirectory D:\BackendJava\My_Workspace\Space_Deep\Session04_DI.IoC\di-to-go\src\main\resources
2025-10-10 09:56:24,148 [Worker-48: Building] INFO  o.a.m.s.f.DefaultMavenResourcesFiltering - skip non existing resourceDirectory D:\BackendJava\My_Workspace\Space_Deep\Session04_DI.IoC\di-to-go\src\test\resources
2025-10-10 09:56:27,295 [Worker-47: Building] INFO  o.a.m.s.f.DefaultMavenResourcesFiltering - skip non existing resourceDirectory D:\BackendJava\My_Workspace\Space_Deep\Session04_DI.IoC\di-to-go\src\main\resources
2025-10-10 09:56:27,297 [Worker-47: Building] INFO  o.a.m.s.f.DefaultMavenResourcesFiltering - skip non existing resourceDirectory D:\BackendJava\My_Workspace\Space_Deep\Session04_DI.IoC\di-to-go\src\test\resources
2025-10-10 09:57:36,225 [Worker-48: Building] INFO  o.a.m.s.f.DefaultMavenResourcesFiltering - skip non existing resourceDirectory D:\BackendJava\My_Workspace\Space_Deep\Session04_DI.IoC\di-to-go\src\main\resources
2025-10-10 09:57:36,228 [Worker-48: Building] INFO  o.a.m.s.f.DefaultMavenResourcesFiltering - skip non existing resourceDirectory D:\BackendJava\My_Workspace\Space_Deep\Session04_DI.IoC\di-to-go\src\test\resources
2025-10-10 09:59:14,769 [Worker-46: Building] INFO  o.a.m.s.f.DefaultMavenResourcesFiltering - skip non existing resourceDirectory D:\BackendJava\My_Workspace\Space_Deep\Session04_DI.IoC\di-to-go\src\main\resources
2025-10-10 09:59:14,771 [Worker-46: Building] INFO  o.a.m.s.f.DefaultMavenResourcesFiltering - skip non existing resourceDirectory D:\BackendJava\My_Workspace\Space_Deep\Session04_DI.IoC\di-to-go\src\test\resources
2025-10-10 10:08:23,819 [Worker-48: Building] INFO  o.a.m.s.f.DefaultMavenResourcesFiltering - skip non existing resourceDirectory D:\BackendJava\My_Workspace\Space_Deep\Session04_DI.IoC\di-to-go\src\main\resources
2025-10-10 10:08:23,821 [Worker-48: Building] INFO  o.a.m.s.f.DefaultMavenResourcesFiltering - skip non existing resourceDirectory D:\BackendJava\My_Workspace\Space_Deep\Session04_DI.IoC\di-to-go\src\test\resources
2025-10-10 10:09:41,824 [Worker-42: Building] INFO  o.a.m.s.f.DefaultMavenResourcesFiltering - skip non existing resourceDirectory D:\BackendJava\My_Workspace\Space_Deep\Session04_DI.IoC\di-to-go\src\main\resources
2025-10-10 10:09:41,826 [Worker-42: Building] INFO  o.a.m.s.f.DefaultMavenResourcesFiltering - skip non existing resourceDirectory D:\BackendJava\My_Workspace\Space_Deep\Session04_DI.IoC\di-to-go\src\test\resources
2025-10-10 13:38:28,000 [Worker-1: Loading available Gradle versions] INFO  o.e.b.c.i.u.g.PublishedGradleVersions - Gradle version information cache is up-to-date. Trying to read.
2025-10-10 13:39:33,742 [Worker-14: Building] INFO  o.a.m.s.f.DefaultMavenResourcesFiltering - skip non existing resourceDirectory D:\BackendJava\My_Workspace\Space_Deep\Session04_DI.IoC\di-to-go\src\main\resources
2025-10-10 13:39:33,747 [Worker-14: Building] INFO  o.a.m.s.f.DefaultMavenResourcesFiltering - skip non existing resourceDirectory D:\BackendJava\My_Workspace\Space_Deep\Session04_DI.IoC\di-to-go\src\test\resources
2025-10-10 13:39:43,451 [Worker-14: Building] INFO  o.a.m.s.f.DefaultMavenResourcesFiltering - skip non existing resourceDirectory D:\BackendJava\My_Workspace\Space_Deep\Session04_DI.IoC\di-to-go\src\main\resources
2025-10-10 13:39:43,457 [Worker-14: Building] INFO  o.a.m.s.f.DefaultMavenResourcesFiltering - skip non existing resourceDirectory D:\BackendJava\My_Workspace\Space_Deep\Session04_DI.IoC\di-to-go\src\test\resources
2025-10-10 13:39:59,735 [Worker-3: Building] INFO  o.a.m.s.f.DefaultMavenResourcesFiltering - skip non existing resourceDirectory D:\BackendJava\My_Workspace\Space_Deep\Session04_DI.IoC\di-to-go\src\main\resources
2025-10-10 13:39:59,750 [Worker-3: Building] INFO  o.a.m.s.f.DefaultMavenResourcesFiltering - skip non existing resourceDirectory D:\BackendJava\My_Workspace\Space_Deep\Session04_DI.IoC\di-to-go\src\test\resources
2025-10-10 13:40:16,902 [Worker-7: Building] INFO  o.a.m.s.f.DefaultMavenResourcesFiltering - skip non existing resourceDirectory D:\BackendJava\My_Workspace\Space_Deep\Session04_DI.IoC\di-to-go\src\main\resources
2025-10-10 13:40:16,905 [Worker-7: Building] INFO  o.a.m.s.f.DefaultMavenResourcesFiltering - skip non existing resourceDirectory D:\BackendJava\My_Workspace\Space_Deep\Session04_DI.IoC\di-to-go\src\test\resources
2025-10-10 13:40:25,163 [Worker-9: Building] INFO  o.a.m.s.f.DefaultMavenResourcesFiltering - skip non existing resourceDirectory D:\BackendJava\My_Workspace\Space_Deep\Session04_DI.IoC\di-to-go\src\main\resources
2025-10-10 13:40:25,167 [Worker-9: Building] INFO  o.a.m.s.f.DefaultMavenResourcesFiltering - skip non existing resourceDirectory D:\BackendJava\My_Workspace\Space_Deep\Session04_DI.IoC\di-to-go\src\test\resources
2025-10-10 13:40:37,302 [Worker-0: Building] INFO  o.a.m.s.f.DefaultMavenResourcesFiltering - skip non existing resourceDirectory D:\BackendJava\My_Workspace\Space_Deep\Session04_DI.IoC\di-to-go\src\main\resources
2025-10-10 13:40:37,307 [Worker-0: Building] INFO  o.a.m.s.f.DefaultMavenResourcesFiltering - skip non existing resourceDirectory D:\BackendJava\My_Workspace\Space_Deep\Session04_DI.IoC\di-to-go\src\test\resources
2025-10-10 13:41:06,043 [Worker-10: Building] INFO  o.a.m.s.f.DefaultMavenResourcesFiltering - skip non existing resourceDirectory D:\BackendJava\My_Workspace\Space_Deep\Session04_DI.IoC\di-to-go\src\main\resources
2025-10-10 13:41:06,045 [Worker-10: Building] INFO  o.a.m.s.f.DefaultMavenResourcesFiltering - skip non existing resourceDirectory D:\BackendJava\My_Workspace\Space_Deep\Session04_DI.IoC\di-to-go\src\test\resources
2025-10-10 13:41:37,018 [Worker-16: Building] INFO  o.a.m.s.f.DefaultMavenResourcesFiltering - skip non existing resourceDirectory D:\BackendJava\My_Workspace\Space_Deep\Session04_DI.IoC\di-to-go\src\main\resources
2025-10-10 13:41:37,020 [Worker-16: Building] INFO  o.a.m.s.f.DefaultMavenResourcesFiltering - skip non existing resourceDirectory D:\BackendJava\My_Workspace\Space_Deep\Session04_DI.IoC\di-to-go\src\test\resources
2025-10-10 13:42:45,462 [Worker-2: Building] INFO  o.a.m.s.f.DefaultMavenResourcesFiltering - skip non existing resourceDirectory D:\BackendJava\My_Workspace\Space_Deep\Session04_DI.IoC\di-to-go\src\main\resources
2025-10-10 13:42:45,464 [Worker-2: Building] INFO  o.a.m.s.f.DefaultMavenResourcesFiltering - skip non existing resourceDirectory D:\BackendJava\My_Workspace\Space_Deep\Session04_DI.IoC\di-to-go\src\test\resources
2025-10-10 13:44:02,383 [Worker-10: Building] INFO  o.a.m.s.f.DefaultMavenResourcesFiltering - skip non existing resourceDirectory D:\BackendJava\My_Workspace\Space_Deep\Session04_DI.IoC\di-to-go\src\main\resources
2025-10-10 13:44:02,385 [Worker-10: Building] INFO  o.a.m.s.f.DefaultMavenResourcesFiltering - skip non existing resourceDirectory D:\BackendJava\My_Workspace\Space_Deep\Session04_DI.IoC\di-to-go\src\test\resources
2025-10-10 13:45:53,493 [Worker-7: Building] INFO  o.a.m.s.f.DefaultMavenResourcesFiltering - skip non existing resourceDirectory D:\BackendJava\My_Workspace\Space_Deep\Session04_DI.IoC\di-to-go\src\main\resources
2025-10-10 13:45:53,494 [Worker-7: Building] INFO  o.a.m.s.f.DefaultMavenResourcesFiltering - skip non existing resourceDirectory D:\BackendJava\My_Workspace\Space_Deep\Session04_DI.IoC\di-to-go\src\test\resources
2025-10-10 13:48:38,240 [Worker-9: Building] INFO  o.a.m.s.f.DefaultMavenResourcesFiltering - skip non existing resourceDirectory D:\BackendJava\My_Workspace\Space_Deep\Session04_DI.IoC\di-to-go\src\main\resources
2025-10-10 13:48:38,243 [Worker-9: Building] INFO  o.a.m.s.f.DefaultMavenResourcesFiltering - skip non existing resourceDirectory D:\BackendJava\My_Workspace\Space_Deep\Session04_DI.IoC\di-to-go\src\test\resources
2025-10-10 13:51:53,436 [Worker-17: Building] INFO  o.a.m.s.f.DefaultMavenResourcesFiltering - skip non existing resourceDirectory D:\BackendJava\My_Workspace\Space_Deep\Session04_DI.IoC\di-to-go\src\main\resources
2025-10-10 13:51:53,438 [Worker-17: Building] INFO  o.a.m.s.f.DefaultMavenResourcesFiltering - skip non existing resourceDirectory D:\BackendJava\My_Workspace\Space_Deep\Session04_DI.IoC\di-to-go\src\test\resources
2025-10-10 13:53:27,421 [Worker-9: Building] INFO  o.a.m.s.f.DefaultMavenResourcesFiltering - skip non existing resourceDirectory D:\BackendJava\My_Workspace\Space_Deep\Session04_DI.IoC\di-to-go\src\main\resources
2025-10-10 13:53:27,427 [Worker-9: Building] INFO  o.a.m.s.f.DefaultMavenResourcesFiltering - skip non existing resourceDirectory D:\BackendJava\My_Workspace\Space_Deep\Session04_DI.IoC\di-to-go\src\test\resources
2025-10-10 13:58:08,423 [Worker-10: Building] INFO  o.a.m.s.f.DefaultMavenResourcesFiltering - skip non existing resourceDirectory D:\BackendJava\My_Workspace\Space_Deep\Session04_DI.IoC\di-to-go\src\main\resources
2025-10-10 13:58:08,425 [Worker-10: Building] INFO  o.a.m.s.f.DefaultMavenResourcesFiltering - skip non existing resourceDirectory D:\BackendJava\My_Workspace\Space_Deep\Session04_DI.IoC\di-to-go\src\test\resources
2025-10-10 13:58:38,024 [Worker-9: Building] INFO  o.a.m.s.f.DefaultMavenResourcesFiltering - skip non existing resourceDirectory D:\BackendJava\My_Workspace\Space_Deep\Session04_DI.IoC\di-to-go\src\main\resources
2025-10-10 13:58:38,025 [Worker-9: Building] INFO  o.a.m.s.f.DefaultMavenResourcesFiltering - skip non existing resourceDirectory D:\BackendJava\My_Workspace\Space_Deep\Session04_DI.IoC\di-to-go\src\test\resources
2025-10-10 14:02:15,465 [Worker-25: Building] INFO  o.a.m.s.f.DefaultMavenResourcesFiltering - skip non existing resourceDirectory D:\BackendJava\My_Workspace\Space_Deep\Session04_DI.IoC\di-to-go\src\main\resources
2025-10-10 14:02:15,466 [Worker-25: Building] INFO  o.a.m.s.f.DefaultMavenResourcesFiltering - skip non existing resourceDirectory D:\BackendJava\My_Workspace\Space_Deep\Session04_DI.IoC\di-to-go\src\test\resources
2025-10-10 14:02:16,997 [Worker-21: Building] INFO  o.a.m.s.f.DefaultMavenResourcesFiltering - skip non existing resourceDirectory D:\BackendJava\My_Workspace\Space_Deep\Session04_DI.IoC\di-to-go\src\main\resources
2025-10-10 14:02:16,999 [Worker-21: Building] INFO  o.a.m.s.f.DefaultMavenResourcesFiltering - skip non existing resourceDirectory D:\BackendJava\My_Workspace\Space_Deep\Session04_DI.IoC\di-to-go\src\test\resources
2025-10-10 14:07:48,976 [Worker-15: Building] INFO  o.a.m.s.f.DefaultMavenResourcesFiltering - skip non existing resourceDirectory D:\BackendJava\My_Workspace\Space_Deep\Session04_DI.IoC\di-to-go\src\main\resources
2025-10-10 14:07:48,979 [Worker-15: Building] INFO  o.a.m.s.f.DefaultMavenResourcesFiltering - skip non existing resourceDirectory D:\BackendJava\My_Workspace\Space_Deep\Session04_DI.IoC\di-to-go\src\test\resources
2025-10-10 14:09:38,796 [Worker-21: Building] INFO  o.a.m.s.f.DefaultMavenResourcesFiltering - skip non existing resourceDirectory D:\BackendJava\My_Workspace\Space_Deep\Session04_DI.IoC\di-to-go\src\main\resources
2025-10-10 14:09:38,799 [Worker-21: Building] INFO  o.a.m.s.f.DefaultMavenResourcesFiltering - skip non existing resourceDirectory D:\BackendJava\My_Workspace\Space_Deep\Session04_DI.IoC\di-to-go\src\test\resources
2025-10-10 14:16:04,296 [Worker-25: Building] INFO  o.a.m.s.f.DefaultMavenResourcesFiltering - skip non existing resourceDirectory D:\BackendJava\My_Workspace\Space_Deep\Session04_DI.IoC\di-to-go\src\main\resources
2025-10-10 14:16:04,298 [Worker-25: Building] INFO  o.a.m.s.f.DefaultMavenResourcesFiltering - skip non existing resourceDirectory D:\BackendJava\My_Workspace\Space_Deep\Session04_DI.IoC\di-to-go\src\test\resources
2025-10-10 14:19:14,420 [Worker-31: Building] INFO  o.a.m.s.f.DefaultMavenResourcesFiltering - skip non existing resourceDirectory D:\BackendJava\My_Workspace\Space_Deep\Session04_DI.IoC\di-to-go\src\main\resources
2025-10-10 14:19:14,424 [Worker-31: Building] INFO  o.a.m.s.f.DefaultMavenResourcesFiltering - skip non existing resourceDirectory D:\BackendJava\My_Workspace\Space_Deep\Session04_DI.IoC\di-to-go\src\test\resources
2025-10-10 14:19:55,129 [Worker-27: Building] INFO  o.a.m.s.f.DefaultMavenResourcesFiltering - skip non existing resourceDirectory D:\BackendJava\My_Workspace\Space_Deep\Session04_DI.IoC\di-to-go\src\main\resources
2025-10-10 14:19:55,131 [Worker-27: Building] INFO  o.a.m.s.f.DefaultMavenResourcesFiltering - skip non existing resourceDirectory D:\BackendJava\My_Workspace\Space_Deep\Session04_DI.IoC\di-to-go\src\test\resources
2025-10-10 14:20:14,214 [Worker-27: Building] INFO  o.a.m.s.f.DefaultMavenResourcesFiltering - skip non existing resourceDirectory D:\BackendJava\My_Workspace\Space_Deep\Session04_DI.IoC\di-to-go\src\main\resources
2025-10-10 14:20:14,215 [Worker-27: Building] INFO  o.a.m.s.f.DefaultMavenResourcesFiltering - skip non existing resourceDirectory D:\BackendJava\My_Workspace\Space_Deep\Session04_DI.IoC\di-to-go\src\test\resources
2025-10-10 14:23:07,131 [Worker-25: Building] INFO  o.a.m.s.f.DefaultMavenResourcesFiltering - skip non existing resourceDirectory D:\BackendJava\My_Workspace\Space_Deep\Session04_DI.IoC\di-to-go\src\main\resources
2025-10-10 14:23:07,132 [Worker-25: Building] INFO  o.a.m.s.f.DefaultMavenResourcesFiltering - skip non existing resourceDirectory D:\BackendJava\My_Workspace\Space_Deep\Session04_DI.IoC\di-to-go\src\test\resources
2025-10-10 14:24:33,608 [Worker-33: Building] INFO  o.a.m.s.f.DefaultMavenResourcesFiltering - skip non existing resourceDirectory D:\BackendJava\My_Workspace\Space_Deep\Session04_DI.IoC\di-to-go\src\main\resources
2025-10-10 14:24:33,610 [Worker-33: Building] INFO  o.a.m.s.f.DefaultMavenResourcesFiltering - skip non existing resourceDirectory D:\BackendJava\My_Workspace\Space_Deep\Session04_DI.IoC\di-to-go\src\test\resources
2025-10-10 14:32:12,770 [Worker-38: Building] INFO  o.a.m.s.f.DefaultMavenResourcesFiltering - skip non existing resourceDirectory D:\BackendJava\My_Workspace\Space_Deep\Session04_DI.IoC\di-to-go\src\main\resources
2025-10-10 14:32:12,773 [Worker-38: Building] INFO  o.a.m.s.f.DefaultMavenResourcesFiltering - skip non existing resourceDirectory D:\BackendJava\My_Workspace\Space_Deep\Session04_DI.IoC\di-to-go\src\test\resources
2025-10-10 14:32:40,002 [Worker-37: Building] INFO  o.a.m.s.f.DefaultMavenResourcesFiltering - skip non existing resourceDirectory D:\BackendJava\My_Workspace\Space_Deep\Session04_DI.IoC\di-to-go\src\main\resources
2025-10-10 14:32:40,003 [Worker-37: Building] INFO  o.a.m.s.f.DefaultMavenResourcesFiltering - skip non existing resourceDirectory D:\BackendJava\My_Workspace\Space_Deep\Session04_DI.IoC\di-to-go\src\test\resources
2025-10-10 14:33:05,179 [Worker-35: Building] INFO  o.a.m.s.f.DefaultMavenResourcesFiltering - skip non existing resourceDirectory D:\BackendJava\My_Workspace\Space_Deep\Session04_DI.IoC\di-to-go\src\main\resources
2025-10-10 14:33:05,181 [Worker-35: Building] INFO  o.a.m.s.f.DefaultMavenResourcesFiltering - skip non existing resourceDirectory D:\BackendJava\My_Workspace\Space_Deep\Session04_DI.IoC\di-to-go\src\test\resources
2025-10-10 14:33:13,058 [Worker-39: Building] INFO  o.a.m.s.f.DefaultMavenResourcesFiltering - skip non existing resourceDirectory D:\BackendJava\My_Workspace\Space_Deep\Session04_DI.IoC\di-to-go\src\main\resources
2025-10-10 14:33:13,060 [Worker-39: Building] INFO  o.a.m.s.f.DefaultMavenResourcesFiltering - skip non existing resourceDirectory D:\BackendJava\My_Workspace\Space_Deep\Session04_DI.IoC\di-to-go\src\test\resources
2025-10-10 14:34:00,171 [Worker-36: Building] INFO  o.a.m.s.f.DefaultMavenResourcesFiltering - skip non existing resourceDirectory D:\BackendJava\My_Workspace\Space_Deep\Session04_DI.IoC\di-to-go\src\main\resources
2025-10-10 14:34:00,172 [Worker-36: Building] INFO  o.a.m.s.f.DefaultMavenResourcesFiltering - skip non existing resourceDirectory D:\BackendJava\My_Workspace\Space_Deep\Session04_DI.IoC\di-to-go\src\test\resources
2025-10-10 14:34:23,139 [Worker-38: Building] INFO  o.a.m.s.f.DefaultMavenResourcesFiltering - skip non existing resourceDirectory D:\BackendJava\My_Workspace\Space_Deep\Session04_DI.IoC\di-to-go\src\main\resources
2025-10-10 14:34:23,141 [Worker-38: Building] INFO  o.a.m.s.f.DefaultMavenResourcesFiltering - skip non existing resourceDirectory D:\BackendJava\My_Workspace\Space_Deep\Session04_DI.IoC\di-to-go\src\test\resources
2025-10-10 14:35:03,288 [Worker-40: Building] INFO  o.a.m.s.f.DefaultMavenResourcesFiltering - skip non existing resourceDirectory D:\BackendJava\My_Workspace\Space_Deep\Session04_DI.IoC\di-to-go\src\main\resources
2025-10-10 14:35:03,289 [Worker-40: Building] INFO  o.a.m.s.f.DefaultMavenResourcesFiltering - skip non existing resourceDirectory D:\BackendJava\My_Workspace\Space_Deep\Session04_DI.IoC\di-to-go\src\test\resources
2025-10-10 14:36:14,275 [Worker-36: Building] INFO  o.a.m.s.f.DefaultMavenResourcesFiltering - skip non existing resourceDirectory D:\BackendJava\My_Workspace\Space_Deep\Session04_DI.IoC\di-to-go\src\main\resources
2025-10-10 14:36:14,276 [Worker-36: Building] INFO  o.a.m.s.f.DefaultMavenResourcesFiltering - skip non existing resourceDirectory D:\BackendJava\My_Workspace\Space_Deep\Session04_DI.IoC\di-to-go\src\test\resources
2025-10-10 14:36:30,743 [Worker-37: Building] INFO  o.a.m.s.f.DefaultMavenResourcesFiltering - skip non existing resourceDirectory D:\BackendJava\My_Workspace\Space_Deep\Session04_DI.IoC\di-to-go\src\main\resources
2025-10-10 14:36:30,744 [Worker-37: Building] INFO  o.a.m.s.f.DefaultMavenResourcesFiltering - skip non existing resourceDirectory D:\BackendJava\My_Workspace\Space_Deep\Session04_DI.IoC\di-to-go\src\test\resources
2025-10-10 14:37:36,358 [Worker-35: Building] INFO  o.a.m.s.f.DefaultMavenResourcesFiltering - skip non existing resourceDirectory D:\BackendJava\My_Workspace\Space_Deep\Session04_DI.IoC\di-to-go\src\main\resources
2025-10-10 14:37:36,359 [Worker-35: Building] INFO  o.a.m.s.f.DefaultMavenResourcesFiltering - skip non existing resourceDirectory D:\BackendJava\My_Workspace\Space_Deep\Session04_DI.IoC\di-to-go\src\test\resources
2025-10-10 14:38:29,713 [Worker-38: Building] INFO  o.a.m.s.f.DefaultMavenResourcesFiltering - skip non existing resourceDirectory D:\BackendJava\My_Workspace\Space_Deep\Session04_DI.IoC\di-to-go\src\main\resources
2025-10-10 14:38:29,715 [Worker-38: Building] INFO  o.a.m.s.f.DefaultMavenResourcesFiltering - skip non existing resourceDirectory D:\BackendJava\My_Workspace\Space_Deep\Session04_DI.IoC\di-to-go\src\test\resources
2025-10-10 14:39:30,531 [Worker-37: Building] INFO  o.a.m.s.f.DefaultMavenResourcesFiltering - skip non existing resourceDirectory D:\BackendJava\My_Workspace\Space_Deep\Session04_DI.IoC\di-to-go\src\main\resources
2025-10-10 14:39:30,532 [Worker-37: Building] INFO  o.a.m.s.f.DefaultMavenResourcesFiltering - skip non existing resourceDirectory D:\BackendJava\My_Workspace\Space_Deep\Session04_DI.IoC\di-to-go\src\test\resources
2025-10-10 14:40:06,522 [Worker-35: Building] INFO  o.a.m.s.f.DefaultMavenResourcesFiltering - skip non existing resourceDirectory D:\BackendJava\My_Workspace\Space_Deep\Session04_DI.IoC\di-to-go\src\main\resources
2025-10-10 14:40:06,524 [Worker-35: Building] INFO  o.a.m.s.f.DefaultMavenResourcesFiltering - skip non existing resourceDirectory D:\BackendJava\My_Workspace\Space_Deep\Session04_DI.IoC\di-to-go\src\test\resources
2025-10-10 14:40:30,307 [Worker-37: Launching MainV3] INFO  o.a.m.s.f.DefaultMavenResourcesFiltering - skip non existing resourceDirectory D:\BackendJava\My_Workspace\Space_Deep\Session04_DI.IoC\di-to-go\src\main\resources
2025-10-10 14:40:30,313 [Worker-37: Launching MainV3] INFO  o.a.m.s.f.DefaultMavenResourcesFiltering - skip non existing resourceDirectory D:\BackendJava\My_Workspace\Space_Deep\Session04_DI.IoC\di-to-go\src\test\resources
2025-10-10 14:40:56,986 [Worker-35: Launching MainV3] INFO  o.a.m.s.f.DefaultMavenResourcesFiltering - skip non existing resourceDirectory D:\BackendJava\My_Workspace\Space_Deep\Session04_DI.IoC\di-to-go\src\main\resources
2025-10-10 14:40:56,991 [Worker-35: Launching MainV3] INFO  o.a.m.s.f.DefaultMavenResourcesFiltering - skip non existing resourceDirectory D:\BackendJava\My_Workspace\Space_Deep\Session04_DI.IoC\di-to-go\src\test\resources
2025-10-10 14:46:57,030 [Worker-38: Building] INFO  o.a.m.s.f.DefaultMavenResourcesFiltering - skip non existing resourceDirectory D:\BackendJava\My_Workspace\Space_Deep\Session04_DI.IoC\di-to-go\src\main\resources
2025-10-10 14:46:57,033 [Worker-38: Building] INFO  o.a.m.s.f.DefaultMavenResourcesFiltering - skip non existing resourceDirectory D:\BackendJava\My_Workspace\Space_Deep\Session04_DI.IoC\di-to-go\src\test\resources
2025-10-10 14:47:19,515 [Worker-35: Building] INFO  o.a.m.s.f.DefaultMavenResourcesFiltering - skip non existing resourceDirectory D:\BackendJava\My_Workspace\Space_Deep\Session04_DI.IoC\di-to-go\src\main\resources
2025-10-10 14:47:19,517 [Worker-35: Building] INFO  o.a.m.s.f.DefaultMavenResourcesFiltering - skip non existing resourceDirectory D:\BackendJava\My_Workspace\Space_Deep\Session04_DI.IoC\di-to-go\src\test\resources
2025-10-10 14:47:33,302 [Worker-41: Building] INFO  o.a.m.s.f.DefaultMavenResourcesFiltering - skip non existing resourceDirectory D:\BackendJava\My_Workspace\Space_Deep\Session04_DI.IoC\di-to-go\src\main\resources
2025-10-10 14:47:33,304 [Worker-41: Building] INFO  o.a.m.s.f.DefaultMavenResourcesFiltering - skip non existing resourceDirectory D:\BackendJava\My_Workspace\Space_Deep\Session04_DI.IoC\di-to-go\src\test\resources
2025-10-10 14:47:43,545 [Worker-35: Building] INFO  o.a.m.s.f.DefaultMavenResourcesFiltering - skip non existing resourceDirectory D:\BackendJava\My_Workspace\Space_Deep\Session04_DI.IoC\di-to-go\src\main\resources
2025-10-10 14:47:43,547 [Worker-35: Building] INFO  o.a.m.s.f.DefaultMavenResourcesFiltering - skip non existing resourceDirectory D:\BackendJava\My_Workspace\Space_Deep\Session04_DI.IoC\di-to-go\src\test\resources
2025-10-10 14:48:18,203 [Worker-35: Building] INFO  o.a.m.s.f.DefaultMavenResourcesFiltering - skip non existing resourceDirectory D:\BackendJava\My_Workspace\Space_Deep\Session04_DI.IoC\di-to-go\src\main\resources
2025-10-10 14:48:18,204 [Worker-35: Building] INFO  o.a.m.s.f.DefaultMavenResourcesFiltering - skip non existing resourceDirectory D:\BackendJava\My_Workspace\Space_Deep\Session04_DI.IoC\di-to-go\src\test\resources
2025-10-10 14:53:54,480 [Worker-35: Building] INFO  o.a.m.s.f.DefaultMavenResourcesFiltering - skip non existing resourceDirectory D:\BackendJava\My_Workspace\Space_Deep\Session04_DI.IoC\di-to-go\src\main\resources
2025-10-10 14:53:54,482 [Worker-35: Building] INFO  o.a.m.s.f.DefaultMavenResourcesFiltering - skip non existing resourceDirectory D:\BackendJava\My_Workspace\Space_Deep\Session04_DI.IoC\di-to-go\src\test\resources
2025-10-10 14:59:19,438 [Worker-41: Building] INFO  o.a.m.s.f.DefaultMavenResourcesFiltering - skip non existing resourceDirectory D:\BackendJava\My_Workspace\Space_Deep\Session04_DI.IoC\di-to-go\src\main\resources
2025-10-10 14:59:19,443 [Worker-41: Building] INFO  o.a.m.s.f.DefaultMavenResourcesFiltering - skip non existing resourceDirectory D:\BackendJava\My_Workspace\Space_Deep\Session04_DI.IoC\di-to-go\src\test\resources
2025-10-10 15:00:37,581 [Worker-41: Building] INFO  o.a.m.s.f.DefaultMavenResourcesFiltering - skip non existing resourceDirectory D:\BackendJava\My_Workspace\Space_Deep\Session04_DI.IoC\di-to-go\src\main\resources
2025-10-10 15:00:37,583 [Worker-41: Building] INFO  o.a.m.s.f.DefaultMavenResourcesFiltering - skip non existing resourceDirectory D:\BackendJava\My_Workspace\Space_Deep\Session04_DI.IoC\di-to-go\src\test\resources
